  <xaif:CallGraph xmlns:xsi="http://www.w3.org/2001/XMLSchema-instance" xmlns:xaif="http://www.mcs.anl.gov/XAIF" xsi:schemaLocation="http://www.mcs.anl.gov/XAIF ../xaif.xsd" program_name="Example 2" prefix="GetRidOfThisDefault">
    <xaif:ScopeHierarchy>
      <xaif:Scope vertex_id="1" annotation="">
        <xaif:SymbolTable>
          <xaif:Symbol symbol_id="head" kind="subroutine" type="void" shape="scalar" annotation="" active="1" temp="0"/>
        </xaif:SymbolTable>
      </xaif:Scope>
      <xaif:Scope vertex_id="2" annotation="">
        <xaif:SymbolTable>
          <xaif:Symbol symbol_id="x" kind="variable" type="real" shape="scalar" annotation="" active="1" temp="0"/>
          <xaif:Symbol symbol_id="y" kind="variable" type="real" shape="scalar" annotation="" active="1" temp="0"/>
        </xaif:SymbolTable>
      </xaif:Scope>
      <xaif:ScopeEdge edge_id="1" source="2" target="1"/>
    </xaif:ScopeHierarchy>
    <xaif:AliasSetList>
    </xaif:AliasSetList>
    <xaif:ControlFlowGraph vertex_id="1" symbol_id="head" scope_id="1" annotation="" active="1">
      <xaif:ArgumentList>
        <xaif:ArgumentSymbolReference position="2" symbol_id="x" scope_id="2" active="1" intent="inout"/>
        <xaif:ArgumentSymbolReference position="3" symbol_id="y" scope_id="2" active="1" intent="inout"/>
      </xaif:ArgumentList>
      <xaif:Entry vertex_id="1" annotation=""/>
      <xaif:Label vertex_id="2" annotation=""/>
      <xaif:BasicBlock vertex_id="3" annotation="" scope_id="2">
        <xaif:Assignment statement_id="1" active="1">
          <xaif:AssignmentLHS active="true" deriv="0">
            <xaif:SymbolReference vertex_id="1" symbol_id="y" scope_id="2"/>
          </xaif:AssignmentLHS>
          <xaif:AssignmentRHS>
            <xaif:VariableReference vertex_id="1" active="true" deriv="0">
              <xaif:SymbolReference vertex_id="1" symbol_id="x" scope_id="2"/>
            </xaif:VariableReference>
            <xaif:Constant vertex_id="2" type="integer" value="1"/>
            <xaif:Intrinsic vertex_id="3" name="add_scal_scal"/>
            <xaif:ExpressionEdge edge_id="1" source="1" target="3" position="1"/>
            <xaif:ExpressionEdge edge_id="2" source="2" target="3" position="2"/>
          </xaif:AssignmentRHS>
        </xaif:Assignment>
      </xaif:BasicBlock>
      <xaif:Branch vertex_id="4" annotation="">
        <xaif:Condition>
          <xaif:BooleanOperation vertex_id="1" name="less_than"/>
          <xaif:VariableReference vertex_id="2" active="true" deriv="0">
            <xaif:SymbolReference vertex_id="1" symbol_id="y" scope_id="2"/>
          </xaif:VariableReference>
          <xaif:VariableReference vertex_id="3" active="true" deriv="0">
            <xaif:SymbolReference vertex_id="1" symbol_id="x" scope_id="2"/>
          </xaif:VariableReference>
          <xaif:ExpressionEdge edge_id="1" source="2" target="1" position="1"/>
          <xaif:ExpressionEdge edge_id="2" source="3" target="1" position="2"/>
        </xaif:Condition>
      </xaif:Branch>
      <xaif:Goto vertex_id="5" annotation=""/>
      <xaif:EndBranch vertex_id="6" annotation=""/>
      <xaif:Exit vertex_id="7" annotation=""/>
      <xaif:ControlFlowEdge edge_id="1" source="1" target="2"/>
      <xaif:ControlFlowEdge edge_id="2" source="2" target="3"/>
      <xaif:ControlFlowEdge edge_id="3" source="3" target="4"/>
      <xaif:ControlFlowEdge edge_id="4" source="4" target="5"/>
      <xaif:ControlFlowEdge edge_id="5" source="4" target="6"/>
      <xaif:ControlFlowEdge edge_id="6" source="5" target="2"/>
      <xaif:ControlFlowEdge edge_id="7" source="6" target="7"/>
    </xaif:ControlFlowGraph>
  </xaif:CallGraph>
