  <xaif:CallGraph xmlns:xsi="http://www.w3.org/2001/XMLSchema-instance" xmlns:xaif="http://www.mcs.anl.gov/XAIF" xsi:schemaLocation="http://www.mcs.anl.gov/XAIF xaif_output.xsd" program_name="Example 3" prefix="test_prefix">
    <xaif:ScopeHierarchy>
      <xaif:Scope vertex_id="1" annotation="">
        <xaif:SymbolTable>
          <xaif:Symbol symbol_id="head" kind="subroutine" type="void" feType="" shape="scalar" annotation="" active="1" temp="0">
          </xaif:Symbol>
          <xaif:Symbol symbol_id="my_add" kind="subroutine" type="void" feType="" shape="scalar" annotation="" active="1" temp="0">
          </xaif:Symbol>
          <xaif:Symbol symbol_id="test_prefixSymbol_0" kind="variable" type="real" feType="" shape="scalar" annotation="" active="0" temp="1">
          </xaif:Symbol>
          <xaif:Symbol symbol_id="test_prefixSymbol_1" kind="variable" type="real" feType="" shape="scalar" annotation="" active="0" temp="1">
          </xaif:Symbol>
          <xaif:Symbol symbol_id="test_prefixSymbol_10" kind="variable" type="real" feType="" shape="scalar" annotation="" active="0" temp="1">
          </xaif:Symbol>
          <xaif:Symbol symbol_id="test_prefixSymbol_11" kind="variable" type="real" feType="" shape="scalar" annotation="" active="0" temp="1">
          </xaif:Symbol>
          <xaif:Symbol symbol_id="test_prefixSymbol_12" kind="variable" type="real" feType="" shape="scalar" annotation="" active="0" temp="1">
          </xaif:Symbol>
          <xaif:Symbol symbol_id="test_prefixSymbol_13" kind="variable" type="real" feType="" shape="scalar" annotation="" active="1" temp="1">
          </xaif:Symbol>
          <xaif:Symbol symbol_id="test_prefixSymbol_14" kind="variable" type="real" feType="" shape="scalar" annotation="" active="0" temp="1">
          </xaif:Symbol>
          <xaif:Symbol symbol_id="test_prefixSymbol_15" kind="variable" type="real" feType="" shape="scalar" annotation="" active="1" temp="1">
          </xaif:Symbol>
          <xaif:Symbol symbol_id="test_prefixSymbol_16" kind="variable" type="real" feType="" shape="scalar" annotation="" active="0" temp="1">
          </xaif:Symbol>
          <xaif:Symbol symbol_id="test_prefixSymbol_17" kind="variable" type="real" feType="" shape="scalar" annotation="" active="1" temp="1">
          </xaif:Symbol>
          <xaif:Symbol symbol_id="test_prefixSymbol_18" kind="variable" type="real" feType="" shape="scalar" annotation="" active="0" temp="1">
          </xaif:Symbol>
          <xaif:Symbol symbol_id="test_prefixSymbol_19" kind="variable" type="real" feType="" shape="scalar" annotation="" active="1" temp="1">
          </xaif:Symbol>
          <xaif:Symbol symbol_id="test_prefixSymbol_2" kind="variable" type="real" feType="" shape="scalar" annotation="" active="0" temp="1">
          </xaif:Symbol>
          <xaif:Symbol symbol_id="test_prefixSymbol_20" kind="variable" type="real" feType="" shape="scalar" annotation="" active="0" temp="1">
          </xaif:Symbol>
          <xaif:Symbol symbol_id="test_prefixSymbol_21" kind="variable" type="real" feType="" shape="scalar" annotation="" active="1" temp="1">
          </xaif:Symbol>
          <xaif:Symbol symbol_id="test_prefixSymbol_22" kind="variable" type="real" feType="" shape="scalar" annotation="" active="0" temp="1">
          </xaif:Symbol>
          <xaif:Symbol symbol_id="test_prefixSymbol_23" kind="variable" type="real" feType="" shape="scalar" annotation="" active="1" temp="1">
          </xaif:Symbol>
          <xaif:Symbol symbol_id="test_prefixSymbol_3" kind="variable" type="real" feType="" shape="scalar" annotation="" active="0" temp="1">
          </xaif:Symbol>
          <xaif:Symbol symbol_id="test_prefixSymbol_4" kind="variable" type="real" feType="" shape="scalar" annotation="" active="0" temp="1">
          </xaif:Symbol>
          <xaif:Symbol symbol_id="test_prefixSymbol_5" kind="variable" type="real" feType="" shape="scalar" annotation="" active="0" temp="1">
          </xaif:Symbol>
          <xaif:Symbol symbol_id="test_prefixSymbol_6" kind="variable" type="real" feType="" shape="scalar" annotation="" active="0" temp="1">
          </xaif:Symbol>
          <xaif:Symbol symbol_id="test_prefixSymbol_7" kind="variable" type="real" feType="" shape="scalar" annotation="" active="0" temp="1">
          </xaif:Symbol>
          <xaif:Symbol symbol_id="test_prefixSymbol_8" kind="variable" type="real" feType="" shape="scalar" annotation="" active="0" temp="1">
          </xaif:Symbol>
          <xaif:Symbol symbol_id="test_prefixSymbol_9" kind="variable" type="real" feType="" shape="scalar" annotation="" active="0" temp="1">
          </xaif:Symbol>
        </xaif:SymbolTable>
      </xaif:Scope>
      <xaif:Scope vertex_id="2" annotation="">
        <xaif:SymbolTable>
          <xaif:Symbol symbol_id="i" kind="variable" type="integer" feType="" shape="scalar" annotation="" active="0" temp="0">
          </xaif:Symbol>
          <xaif:Symbol symbol_id="t1" kind="variable" type="real" feType="" shape="scalar" annotation="" active="1" temp="0">
          </xaif:Symbol>
          <xaif:Symbol symbol_id="t2" kind="variable" type="real" feType="" shape="scalar" annotation="" active="1" temp="0">
          </xaif:Symbol>
          <xaif:Symbol symbol_id="x" kind="variable" type="real" feType="" shape="scalar" annotation="" active="1" temp="0">
          </xaif:Symbol>
          <xaif:Symbol symbol_id="y" kind="variable" type="real" feType="" shape="scalar" annotation="" active="1" temp="0">
          </xaif:Symbol>
        </xaif:SymbolTable>
      </xaif:Scope>
      <xaif:Scope vertex_id="3" annotation="">
        <xaif:SymbolTable>
          <xaif:Symbol symbol_id="u1" kind="variable" type="real" feType="" shape="scalar" annotation="" active="1" temp="0">
          </xaif:Symbol>
          <xaif:Symbol symbol_id="u2" kind="variable" type="real" feType="" shape="scalar" annotation="" active="1" temp="0">
          </xaif:Symbol>
          <xaif:Symbol symbol_id="v" kind="variable" type="real" feType="" shape="scalar" annotation="" active="1" temp="0">
          </xaif:Symbol>
        </xaif:SymbolTable>
      </xaif:Scope>
      <xaif:ScopeEdge edge_id="1" source="2" target="1"/>
      <xaif:ScopeEdge edge_id="2" source="3" target="1"/>
    </xaif:ScopeHierarchy>
    <xaif:AliasSetMap>
      <xaif:AliasSet key="0">
        <xaif:AliasRange from_virtual_address="1" to_virtual_address="1" partial="1"/>
      </xaif:AliasSet>
    </xaif:AliasSetMap>
    <xaif:DUUDSetMap>
      <xaif:StmtIdSet key="0">
      </xaif:StmtIdSet>
    </xaif:DUUDSetMap>
    <xaif:DOSetMap>
      <xaif:StmtIdSet key="0">
      </xaif:StmtIdSet>
    </xaif:DOSetMap>
    <xaif:ControlFlowGraph vertex_id="1" symbol_id="head" scope_id="1" controlflowgraph_scope_id="2" annotation="" active="1">
      <xaif:ArgumentList>
        <xaif:ArgumentSymbolReference position="1" symbol_id="x" scope_id="2" annotation="" intent="inout"/>
        <xaif:ArgumentSymbolReference position="2" symbol_id="y" scope_id="2" annotation="" intent="inout"/>
      </xaif:ArgumentList>
      <xaif:Entry vertex_id="1" annotation=""/>
      <xaif:ForLoop vertex_id="2" annotation="" reversal="anonymous">
        <xaif:Initialization statement_id="fi">
          <xaif:AssignmentLHS active="false" deriv="0" constant="0">
            <xaif:SymbolReference vertex_id="1" symbol_id="i" annotation="" scope_id="2"/>
          </xaif:AssignmentLHS>
          <xaif:AssignmentRHS>
            <xaif:Constant vertex_id="1" type="integer" feType="" value="1"/>
          </xaif:AssignmentRHS>
        </xaif:Initialization>
        <xaif:Condition>
          <xaif:BooleanOperation vertex_id="1" name="less_or_equal"/>
          <xaif:VariableReference vertex_id="2" active="false" deriv="0" constant="0">
            <xaif:SymbolReference vertex_id="1" symbol_id="i" annotation="" scope_id="2"/>
          </xaif:VariableReference>
          <xaif:Constant vertex_id="3" type="integer" feType="" value="11"/>
          <xaif:ExpressionEdge edge_id="1" source="2" target="1" position="1"/>
          <xaif:ExpressionEdge edge_id="2" source="3" target="1" position="2"/>
        </xaif:Condition>
        <xaif:Update statement_id="fu">
          <xaif:AssignmentLHS active="false" deriv="0" constant="0">
            <xaif:SymbolReference vertex_id="1" symbol_id="i" annotation="" scope_id="2"/>
          </xaif:AssignmentLHS>
          <xaif:AssignmentRHS>
            <xaif:Intrinsic vertex_id="1" annotation="" name="add_scal_scal"/>
            <xaif:VariableReference vertex_id="2" active="false" deriv="0" constant="0">
              <xaif:SymbolReference vertex_id="1" symbol_id="i" annotation="" scope_id="2"/>
            </xaif:VariableReference>
            <xaif:Constant vertex_id="3" type="integer" feType="" value="1"/>
            <xaif:ExpressionEdge edge_id="1" source="2" target="1" position="1"/>
            <xaif:ExpressionEdge edge_id="2" source="3" target="1" position="2"/>
          </xaif:AssignmentRHS>
        </xaif:Update>
      </xaif:ForLoop>
      <xaif:BasicBlock vertex_id="3" annotation="" scope_id="2">
        <xaif:Assignment statement_id="_replacement_1_for_sage_1">
          <xaif:AssignmentLHS active="false" deriv="0" constant="0">
            <xaif:SymbolReference vertex_id="1" symbol_id="test_prefixSymbol_1" annotation="xaifBoosterLinearization::ExpressionVertexAlg::makeAuxilliaryVariable" scope_id="1"/>
          </xaif:AssignmentLHS>
          <xaif:AssignmentRHS>
            <xaif:Intrinsic vertex_id="2" annotation="" name="sin_scal"/>
            <xaif:VariableReference vertex_id="1" active="true" deriv="0" constant="0">
              <xaif:SymbolReference vertex_id="1" symbol_id="x" annotation="" scope_id="2"/>
            </xaif:VariableReference>
            <xaif:ExpressionEdge edge_id="1" source="1" target="2" position="1"/>
          </xaif:AssignmentRHS>
        </xaif:Assignment>
        <xaif:Assignment statement_id="_replacement_2_for_sage_1">
          <xaif:AssignmentLHS active="false" deriv="0" constant="0">
            <xaif:SymbolReference vertex_id="1" symbol_id="test_prefixSymbol_4" annotation="xaifBoosterLinearization::AssignmentAlg::makeSSACodeList" scope_id="1"/>
          </xaif:AssignmentLHS>
          <xaif:AssignmentRHS>
            <xaif:Intrinsic vertex_id="4" annotation="" name="mul_scal_scal"/>
            <xaif:VariableReference vertex_id="2" active="false" deriv="0" constant="0">
              <xaif:SymbolReference vertex_id="1" symbol_id="test_prefixSymbol_1" annotation="xaifBoosterLinearization::ExpressionVertexAlg::makeAuxilliaryVariable" scope_id="1"/>
            </xaif:VariableReference>
            <xaif:VariableReference vertex_id="3" active="true" deriv="0" constant="0">
              <xaif:SymbolReference vertex_id="1" symbol_id="y" annotation="" scope_id="2"/>
            </xaif:VariableReference>
            <xaif:ExpressionEdge edge_id="2" source="2" target="4" position="1"/>
            <xaif:ExpressionEdge edge_id="3" source="3" target="4" position="2"/>
          </xaif:AssignmentRHS>
        </xaif:Assignment>
        <xaif:Assignment statement_id="_elementary_partial_0">
          <xaif:AssignmentLHS active="false" deriv="0" constant="0">
            <xaif:SymbolReference vertex_id="1" symbol_id="test_prefixSymbol_0" annotation="xaifBoosterLinearization::ExpressionAlg::createPartialExpressions" scope_id="1"/>
          </xaif:AssignmentLHS>
          <xaif:AssignmentRHS>
            <xaif:Intrinsic vertex_id="1" name="cos_scal"/>
            <xaif:VariableReference vertex_id="2" active="true" deriv="0" constant="0">
              <xaif:SymbolReference vertex_id="1" symbol_id="x" annotation="" scope_id="2"/>
            </xaif:VariableReference>
            <xaif:ExpressionEdge edge_id="1" source="2" target="1" position="1"/>
          </xaif:AssignmentRHS>
        </xaif:Assignment>
        <xaif:Assignment statement_id="_elementary_partial_1">
          <xaif:AssignmentLHS active="false" deriv="0" constant="0">
            <xaif:SymbolReference vertex_id="1" symbol_id="test_prefixSymbol_2" annotation="xaifBoosterLinearization::ExpressionAlg::createPartialExpressions" scope_id="1"/>
          </xaif:AssignmentLHS>
          <xaif:AssignmentRHS>
            <xaif:VariableReference vertex_id="1" active="true" deriv="0" constant="0">
              <xaif:SymbolReference vertex_id="1" symbol_id="y" annotation="" scope_id="2"/>
            </xaif:VariableReference>
          </xaif:AssignmentRHS>
        </xaif:Assignment>
        <xaif:Assignment statement_id="_elementary_partial_2">
          <xaif:AssignmentLHS active="false" deriv="0" constant="0">
            <xaif:SymbolReference vertex_id="1" symbol_id="test_prefixSymbol_3" annotation="xaifBoosterLinearization::ExpressionAlg::createPartialExpressions" scope_id="1"/>
          </xaif:AssignmentLHS>
          <xaif:AssignmentRHS>
            <xaif:VariableReference vertex_id="1" active="false" deriv="0" constant="0">
              <xaif:SymbolReference vertex_id="1" symbol_id="test_prefixSymbol_1" annotation="xaifBoosterLinearization::ExpressionVertexAlg::makeAuxilliaryVariable" scope_id="1"/>
            </xaif:VariableReference>
          </xaif:AssignmentRHS>
        </xaif:Assignment>
        <xaif:Assignment statement_id="sage_1: delayed LHS assignment for correct partials">
          <xaif:AssignmentLHS active="true" deriv="0" constant="0">
            <xaif:SymbolReference vertex_id="1" symbol_id="t1" annotation="" scope_id="2"/>
          </xaif:AssignmentLHS>
          <xaif:AssignmentRHS>
            <xaif:VariableReference vertex_id="1" active="false" deriv="0" constant="0">
              <xaif:SymbolReference vertex_id="1" symbol_id="test_prefixSymbol_4" annotation="xaifBoosterLinearization::AssignmentAlg::makeSSACodeList" scope_id="1"/>
            </xaif:VariableReference>
          </xaif:AssignmentRHS>
        </xaif:Assignment>
        <xaif:Assignment statement_id="_jacobian_accumulation_0">
          <xaif:AssignmentLHS active="false" deriv="0" constant="0">
            <xaif:SymbolReference vertex_id="1" symbol_id="test_prefixSymbol_12" annotation="xaifBoosterBasicBlockPreaccumulation::BasicBlockAlg::algorithm_action_3" scope_id="1"/>
          </xaif:AssignmentLHS>
          <xaif:AssignmentRHS>
            <xaif:VariableReference vertex_id="1" active="false" deriv="0" constant="0">
              <xaif:SymbolReference vertex_id="1" symbol_id="test_prefixSymbol_0" annotation="xaifBoosterLinearization::ExpressionAlg::createPartialExpressions" scope_id="1"/>
            </xaif:VariableReference>
            <xaif:VariableReference vertex_id="2" active="false" deriv="0" constant="0">
              <xaif:SymbolReference vertex_id="1" symbol_id="test_prefixSymbol_2" annotation="xaifBoosterLinearization::ExpressionAlg::createPartialExpressions" scope_id="1"/>
            </xaif:VariableReference>
            <xaif:Intrinsic vertex_id="3" name="mul_scal_scal"/>
            <xaif:ExpressionEdge edge_id="1" source="1" target="3" position="1"/>
            <xaif:ExpressionEdge edge_id="2" source="2" target="3" position="2"/>
          </xaif:AssignmentRHS>
        </xaif:Assignment>
        <xaif:Assignment statement_id="_jacobian_accumulation_1">
          <xaif:AssignmentLHS active="false" deriv="0" constant="0">
            <xaif:SymbolReference vertex_id="1" symbol_id="test_prefixSymbol_14" annotation="xaifBoosterBasicBlockPreaccumulation::BasicBlockAlg::algorithm_action_3" scope_id="1"/>
          </xaif:AssignmentLHS>
          <xaif:AssignmentRHS>
            <xaif:VariableReference vertex_id="1" active="false" deriv="0" constant="0">
              <xaif:SymbolReference vertex_id="1" symbol_id="test_prefixSymbol_3" annotation="xaifBoosterLinearization::ExpressionAlg::createPartialExpressions" scope_id="1"/>
            </xaif:VariableReference>
          </xaif:AssignmentRHS>
        </xaif:Assignment>
        <xaif:DerivativePropagator>
          <xaif:SetDeriv>
            <xaif:Tgt deriv="1">
              <xaif:SymbolReference vertex_id="1" symbol_id="test_prefixSymbol_15" annotation="xaifBoosterBasicBlockPreaccumulation::BasicBlockAlg::algorithm_action_3" scope_id="1"/>
            </xaif:Tgt>
            <xaif:Src deriv="1">
              <xaif:SymbolReference vertex_id="1" symbol_id="y" annotation="" scope_id="2"/>
            </xaif:Src>
          </xaif:SetDeriv>
          <xaif:SetDeriv>
            <xaif:Tgt deriv="1">
              <xaif:SymbolReference vertex_id="1" symbol_id="test_prefixSymbol_13" annotation="xaifBoosterBasicBlockPreaccumulation::BasicBlockAlg::algorithm_action_3" scope_id="1"/>
            </xaif:Tgt>
            <xaif:Src deriv="1">
              <xaif:SymbolReference vertex_id="1" symbol_id="x" annotation="" scope_id="2"/>
            </xaif:Src>
          </xaif:SetDeriv>
          <xaif:Sax>
            <xaif:AX>
              <xaif:A>
                <xaif:VariableReference vertex_id="1" active="false" deriv="0" constant="0">
                  <xaif:SymbolReference vertex_id="1" symbol_id="test_prefixSymbol_12" annotation="xaifBoosterBasicBlockPreaccumulation::BasicBlockAlg::algorithm_action_3" scope_id="1"/>
                </xaif:VariableReference>
              </xaif:A>
              <xaif:X deriv="1">
                <xaif:SymbolReference vertex_id="1" symbol_id="test_prefixSymbol_13" annotation="xaifBoosterBasicBlockPreaccumulation::BasicBlockAlg::algorithm_action_3" scope_id="1"/>
              </xaif:X>
            </xaif:AX>
            <xaif:Y deriv="1">
              <xaif:SymbolReference vertex_id="1" symbol_id="t1" annotation="" scope_id="2"/>
            </xaif:Y>
          </xaif:Sax>
          <xaif:Saxpy>
            <xaif:AX>
              <xaif:A>
                <xaif:VariableReference vertex_id="1" active="false" deriv="0" constant="0">
                  <xaif:SymbolReference vertex_id="1" symbol_id="test_prefixSymbol_14" annotation="xaifBoosterBasicBlockPreaccumulation::BasicBlockAlg::algorithm_action_3" scope_id="1"/>
                </xaif:VariableReference>
              </xaif:A>
              <xaif:X deriv="1">
                <xaif:SymbolReference vertex_id="1" symbol_id="test_prefixSymbol_15" annotation="xaifBoosterBasicBlockPreaccumulation::BasicBlockAlg::algorithm_action_3" scope_id="1"/>
              </xaif:X>
            </xaif:AX>
            <xaif:Y deriv="1">
              <xaif:SymbolReference vertex_id="1" symbol_id="t1" annotation="" scope_id="2"/>
            </xaif:Y>
          </xaif:Saxpy>
        </xaif:DerivativePropagator>
        <xaif:Assignment statement_id="_replacement_1_for_sage_2">
          <xaif:AssignmentLHS active="false" deriv="0" constant="0">
            <xaif:SymbolReference vertex_id="1" symbol_id="test_prefixSymbol_9" annotation="xaifBoosterLinearization::AssignmentAlg::makeSSACodeList" scope_id="1"/>
          </xaif:AssignmentLHS>
          <xaif:AssignmentRHS>
            <xaif:Intrinsic vertex_id="5" annotation="" name="add_scal_scal"/>
            <xaif:Intrinsic vertex_id="3" annotation="" name="mul_scal_scal"/>
            <xaif:VariableReference vertex_id="1" active="true" deriv="0" constant="0">
              <xaif:SymbolReference vertex_id="1" symbol_id="t1" annotation="" scope_id="2"/>
            </xaif:VariableReference>
            <xaif:VariableReference vertex_id="2" active="true" deriv="0" constant="0">
              <xaif:SymbolReference vertex_id="1" symbol_id="x" annotation="" scope_id="2"/>
            </xaif:VariableReference>
            <xaif:VariableReference vertex_id="4" active="false" deriv="0" constant="0">
              <xaif:SymbolReference vertex_id="1" symbol_id="i" annotation="" scope_id="2"/>
            </xaif:VariableReference>
            <xaif:ExpressionEdge edge_id="3" source="3" target="5" position="1"/>
            <xaif:ExpressionEdge edge_id="1" source="1" target="3" position="1"/>
            <xaif:ExpressionEdge edge_id="2" source="2" target="3" position="2"/>
            <xaif:ExpressionEdge edge_id="4" source="4" target="5" position="2"/>
          </xaif:AssignmentRHS>
        </xaif:Assignment>
        <xaif:Assignment statement_id="_elementary_partial_3">
          <xaif:AssignmentLHS active="false" deriv="0" constant="0">
            <xaif:SymbolReference vertex_id="1" symbol_id="test_prefixSymbol_5" annotation="xaifBoosterLinearization::ExpressionAlg::createPartialExpressions" scope_id="1"/>
          </xaif:AssignmentLHS>
          <xaif:AssignmentRHS>
            <xaif:VariableReference vertex_id="1" active="true" deriv="0" constant="0">
              <xaif:SymbolReference vertex_id="1" symbol_id="x" annotation="" scope_id="2"/>
            </xaif:VariableReference>
          </xaif:AssignmentRHS>
        </xaif:Assignment>
        <xaif:Assignment statement_id="_elementary_partial_4">
          <xaif:AssignmentLHS active="false" deriv="0" constant="0">
            <xaif:SymbolReference vertex_id="1" symbol_id="test_prefixSymbol_6" annotation="xaifBoosterLinearization::ExpressionAlg::createPartialExpressions" scope_id="1"/>
          </xaif:AssignmentLHS>
          <xaif:AssignmentRHS>
            <xaif:VariableReference vertex_id="1" active="true" deriv="0" constant="0">
              <xaif:SymbolReference vertex_id="1" symbol_id="t1" annotation="" scope_id="2"/>
            </xaif:VariableReference>
          </xaif:AssignmentRHS>
        </xaif:Assignment>
        <xaif:Assignment statement_id="_elementary_partial_5">
          <xaif:AssignmentLHS active="false" deriv="0" constant="0">
            <xaif:SymbolReference vertex_id="1" symbol_id="test_prefixSymbol_7" annotation="xaifBoosterLinearization::ExpressionAlg::createPartialExpressions" scope_id="1"/>
          </xaif:AssignmentLHS>
          <xaif:AssignmentRHS>
            <xaif:Constant vertex_id="1" type="integer" feType="" value="1"/>
          </xaif:AssignmentRHS>
        </xaif:Assignment>
        <xaif:Assignment statement_id="sage_2: delayed LHS assignment for correct partials">
          <xaif:AssignmentLHS active="true" deriv="0" constant="0">
            <xaif:SymbolReference vertex_id="1" symbol_id="t2" annotation="" scope_id="2"/>
          </xaif:AssignmentLHS>
          <xaif:AssignmentRHS>
            <xaif:VariableReference vertex_id="1" active="false" deriv="0" constant="0">
              <xaif:SymbolReference vertex_id="1" symbol_id="test_prefixSymbol_9" annotation="xaifBoosterLinearization::AssignmentAlg::makeSSACodeList" scope_id="1"/>
            </xaif:VariableReference>
          </xaif:AssignmentRHS>
        </xaif:Assignment>
        <xaif:Assignment statement_id="_jacobian_accumulation_2">
          <xaif:AssignmentLHS active="false" deriv="0" constant="0">
            <xaif:SymbolReference vertex_id="1" symbol_id="test_prefixSymbol_16" annotation="xaifBoosterBasicBlockPreaccumulation::BasicBlockAlg::algorithm_action_3" scope_id="1"/>
          </xaif:AssignmentLHS>
          <xaif:AssignmentRHS>
            <xaif:VariableReference vertex_id="1" active="false" deriv="0" constant="0">
              <xaif:SymbolReference vertex_id="1" symbol_id="test_prefixSymbol_6" annotation="xaifBoosterLinearization::ExpressionAlg::createPartialExpressions" scope_id="1"/>
            </xaif:VariableReference>
            <xaif:VariableReference vertex_id="2" active="false" deriv="0" constant="0">
              <xaif:SymbolReference vertex_id="1" symbol_id="test_prefixSymbol_7" annotation="xaifBoosterLinearization::ExpressionAlg::createPartialExpressions" scope_id="1"/>
            </xaif:VariableReference>
            <xaif:Intrinsic vertex_id="3" name="mul_scal_scal"/>
            <xaif:ExpressionEdge edge_id="1" source="1" target="3" position="1"/>
            <xaif:ExpressionEdge edge_id="2" source="2" target="3" position="2"/>
          </xaif:AssignmentRHS>
        </xaif:Assignment>
        <xaif:Assignment statement_id="_jacobian_accumulation_3">
          <xaif:AssignmentLHS active="false" deriv="0" constant="0">
            <xaif:SymbolReference vertex_id="1" symbol_id="test_prefixSymbol_18" annotation="xaifBoosterBasicBlockPreaccumulation::BasicBlockAlg::algorithm_action_3" scope_id="1"/>
          </xaif:AssignmentLHS>
          <xaif:AssignmentRHS>
            <xaif:VariableReference vertex_id="1" active="false" deriv="0" constant="0">
              <xaif:SymbolReference vertex_id="1" symbol_id="test_prefixSymbol_5" annotation="xaifBoosterLinearization::ExpressionAlg::createPartialExpressions" scope_id="1"/>
            </xaif:VariableReference>
            <xaif:VariableReference vertex_id="2" active="false" deriv="0" constant="0">
              <xaif:SymbolReference vertex_id="1" symbol_id="test_prefixSymbol_7" annotation="xaifBoosterLinearization::ExpressionAlg::createPartialExpressions" scope_id="1"/>
            </xaif:VariableReference>
            <xaif:Intrinsic vertex_id="3" name="mul_scal_scal"/>
            <xaif:ExpressionEdge edge_id="1" source="1" target="3" position="1"/>
            <xaif:ExpressionEdge edge_id="2" source="2" target="3" position="2"/>
          </xaif:AssignmentRHS>
        </xaif:Assignment>
        <xaif:DerivativePropagator>
          <xaif:SetDeriv>
            <xaif:Tgt deriv="1">
              <xaif:SymbolReference vertex_id="1" symbol_id="test_prefixSymbol_19" annotation="xaifBoosterBasicBlockPreaccumulation::BasicBlockAlg::algorithm_action_3" scope_id="1"/>
            </xaif:Tgt>
            <xaif:Src deriv="1">
              <xaif:SymbolReference vertex_id="1" symbol_id="t1" annotation="" scope_id="2"/>
            </xaif:Src>
          </xaif:SetDeriv>
          <xaif:SetDeriv>
            <xaif:Tgt deriv="1">
              <xaif:SymbolReference vertex_id="1" symbol_id="test_prefixSymbol_17" annotation="xaifBoosterBasicBlockPreaccumulation::BasicBlockAlg::algorithm_action_3" scope_id="1"/>
            </xaif:Tgt>
            <xaif:Src deriv="1">
              <xaif:SymbolReference vertex_id="1" symbol_id="x" annotation="" scope_id="2"/>
            </xaif:Src>
          </xaif:SetDeriv>
          <xaif:Sax>
            <xaif:AX>
              <xaif:A>
                <xaif:VariableReference vertex_id="1" active="false" deriv="0" constant="0">
                  <xaif:SymbolReference vertex_id="1" symbol_id="test_prefixSymbol_16" annotation="xaifBoosterBasicBlockPreaccumulation::BasicBlockAlg::algorithm_action_3" scope_id="1"/>
                </xaif:VariableReference>
              </xaif:A>
              <xaif:X deriv="1">
                <xaif:SymbolReference vertex_id="1" symbol_id="test_prefixSymbol_17" annotation="xaifBoosterBasicBlockPreaccumulation::BasicBlockAlg::algorithm_action_3" scope_id="1"/>
              </xaif:X>
            </xaif:AX>
            <xaif:Y deriv="1">
              <xaif:SymbolReference vertex_id="1" symbol_id="t2" annotation="" scope_id="2"/>
            </xaif:Y>
          </xaif:Sax>
          <xaif:Saxpy>
            <xaif:AX>
              <xaif:A>
                <xaif:VariableReference vertex_id="1" active="false" deriv="0" constant="0">
                  <xaif:SymbolReference vertex_id="1" symbol_id="test_prefixSymbol_18" annotation="xaifBoosterBasicBlockPreaccumulation::BasicBlockAlg::algorithm_action_3" scope_id="1"/>
                </xaif:VariableReference>
              </xaif:A>
              <xaif:X deriv="1">
                <xaif:SymbolReference vertex_id="1" symbol_id="test_prefixSymbol_19" annotation="xaifBoosterBasicBlockPreaccumulation::BasicBlockAlg::algorithm_action_3" scope_id="1"/>
              </xaif:X>
            </xaif:AX>
            <xaif:Y deriv="1">
              <xaif:SymbolReference vertex_id="1" symbol_id="t2" annotation="" scope_id="2"/>
            </xaif:Y>
          </xaif:Saxpy>
        </xaif:DerivativePropagator>
        <xaif:SubroutineCall statement_id="my_add_1" symbol_id="my_add" scope_id="1" active="undefined">
          <xaif:Argument position="1">
            <xaif:VariableReference vertex_id="1" active="true" deriv="0" constant="0">
              <xaif:SymbolReference vertex_id="1" symbol_id="t1" annotation="" scope_id="2"/>
            </xaif:VariableReference>
          </xaif:Argument>
          <xaif:Argument position="2">
            <xaif:VariableReference vertex_id="1" active="true" deriv="0" constant="0">
              <xaif:SymbolReference vertex_id="1" symbol_id="t2" annotation="" scope_id="2"/>
            </xaif:VariableReference>
          </xaif:Argument>
          <xaif:Argument position="3">
            <xaif:VariableReference vertex_id="1" active="true" deriv="0" constant="0">
              <xaif:SymbolReference vertex_id="1" symbol_id="y" annotation="" scope_id="2"/>
            </xaif:VariableReference>
          </xaif:Argument>
        </xaif:SubroutineCall>
      </xaif:BasicBlock>
      <xaif:EndLoop vertex_id="4" annotation=""/>
      <xaif:Exit vertex_id="5" annotation=""/>
      <xaif:ControlFlowEdge edge_id="1" source="1" target="2" has_condition_value="0"/>
      <xaif:ControlFlowEdge edge_id="2" source="2" target="3" has_condition_value="0"/>
      <xaif:ControlFlowEdge edge_id="3" source="3" target="4" has_condition_value="0"/>
      <xaif:ControlFlowEdge edge_id="4" source="4" target="2" has_condition_value="0"/>
      <xaif:ControlFlowEdge edge_id="5" source="2" target="5" has_condition_value="0"/>
    </xaif:ControlFlowGraph>
    <xaif:ControlFlowGraph vertex_id="2" symbol_id="my_add" scope_id="1" controlflowgraph_scope_id="3" annotation="" active="1">
      <xaif:ArgumentList>
        <xaif:ArgumentSymbolReference position="1" symbol_id="u1" scope_id="3" annotation="" intent="inout"/>
        <xaif:ArgumentSymbolReference position="2" symbol_id="u2" scope_id="3" annotation="" intent="inout"/>
        <xaif:ArgumentSymbolReference position="3" symbol_id="v" scope_id="3" annotation="" intent="inout"/>
      </xaif:ArgumentList>
      <xaif:Entry vertex_id="1" annotation=""/>
      <xaif:BasicBlock vertex_id="2" annotation="" scope_id="3">
        <xaif:Assignment statement_id="whatever">
          <xaif:AssignmentLHS active="true" deriv="0" constant="0">
            <xaif:SymbolReference vertex_id="1" symbol_id="v" annotation="" scope_id="3"/>
          </xaif:AssignmentLHS>
          <xaif:AssignmentRHS>
            <xaif:VariableReference vertex_id="1" active="true" deriv="0" constant="0">
              <xaif:SymbolReference vertex_id="1" symbol_id="u1" annotation="" scope_id="3"/>
            </xaif:VariableReference>
            <xaif:VariableReference vertex_id="2" active="true" deriv="0" constant="0">
              <xaif:SymbolReference vertex_id="1" symbol_id="u2" annotation="" scope_id="3"/>
            </xaif:VariableReference>
            <xaif:Intrinsic vertex_id="3" annotation="" name="add_scal_scal"/>
            <xaif:ExpressionEdge edge_id="1" source="1" target="3" position="1"/>
            <xaif:ExpressionEdge edge_id="2" source="2" target="3" position="2"/>
          </xaif:AssignmentRHS>
        </xaif:Assignment>
        <xaif:Assignment statement_id="_elementary_partial_7">
          <xaif:AssignmentLHS active="false" deriv="0" constant="0">
            <xaif:SymbolReference vertex_id="1" symbol_id="test_prefixSymbol_10" annotation="xaifBoosterLinearization::ExpressionAlg::createPartialExpressions" scope_id="1"/>
          </xaif:AssignmentLHS>
          <xaif:AssignmentRHS>
            <xaif:Constant vertex_id="1" type="integer" feType="" value="1"/>
          </xaif:AssignmentRHS>
        </xaif:Assignment>
        <xaif:Assignment statement_id="_elementary_partial_8">
          <xaif:AssignmentLHS active="false" deriv="0" constant="0">
            <xaif:SymbolReference vertex_id="1" symbol_id="test_prefixSymbol_11" annotation="xaifBoosterLinearization::ExpressionAlg::createPartialExpressions" scope_id="1"/>
          </xaif:AssignmentLHS>
          <xaif:AssignmentRHS>
            <xaif:Constant vertex_id="1" type="integer" feType="" value="1"/>
          </xaif:AssignmentRHS>
        </xaif:Assignment>
        <xaif:Assignment statement_id="_jacobian_accumulation_4">
          <xaif:AssignmentLHS active="false" deriv="0" constant="0">
            <xaif:SymbolReference vertex_id="1" symbol_id="test_prefixSymbol_20" annotation="xaifBoosterBasicBlockPreaccumulation::BasicBlockAlg::algorithm_action_3" scope_id="1"/>
          </xaif:AssignmentLHS>
          <xaif:AssignmentRHS>
            <xaif:VariableReference vertex_id="1" active="false" deriv="0" constant="0">
              <xaif:SymbolReference vertex_id="1" symbol_id="test_prefixSymbol_10" annotation="xaifBoosterLinearization::ExpressionAlg::createPartialExpressions" scope_id="1"/>
            </xaif:VariableReference>
          </xaif:AssignmentRHS>
        </xaif:Assignment>
        <xaif:Assignment statement_id="_jacobian_accumulation_5">
          <xaif:AssignmentLHS active="false" deriv="0" constant="0">
            <xaif:SymbolReference vertex_id="1" symbol_id="test_prefixSymbol_22" annotation="xaifBoosterBasicBlockPreaccumulation::BasicBlockAlg::algorithm_action_3" scope_id="1"/>
          </xaif:AssignmentLHS>
          <xaif:AssignmentRHS>
            <xaif:VariableReference vertex_id="1" active="false" deriv="0" constant="0">
              <xaif:SymbolReference vertex_id="1" symbol_id="test_prefixSymbol_11" annotation="xaifBoosterLinearization::ExpressionAlg::createPartialExpressions" scope_id="1"/>
            </xaif:VariableReference>
          </xaif:AssignmentRHS>
        </xaif:Assignment>
        <xaif:DerivativePropagator>
          <xaif:SetDeriv>
            <xaif:Tgt deriv="1">
              <xaif:SymbolReference vertex_id="1" symbol_id="test_prefixSymbol_23" annotation="xaifBoosterBasicBlockPreaccumulation::BasicBlockAlg::algorithm_action_3" scope_id="1"/>
            </xaif:Tgt>
            <xaif:Src deriv="1">
              <xaif:SymbolReference vertex_id="1" symbol_id="u2" annotation="" scope_id="3"/>
            </xaif:Src>
          </xaif:SetDeriv>
          <xaif:SetDeriv>
            <xaif:Tgt deriv="1">
              <xaif:SymbolReference vertex_id="1" symbol_id="test_prefixSymbol_21" annotation="xaifBoosterBasicBlockPreaccumulation::BasicBlockAlg::algorithm_action_3" scope_id="1"/>
            </xaif:Tgt>
            <xaif:Src deriv="1">
              <xaif:SymbolReference vertex_id="1" symbol_id="u1" annotation="" scope_id="3"/>
            </xaif:Src>
          </xaif:SetDeriv>
          <xaif:Sax>
            <xaif:AX>
              <xaif:A>
                <xaif:VariableReference vertex_id="1" active="false" deriv="0" constant="0">
                  <xaif:SymbolReference vertex_id="1" symbol_id="test_prefixSymbol_20" annotation="xaifBoosterBasicBlockPreaccumulation::BasicBlockAlg::algorithm_action_3" scope_id="1"/>
                </xaif:VariableReference>
              </xaif:A>
              <xaif:X deriv="1">
                <xaif:SymbolReference vertex_id="1" symbol_id="test_prefixSymbol_21" annotation="xaifBoosterBasicBlockPreaccumulation::BasicBlockAlg::algorithm_action_3" scope_id="1"/>
              </xaif:X>
            </xaif:AX>
            <xaif:Y deriv="1">
              <xaif:SymbolReference vertex_id="1" symbol_id="v" annotation="" scope_id="3"/>
            </xaif:Y>
          </xaif:Sax>
          <xaif:Saxpy>
            <xaif:AX>
              <xaif:A>
                <xaif:VariableReference vertex_id="1" active="false" deriv="0" constant="0">
                  <xaif:SymbolReference vertex_id="1" symbol_id="test_prefixSymbol_22" annotation="xaifBoosterBasicBlockPreaccumulation::BasicBlockAlg::algorithm_action_3" scope_id="1"/>
                </xaif:VariableReference>
              </xaif:A>
              <xaif:X deriv="1">
                <xaif:SymbolReference vertex_id="1" symbol_id="test_prefixSymbol_23" annotation="xaifBoosterBasicBlockPreaccumulation::BasicBlockAlg::algorithm_action_3" scope_id="1"/>
              </xaif:X>
            </xaif:AX>
            <xaif:Y deriv="1">
              <xaif:SymbolReference vertex_id="1" symbol_id="v" annotation="" scope_id="3"/>
            </xaif:Y>
          </xaif:Saxpy>
        </xaif:DerivativePropagator>
      </xaif:BasicBlock>
      <xaif:Exit vertex_id="3" annotation=""/>
    </xaif:ControlFlowGraph>
    <xaif:CallGraphEdge edge_id="1" source="1" target="2"/>
  </xaif:CallGraph>
