  <xaif:CallGraph xmlns:xsi="http://www.w3.org/2001/XMLSchema-instance" xmlns:xaif="http://www.mcs.anl.gov/XAIF" xsi:schemaLocation="http://www.mcs.anl.gov/XAIF xaif_derivative_propagator.xsd" program_name="Example" prefix="test_prefix">
    <xaif:ScopeHierarchy>
      <xaif:Scope vertex_id="1" annotation="">
        <xaif:SymbolTable>
          <xaif:Symbol symbol_id="head" kind="subroutine" type="void" shape="scalar" annotation="" active="1" temp="0"/>
          <xaif:Symbol symbol_id="test_prefixSymbol_10" kind="variable" type="real" shape="scalar" annotation="" active="0" temp="1"/>
          <xaif:Symbol symbol_id="test_prefixSymbol_11" kind="variable" type="real" shape="scalar" annotation="" active="0" temp="1"/>
          <xaif:Symbol symbol_id="test_prefixSymbol_12" kind="variable" type="real" shape="scalar" annotation="" active="0" temp="1"/>
          <xaif:Symbol symbol_id="x" kind="variable" type="real" shape="scalar" annotation="" active="1" temp="0"/>
          <xaif:Symbol symbol_id="test_prefixSymbol_13" kind="variable" type="real" shape="scalar" annotation="" active="1" temp="1"/>
          <xaif:Symbol symbol_id="y" kind="variable" type="real" shape="scalar" annotation="" active="1" temp="0"/>
          <xaif:Symbol symbol_id="test_prefixSymbol_14" kind="variable" type="real" shape="scalar" annotation="" active="0" temp="1"/>
          <xaif:Symbol symbol_id="test_prefixSymbol_20" kind="variable" type="real" shape="scalar" annotation="" active="0" temp="1"/>
          <xaif:Symbol symbol_id="test_prefixSymbol_15" kind="variable" type="real" shape="scalar" annotation="" active="1" temp="1"/>
          <xaif:Symbol symbol_id="test_prefixSymbol_21" kind="variable" type="real" shape="scalar" annotation="" active="1" temp="1"/>
          <xaif:Symbol symbol_id="test_prefixSymbol_16" kind="variable" type="real" shape="scalar" annotation="" active="0" temp="1"/>
          <xaif:Symbol symbol_id="test_prefixSymbol_22" kind="variable" type="real" shape="scalar" annotation="" active="0" temp="1"/>
          <xaif:Symbol symbol_id="test_prefixSymbol_17" kind="variable" type="real" shape="scalar" annotation="" active="1" temp="1"/>
          <xaif:Symbol symbol_id="test_prefixSymbol_23" kind="variable" type="real" shape="scalar" annotation="" active="1" temp="1"/>
          <xaif:Symbol symbol_id="test_prefixSymbol_18" kind="variable" type="real" shape="scalar" annotation="" active="0" temp="1"/>
          <xaif:Symbol symbol_id="test_prefixSymbol_19" kind="variable" type="real" shape="scalar" annotation="" active="1" temp="1"/>
          <xaif:Symbol symbol_id="test_prefixSymbol_0" kind="variable" type="real" shape="scalar" annotation="" active="0" temp="1"/>
          <xaif:Symbol symbol_id="test_prefixSymbol_1" kind="variable" type="real" shape="scalar" annotation="" active="0" temp="1"/>
          <xaif:Symbol symbol_id="test_prefixSymbol_2" kind="variable" type="real" shape="scalar" annotation="" active="0" temp="1"/>
          <xaif:Symbol symbol_id="test_prefixSymbol_3" kind="variable" type="real" shape="scalar" annotation="" active="0" temp="1"/>
          <xaif:Symbol symbol_id="test_prefixSymbol_4" kind="variable" type="real" shape="scalar" annotation="" active="0" temp="1"/>
          <xaif:Symbol symbol_id="test_prefixSymbol_5" kind="variable" type="real" shape="scalar" annotation="" active="0" temp="1"/>
          <xaif:Symbol symbol_id="test_prefixSymbol_6" kind="variable" type="real" shape="scalar" annotation="" active="0" temp="1"/>
          <xaif:Symbol symbol_id="test_prefixSymbol_7" kind="variable" type="real" shape="scalar" annotation="" active="0" temp="1"/>
          <xaif:Symbol symbol_id="test_prefixSymbol_8" kind="variable" type="real" shape="scalar" annotation="" active="0" temp="1"/>
          <xaif:Symbol symbol_id="test_prefixSymbol_9" kind="variable" type="real" shape="scalar" annotation="" active="0" temp="1"/>
        </xaif:SymbolTable>
      </xaif:Scope>
      <xaif:Scope vertex_id="2" annotation="">
        <xaif:SymbolTable>
          <xaif:Symbol symbol_id="t1" kind="variable" type="real" shape="scalar" annotation="" active="1" temp="0"/>
          <xaif:Symbol symbol_id="t2" kind="variable" type="real" shape="scalar" annotation="" active="1" temp="0"/>
          <xaif:Symbol symbol_id="i" kind="variable" type="integer" shape="scalar" annotation="" active="0" temp="0"/>
          <xaif:Symbol symbol_id="x" kind="variable" type="real" shape="scalar" annotation="" active="1" temp="0"/>
          <xaif:Symbol symbol_id="y" kind="variable" type="real" shape="scalar" annotation="" active="1" temp="0"/>
        </xaif:SymbolTable>
      </xaif:Scope>
      <xaif:Scope vertex_id="3" annotation="">
        <xaif:SymbolTable>
          <xaif:Symbol symbol_id="v" kind="variable" type="real" shape="scalar" annotation="" active="1" temp="0"/>
        </xaif:SymbolTable>
      </xaif:Scope>
      <xaif:ScopeEdge edge_id="1" source="2" target="1"/>
      <xaif:ScopeEdge edge_id="2" source="3" target="2"/>
    </xaif:ScopeHierarchy>
    <xaif:AliasSetList>
      <xaif:AliasSet key="1">
        <xaif:Alias virtual_address="100"/>
        <xaif:AliasRange from_virtual_address="3" to_virtual_address="7"/>
        <xaif:Alias virtual_address="1"/>
      </xaif:AliasSet>
      <xaif:AliasSet key="3">
        <xaif:AliasRange from_virtual_address="9" to_virtual_address="12"/>
        <xaif:AliasRange from_virtual_address="3" to_virtual_address="7"/>
      </xaif:AliasSet>
    </xaif:AliasSetList>
    <xaif:ControlFlowGraph vertex_id="1" symbol_id="head" scope_id="1" active="1" annotation="">
      <xaif:ArgumentList>
        <xaif:ArgumentSymbolReference position="1" symbol_id="x" scope_id="2" active="1" intent="inout"/>
        <xaif:ArgumentSymbolReference position="2" symbol_id="y" scope_id="2" active="1" intent="inout"/>
      </xaif:ArgumentList>
      <xaif:Entry vertex_id="1" annotation=""/>
      <xaif:BasicBlock vertex_id="2" annotation="" scope_id="2">
        <xaif:Assignment statement_id="sage_0" active="1">
          <xaif:AssignmentLHS active="false" deriv="0">
            <xaif:SymbolReference vertex_id="1" symbol_id="i" scope_id="2"/>
          </xaif:AssignmentLHS>
          <xaif:AssignmentRHS>
            <xaif:Constant vertex_id="1" type="integer" value="1"/>
          </xaif:AssignmentRHS>
        </xaif:Assignment>
        <xaif:Assignment statement_id="replacement for sage_1" active="1">
          <xaif:AssignmentLHS active="false" deriv="0">
            <xaif:SymbolReference vertex_id="1" symbol_id="test_prefixSymbol_1" scope_id="1"/>
          </xaif:AssignmentLHS>
          <xaif:AssignmentRHS>
            <xaif:Intrinsic vertex_id="2" name="sin_scal"/>
            <xaif:VariableReference vertex_id="1" active="true" alias="3" deriv="0">
              <xaif:SymbolReference vertex_id="1" symbol_id="x" scope_id="2"/>
            </xaif:VariableReference>
            <xaif:ExpressionEdge edge_id="1" source="1" target="2" position="1"/>
          </xaif:AssignmentRHS>
        </xaif:Assignment>
        <xaif:Assignment statement_id="replacement for sage_1" active="1">
          <xaif:AssignmentLHS active="false" deriv="0">
            <xaif:SymbolReference vertex_id="1" symbol_id="test_prefixSymbol_4" scope_id="1"/>
          </xaif:AssignmentLHS>
          <xaif:AssignmentRHS>
            <xaif:Intrinsic vertex_id="4" name="mul_scal_scal"/>
            <xaif:VariableReference vertex_id="2" active="false" deriv="0">
              <xaif:SymbolReference vertex_id="1" symbol_id="test_prefixSymbol_1" scope_id="1"/>
            </xaif:VariableReference>
            <xaif:VariableReference vertex_id="3" active="true" deriv="0">
              <xaif:SymbolReference vertex_id="1" symbol_id="y" scope_id="2"/>
            </xaif:VariableReference>
            <xaif:ExpressionEdge edge_id="2" source="2" target="4" position="1"/>
            <xaif:ExpressionEdge edge_id="3" source="3" target="4" position="2"/>
          </xaif:AssignmentRHS>
        </xaif:Assignment>
        <xaif:Assignment statement_id="elementary_partial" active="0">
          <xaif:AssignmentLHS active="false" deriv="0">
            <xaif:SymbolReference vertex_id="1" symbol_id="test_prefixSymbol_0" scope_id="1"/>
          </xaif:AssignmentLHS>
          <xaif:AssignmentRHS>
            <xaif:Intrinsic vertex_id="1" name="cos_scal"/>
            <xaif:VariableReference vertex_id="2" active="true" alias="3" deriv="0">
              <xaif:SymbolReference vertex_id="1" symbol_id="x" scope_id="2"/>
            </xaif:VariableReference>
            <xaif:ExpressionEdge edge_id="1" source="2" target="1" position="1"/>
          </xaif:AssignmentRHS>
        </xaif:Assignment>
        <xaif:Assignment statement_id="elementary_partial" active="0">
          <xaif:AssignmentLHS active="false" deriv="0">
            <xaif:SymbolReference vertex_id="1" symbol_id="test_prefixSymbol_2" scope_id="1"/>
          </xaif:AssignmentLHS>
          <xaif:AssignmentRHS>
            <xaif:VariableReference vertex_id="1" active="true" deriv="0">
              <xaif:SymbolReference vertex_id="1" symbol_id="y" scope_id="2"/>
            </xaif:VariableReference>
          </xaif:AssignmentRHS>
        </xaif:Assignment>
        <xaif:Assignment statement_id="elementary_partial" active="0">
          <xaif:AssignmentLHS active="false" deriv="0">
            <xaif:SymbolReference vertex_id="1" symbol_id="test_prefixSymbol_3" scope_id="1"/>
          </xaif:AssignmentLHS>
          <xaif:AssignmentRHS>
            <xaif:VariableReference vertex_id="1" active="false" deriv="0">
              <xaif:SymbolReference vertex_id="1" symbol_id="test_prefixSymbol_1" scope_id="1"/>
            </xaif:VariableReference>
          </xaif:AssignmentRHS>
        </xaif:Assignment>
        <xaif:Assignment statement_id="sage_1: delayed LHS assignment for correct partials" active="1">
          <xaif:AssignmentLHS active="true" deriv="0">
            <xaif:SymbolReference vertex_id="1" symbol_id="t1" scope_id="2"/>
          </xaif:AssignmentLHS>
          <xaif:AssignmentRHS>
            <xaif:VariableReference vertex_id="1" active="false" deriv="0">
              <xaif:SymbolReference vertex_id="1" symbol_id="test_prefixSymbol_4" scope_id="1"/>
            </xaif:VariableReference>
          </xaif:AssignmentRHS>
        </xaif:Assignment>
        <xaif:Assignment statement_id="jacobian_accumulation" active="1">
          <xaif:AssignmentLHS active="false" deriv="0">
            <xaif:SymbolReference vertex_id="1" symbol_id="test_prefixSymbol_12" scope_id="1"/>
          </xaif:AssignmentLHS>
          <xaif:AssignmentRHS>
            <xaif:VariableReference vertex_id="1" active="false" deriv="0">
              <xaif:SymbolReference vertex_id="1" symbol_id="test_prefixSymbol_0" scope_id="1"/>
            </xaif:VariableReference>
            <xaif:VariableReference vertex_id="2" active="false" deriv="0">
              <xaif:SymbolReference vertex_id="1" symbol_id="test_prefixSymbol_2" scope_id="1"/>
            </xaif:VariableReference>
            <xaif:Intrinsic vertex_id="3" name="mul_scal_scal"/>
            <xaif:ExpressionEdge edge_id="1" source="1" target="3" position="1"/>
            <xaif:ExpressionEdge edge_id="2" source="2" target="3" position="2"/>
          </xaif:AssignmentRHS>
        </xaif:Assignment>
        <xaif:Assignment statement_id="jacobian_accumulation" active="1">
          <xaif:AssignmentLHS active="false" deriv="0">
            <xaif:SymbolReference vertex_id="1" symbol_id="test_prefixSymbol_14" scope_id="1"/>
          </xaif:AssignmentLHS>
          <xaif:AssignmentRHS>
            <xaif:VariableReference vertex_id="1" active="false" deriv="0">
              <xaif:SymbolReference vertex_id="1" symbol_id="test_prefixSymbol_3" scope_id="1"/>
            </xaif:VariableReference>
          </xaif:AssignmentRHS>
        </xaif:Assignment>
        <xaif:DerivativePropagator>
          <xaif:SetDeriv>
            <xaif:Tgt deriv="1">
              <xaif:SymbolReference vertex_id="1" symbol_id="test_prefixSymbol_15" scope_id="1"/>
            </xaif:Tgt>
            <xaif:Src deriv="1">
              <xaif:SymbolReference vertex_id="1" symbol_id="y" scope_id="2"/>
            </xaif:Src>
          </xaif:SetDeriv>
          <xaif:SetDeriv>
            <xaif:Tgt deriv="1">
              <xaif:SymbolReference vertex_id="1" symbol_id="test_prefixSymbol_13" scope_id="1"/>
            </xaif:Tgt>
            <xaif:Src deriv="1">
              <xaif:SymbolReference vertex_id="1" symbol_id="x" scope_id="2"/>
            </xaif:Src>
          </xaif:SetDeriv>
          <xaif:Sax>
            <xaif:AX>
              <xaif:A>
                <xaif:VariableReference vertex_id="1" active="false" deriv="0">
                  <xaif:SymbolReference vertex_id="1" symbol_id="test_prefixSymbol_12" scope_id="1"/>
                </xaif:VariableReference>
              </xaif:A>
              <xaif:X deriv="1">
                <xaif:SymbolReference vertex_id="1" symbol_id="test_prefixSymbol_13" scope_id="1"/>
              </xaif:X>
            </xaif:AX>
            <xaif:Y deriv="1">
              <xaif:SymbolReference vertex_id="1" symbol_id="t1" scope_id="2"/>
            </xaif:Y>
          </xaif:Sax>
          <xaif:Saxpy>
            <xaif:AX>
              <xaif:A>
                <xaif:VariableReference vertex_id="1" active="false" deriv="0">
                  <xaif:SymbolReference vertex_id="1" symbol_id="test_prefixSymbol_14" scope_id="1"/>
                </xaif:VariableReference>
              </xaif:A>
              <xaif:X deriv="1">
                <xaif:SymbolReference vertex_id="1" symbol_id="test_prefixSymbol_15" scope_id="1"/>
              </xaif:X>
            </xaif:AX>
            <xaif:Y deriv="1">
              <xaif:SymbolReference vertex_id="1" symbol_id="t1" scope_id="2"/>
            </xaif:Y>
          </xaif:Saxpy>
        </xaif:DerivativePropagator>
        <xaif:Assignment statement_id="replacement for sage_2" active="1">
          <xaif:AssignmentLHS active="false" deriv="0">
            <xaif:SymbolReference vertex_id="1" symbol_id="test_prefixSymbol_9" scope_id="1"/>
          </xaif:AssignmentLHS>
          <xaif:AssignmentRHS>
            <xaif:Intrinsic vertex_id="5" name="add_scal_scal"/>
            <xaif:Intrinsic vertex_id="3" name="mul_scal_scal"/>
            <xaif:VariableReference vertex_id="1" active="true" deriv="0">
              <xaif:SymbolReference vertex_id="1" symbol_id="t1" scope_id="2"/>
            </xaif:VariableReference>
            <xaif:VariableReference vertex_id="2" active="true" deriv="0">
              <xaif:SymbolReference vertex_id="1" symbol_id="x" scope_id="2"/>
            </xaif:VariableReference>
            <xaif:VariableReference vertex_id="4" active="false" deriv="0">
              <xaif:SymbolReference vertex_id="1" symbol_id="i" scope_id="2"/>
            </xaif:VariableReference>
            <xaif:ExpressionEdge edge_id="3" source="3" target="5" position="1"/>
            <xaif:ExpressionEdge edge_id="1" source="1" target="3" position="1"/>
            <xaif:ExpressionEdge edge_id="2" source="2" target="3" position="2"/>
            <xaif:ExpressionEdge edge_id="4" source="4" target="5" position="2"/>
          </xaif:AssignmentRHS>
        </xaif:Assignment>
        <xaif:Assignment statement_id="elementary_partial" active="0">
          <xaif:AssignmentLHS active="false" deriv="0">
            <xaif:SymbolReference vertex_id="1" symbol_id="test_prefixSymbol_5" scope_id="1"/>
          </xaif:AssignmentLHS>
          <xaif:AssignmentRHS>
            <xaif:VariableReference vertex_id="1" active="true" deriv="0">
              <xaif:SymbolReference vertex_id="1" symbol_id="x" scope_id="2"/>
            </xaif:VariableReference>
          </xaif:AssignmentRHS>
        </xaif:Assignment>
        <xaif:Assignment statement_id="elementary_partial" active="0">
          <xaif:AssignmentLHS active="false" deriv="0">
            <xaif:SymbolReference vertex_id="1" symbol_id="test_prefixSymbol_6" scope_id="1"/>
          </xaif:AssignmentLHS>
          <xaif:AssignmentRHS>
            <xaif:VariableReference vertex_id="1" active="true" deriv="0">
              <xaif:SymbolReference vertex_id="1" symbol_id="t1" scope_id="2"/>
            </xaif:VariableReference>
          </xaif:AssignmentRHS>
        </xaif:Assignment>
        <xaif:Assignment statement_id="elementary_partial" active="0">
          <xaif:AssignmentLHS active="false" deriv="0">
            <xaif:SymbolReference vertex_id="1" symbol_id="test_prefixSymbol_7" scope_id="1"/>
          </xaif:AssignmentLHS>
          <xaif:AssignmentRHS>
            <xaif:Constant vertex_id="1" type="integer" value="1"/>
          </xaif:AssignmentRHS>
        </xaif:Assignment>
        <xaif:Assignment statement_id="sage_2: delayed LHS assignment for correct partials" active="1">
          <xaif:AssignmentLHS active="true" deriv="0">
            <xaif:SymbolReference vertex_id="1" symbol_id="t2" scope_id="2"/>
          </xaif:AssignmentLHS>
          <xaif:AssignmentRHS>
            <xaif:VariableReference vertex_id="1" active="false" deriv="0">
              <xaif:SymbolReference vertex_id="1" symbol_id="test_prefixSymbol_9" scope_id="1"/>
            </xaif:VariableReference>
          </xaif:AssignmentRHS>
        </xaif:Assignment>
        <xaif:Assignment statement_id="jacobian_accumulation" active="1">
          <xaif:AssignmentLHS active="false" deriv="0">
            <xaif:SymbolReference vertex_id="1" symbol_id="test_prefixSymbol_16" scope_id="1"/>
          </xaif:AssignmentLHS>
          <xaif:AssignmentRHS>
            <xaif:VariableReference vertex_id="1" active="false" deriv="0">
              <xaif:SymbolReference vertex_id="1" symbol_id="test_prefixSymbol_5" scope_id="1"/>
            </xaif:VariableReference>
            <xaif:VariableReference vertex_id="2" active="false" deriv="0">
              <xaif:SymbolReference vertex_id="1" symbol_id="test_prefixSymbol_7" scope_id="1"/>
            </xaif:VariableReference>
            <xaif:Intrinsic vertex_id="3" name="mul_scal_scal"/>
            <xaif:ExpressionEdge edge_id="1" source="1" target="3" position="1"/>
            <xaif:ExpressionEdge edge_id="2" source="2" target="3" position="2"/>
          </xaif:AssignmentRHS>
        </xaif:Assignment>
        <xaif:Assignment statement_id="jacobian_accumulation" active="1">
          <xaif:AssignmentLHS active="false" deriv="0">
            <xaif:SymbolReference vertex_id="1" symbol_id="test_prefixSymbol_18" scope_id="1"/>
          </xaif:AssignmentLHS>
          <xaif:AssignmentRHS>
            <xaif:VariableReference vertex_id="1" active="false" deriv="0">
              <xaif:SymbolReference vertex_id="1" symbol_id="test_prefixSymbol_6" scope_id="1"/>
            </xaif:VariableReference>
            <xaif:VariableReference vertex_id="2" active="false" deriv="0">
              <xaif:SymbolReference vertex_id="1" symbol_id="test_prefixSymbol_7" scope_id="1"/>
            </xaif:VariableReference>
            <xaif:Intrinsic vertex_id="3" name="mul_scal_scal"/>
            <xaif:ExpressionEdge edge_id="1" source="1" target="3" position="1"/>
            <xaif:ExpressionEdge edge_id="2" source="2" target="3" position="2"/>
          </xaif:AssignmentRHS>
        </xaif:Assignment>
        <xaif:DerivativePropagator>
          <xaif:SetDeriv>
            <xaif:Tgt deriv="1">
              <xaif:SymbolReference vertex_id="1" symbol_id="test_prefixSymbol_19" scope_id="1"/>
            </xaif:Tgt>
            <xaif:Src deriv="1">
              <xaif:SymbolReference vertex_id="1" symbol_id="x" scope_id="2"/>
            </xaif:Src>
          </xaif:SetDeriv>
          <xaif:SetDeriv>
            <xaif:Tgt deriv="1">
              <xaif:SymbolReference vertex_id="1" symbol_id="test_prefixSymbol_17" scope_id="1"/>
            </xaif:Tgt>
            <xaif:Src deriv="1">
              <xaif:SymbolReference vertex_id="1" symbol_id="t1" scope_id="2"/>
            </xaif:Src>
          </xaif:SetDeriv>
          <xaif:Sax>
            <xaif:AX>
              <xaif:A>
                <xaif:VariableReference vertex_id="1" active="false" deriv="0">
                  <xaif:SymbolReference vertex_id="1" symbol_id="test_prefixSymbol_16" scope_id="1"/>
                </xaif:VariableReference>
              </xaif:A>
              <xaif:X deriv="1">
                <xaif:SymbolReference vertex_id="1" symbol_id="test_prefixSymbol_17" scope_id="1"/>
              </xaif:X>
            </xaif:AX>
            <xaif:Y deriv="1">
              <xaif:SymbolReference vertex_id="1" symbol_id="t2" scope_id="2"/>
            </xaif:Y>
          </xaif:Sax>
          <xaif:Saxpy>
            <xaif:AX>
              <xaif:A>
                <xaif:VariableReference vertex_id="1" active="false" deriv="0">
                  <xaif:SymbolReference vertex_id="1" symbol_id="test_prefixSymbol_18" scope_id="1"/>
                </xaif:VariableReference>
              </xaif:A>
              <xaif:X deriv="1">
                <xaif:SymbolReference vertex_id="1" symbol_id="test_prefixSymbol_19" scope_id="1"/>
              </xaif:X>
            </xaif:AX>
            <xaif:Y deriv="1">
              <xaif:SymbolReference vertex_id="1" symbol_id="t2" scope_id="2"/>
            </xaif:Y>
          </xaif:Saxpy>
        </xaif:DerivativePropagator>
        <xaif:Assignment statement_id="sage_3" active="1">
          <xaif:AssignmentLHS active="true" deriv="0">
            <xaif:SymbolReference vertex_id="1" symbol_id="y" scope_id="2"/>
          </xaif:AssignmentLHS>
          <xaif:AssignmentRHS>
            <xaif:VariableReference vertex_id="1" active="true" deriv="0">
              <xaif:SymbolReference vertex_id="1" symbol_id="t1" scope_id="2"/>
            </xaif:VariableReference>
            <xaif:VariableReference vertex_id="2" active="true" deriv="0">
              <xaif:SymbolReference vertex_id="1" symbol_id="t2" scope_id="2"/>
            </xaif:VariableReference>
            <xaif:Intrinsic vertex_id="3" name="add_scal_scal"/>
            <xaif:ExpressionEdge edge_id="1" source="1" target="3" position="1"/>
            <xaif:ExpressionEdge edge_id="2" source="2" target="3" position="2"/>
          </xaif:AssignmentRHS>
        </xaif:Assignment>
        <xaif:Assignment statement_id="elementary_partial" active="0">
          <xaif:AssignmentLHS active="false" deriv="0">
            <xaif:SymbolReference vertex_id="1" symbol_id="test_prefixSymbol_10" scope_id="1"/>
          </xaif:AssignmentLHS>
          <xaif:AssignmentRHS>
            <xaif:Constant vertex_id="1" type="integer" value="1"/>
          </xaif:AssignmentRHS>
        </xaif:Assignment>
        <xaif:Assignment statement_id="elementary_partial" active="0">
          <xaif:AssignmentLHS active="false" deriv="0">
            <xaif:SymbolReference vertex_id="1" symbol_id="test_prefixSymbol_11" scope_id="1"/>
          </xaif:AssignmentLHS>
          <xaif:AssignmentRHS>
            <xaif:Constant vertex_id="1" type="integer" value="1"/>
          </xaif:AssignmentRHS>
        </xaif:Assignment>
        <xaif:Assignment statement_id="jacobian_accumulation" active="1">
          <xaif:AssignmentLHS active="false" deriv="0">
            <xaif:SymbolReference vertex_id="1" symbol_id="test_prefixSymbol_20" scope_id="1"/>
          </xaif:AssignmentLHS>
          <xaif:AssignmentRHS>
            <xaif:VariableReference vertex_id="1" active="false" deriv="0">
              <xaif:SymbolReference vertex_id="1" symbol_id="test_prefixSymbol_10" scope_id="1"/>
            </xaif:VariableReference>
          </xaif:AssignmentRHS>
        </xaif:Assignment>
        <xaif:Assignment statement_id="jacobian_accumulation" active="1">
          <xaif:AssignmentLHS active="false" deriv="0">
            <xaif:SymbolReference vertex_id="1" symbol_id="test_prefixSymbol_22" scope_id="1"/>
          </xaif:AssignmentLHS>
          <xaif:AssignmentRHS>
            <xaif:VariableReference vertex_id="1" active="false" deriv="0">
              <xaif:SymbolReference vertex_id="1" symbol_id="test_prefixSymbol_11" scope_id="1"/>
            </xaif:VariableReference>
          </xaif:AssignmentRHS>
        </xaif:Assignment>
        <xaif:DerivativePropagator>
          <xaif:SetDeriv>
            <xaif:Tgt deriv="1">
              <xaif:SymbolReference vertex_id="1" symbol_id="test_prefixSymbol_23" scope_id="1"/>
            </xaif:Tgt>
            <xaif:Src deriv="1">
              <xaif:SymbolReference vertex_id="1" symbol_id="t2" scope_id="2"/>
            </xaif:Src>
          </xaif:SetDeriv>
          <xaif:SetDeriv>
            <xaif:Tgt deriv="1">
              <xaif:SymbolReference vertex_id="1" symbol_id="test_prefixSymbol_21" scope_id="1"/>
            </xaif:Tgt>
            <xaif:Src deriv="1">
              <xaif:SymbolReference vertex_id="1" symbol_id="t1" scope_id="2"/>
            </xaif:Src>
          </xaif:SetDeriv>
          <xaif:Sax>
            <xaif:AX>
              <xaif:A>
                <xaif:VariableReference vertex_id="1" active="false" deriv="0">
                  <xaif:SymbolReference vertex_id="1" symbol_id="test_prefixSymbol_20" scope_id="1"/>
                </xaif:VariableReference>
              </xaif:A>
              <xaif:X deriv="1">
                <xaif:SymbolReference vertex_id="1" symbol_id="test_prefixSymbol_21" scope_id="1"/>
              </xaif:X>
            </xaif:AX>
            <xaif:Y deriv="1">
              <xaif:SymbolReference vertex_id="1" symbol_id="y" scope_id="2"/>
            </xaif:Y>
          </xaif:Sax>
          <xaif:Saxpy>
            <xaif:AX>
              <xaif:A>
                <xaif:VariableReference vertex_id="1" active="false" deriv="0">
                  <xaif:SymbolReference vertex_id="1" symbol_id="test_prefixSymbol_22" scope_id="1"/>
                </xaif:VariableReference>
              </xaif:A>
              <xaif:X deriv="1">
                <xaif:SymbolReference vertex_id="1" symbol_id="test_prefixSymbol_23" scope_id="1"/>
              </xaif:X>
            </xaif:AX>
            <xaif:Y deriv="1">
              <xaif:SymbolReference vertex_id="1" symbol_id="y" scope_id="2"/>
            </xaif:Y>
          </xaif:Saxpy>
        </xaif:DerivativePropagator>
      </xaif:BasicBlock>
      <xaif:BasicBlock vertex_id="3" annotation="" scope_id="1">
      </xaif:BasicBlock>
      <xaif:Exit vertex_id="4" annotation=""/>
      <xaif:ControlFlowEdge edge_id="1" source="1" target="2"/>
      <xaif:ControlFlowEdge edge_id="2" source="2" target="3"/>
      <xaif:ControlFlowEdge edge_id="3" source="3" target="4"/>
    </xaif:ControlFlowGraph>
  </xaif:CallGraph>
