  <xaif:CallGraph xmlns:xsi="http://www.w3.org/2001/XMLSchema-instance" xmlns:xaif="http://www.mcs.anl.gov/XAIF" xsi:schemaLocation="http://www.mcs.anl.gov/XAIF xaif_output.xsd" program_name="Example" prefix="test_prefix">
    <xaif:ScopeHierarchy>
      <xaif:Scope vertex_id="1" annotation="">
        <xaif:SymbolTable>
          <xaif:Symbol symbol_id="head" kind="subroutine" type="void" shape="scalar" annotation="" active="1" temp="0"/>
          <xaif:Symbol symbol_id="test_prefixSymbol_0" kind="variable" type="real" shape="scalar" annotation="" active="0" temp="1"/>
          <xaif:Symbol symbol_id="test_prefixSymbol_1" kind="variable" type="real" shape="scalar" annotation="" active="0" temp="1"/>
          <xaif:Symbol symbol_id="test_prefixSymbol_2" kind="variable" type="real" shape="scalar" annotation="" active="0" temp="1"/>
          <xaif:Symbol symbol_id="test_prefixSymbol_3" kind="variable" type="real" shape="scalar" annotation="" active="0" temp="1"/>
          <xaif:Symbol symbol_id="test_prefixSymbol_4" kind="variable" type="real" shape="scalar" annotation="" active="0" temp="1"/>
          <xaif:Symbol symbol_id="test_prefixSymbol_5" kind="variable" type="real" shape="scalar" annotation="" active="0" temp="1"/>
          <xaif:Symbol symbol_id="test_prefixSymbol_6" kind="variable" type="real" shape="scalar" annotation="" active="0" temp="1"/>
          <xaif:Symbol symbol_id="test_prefixSymbol_7" kind="variable" type="real" shape="scalar" annotation="" active="1" temp="1"/>
          <xaif:Symbol symbol_id="test_prefixSymbol_8" kind="variable" type="real" shape="scalar" annotation="" active="0" temp="1"/>
          <xaif:Symbol symbol_id="test_prefixSymbol_9" kind="variable" type="real" shape="scalar" annotation="" active="1" temp="1"/>
          <xaif:Symbol symbol_id="x" kind="variable" type="real" shape="scalar" annotation="" active="1" temp="0"/>
          <xaif:Symbol symbol_id="y" kind="variable" type="real" shape="scalar" annotation="" active="1" temp="0"/>
        </xaif:SymbolTable>
      </xaif:Scope>
      <xaif:Scope vertex_id="2" annotation="">
        <xaif:SymbolTable>
          <xaif:Symbol symbol_id="t1" kind="variable" type="real" shape="scalar" annotation="" active="1" temp="0"/>
          <xaif:Symbol symbol_id="t2" kind="variable" type="real" shape="scalar" annotation="" active="1" temp="0"/>
          <xaif:Symbol symbol_id="test_prefixSymbol_10" kind="variable" type="real" shape="scalar" annotation="" active="0" temp="1"/>
          <xaif:Symbol symbol_id="test_prefixSymbol_11" kind="variable" type="real" shape="scalar" annotation="" active="0" temp="1"/>
          <xaif:Symbol symbol_id="x" kind="variable" type="real" shape="scalar" annotation="" active="1" temp="0"/>
          <xaif:Symbol symbol_id="y" kind="variable" type="real" shape="scalar" annotation="" active="1" temp="0"/>
        </xaif:SymbolTable>
      </xaif:Scope>
      <xaif:ScopeEdge edge_id="1" source="2" target="1"/>
    </xaif:ScopeHierarchy>
    <xaif:AliasSetList>
      <xaif:AliasSet key="0">
        <xaif:AliasRange from_virtual_address="1" to_virtual_address="1" partial="1"/>
      </xaif:AliasSet>
    </xaif:AliasSetList>
    <xaif:DUUDSetList>
      <xaif:DUUDSet key="0">
      </xaif:DUUDSet>
      <xaif:DUUDSet key="1">
        <xaif:StatementId idRef="a2"/>
      </xaif:DUUDSet>
      <xaif:DUUDSet key="2">
        <xaif:StatementId idRef="a1"/>
      </xaif:DUUDSet>
    </xaif:DUUDSetList>
    <xaif:ReplacementList vertex_id="1" symbol_id="head" scope_id="1" controlflowgraph_scope_id="2" annotation="" template_name="reverse_subroutine_template">
      <xaif:ArgumentList>
        <xaif:ArgumentSymbolReference position="1" symbol_id="x" scope_id="2" annotation="" intent="inout"/>
        <xaif:ArgumentSymbolReference position="2" symbol_id="y" scope_id="2" annotation="" intent="inout"/>
      </xaif:ArgumentList>
      <xaif:Replacement placeholder="1">
        <xaif:Entry vertex_id="1" annotation=""/>
        <xaif:BasicBlock vertex_id="2" annotation="blabla" scope_id="2">
          <xaif:Marker statement_id="nop1" annotation="test nop to be ignored"/>
          <xaif:Assignment statement_id="a1">
            <xaif:AssignmentLHS active="true" du_ud="1" deriv="0" constant="0">
              <xaif:SymbolReference vertex_id="1" symbol_id="t1" annotation="" scope_id="2"/>
            </xaif:AssignmentLHS>
            <xaif:AssignmentRHS>
              <xaif:VariableReference vertex_id="1" active="true" deriv="0" constant="0">
                <xaif:SymbolReference vertex_id="1" symbol_id="x" annotation="" scope_id="2"/>
              </xaif:VariableReference>
              <xaif:VariableReference vertex_id="2" active="true" deriv="0" constant="0">
                <xaif:SymbolReference vertex_id="1" symbol_id="y" annotation="" scope_id="2"/>
              </xaif:VariableReference>
              <xaif:Intrinsic vertex_id="3" annotation="" name="mul_scal_scal"/>
              <xaif:ExpressionEdge edge_id="1" source="1" target="3" position="1"/>
              <xaif:ExpressionEdge edge_id="2" source="2" target="3" position="2"/>
            </xaif:AssignmentRHS>
          </xaif:Assignment>
          <xaif:Assignment statement_id="a2">
            <xaif:AssignmentLHS active="true" deriv="0" constant="0">
              <xaif:SymbolReference vertex_id="1" symbol_id="y" annotation="" scope_id="2"/>
            </xaif:AssignmentLHS>
            <xaif:AssignmentRHS>
              <xaif:VariableReference vertex_id="1" active="true" du_ud="2" deriv="0" constant="0">
                <xaif:SymbolReference vertex_id="1" symbol_id="t1" annotation="" scope_id="2"/>
              </xaif:VariableReference>
              <xaif:Intrinsic vertex_id="2" annotation="" name="mul_scal_scal"/>
              <xaif:ExpressionEdge edge_id="1" source="1" target="2" position="1"/>
              <xaif:ExpressionEdge edge_id="2" source="1" target="2" position="2"/>
            </xaif:AssignmentRHS>
          </xaif:Assignment>
        </xaif:BasicBlock>
        <xaif:Exit vertex_id="3" annotation=""/>
        <xaif:ControlFlowEdge edge_id="1" source="1" target="2" has_condition_value="0"/>
        <xaif:ControlFlowEdge edge_id="2" source="2" target="3" has_condition_value="0"/>
      </xaif:Replacement>
      <xaif:Replacement placeholder="2">
        <xaif:Entry vertex_id="1" annotation=""/>
        <xaif:BasicBlock vertex_id="2" annotation="blabla" scope_id="2">
          <xaif:Marker statement_id="nop1" annotation="test nop to be ignored"/>
          <xaif:Assignment statement_id="replacement for a1">
            <xaif:AssignmentLHS active="false" deriv="0" constant="0">
              <xaif:SymbolReference vertex_id="1" symbol_id="test_prefixSymbol_2" annotation="xaifBoosterLinearization::AssignmentAlg::makeSSACodeList" scope_id="1"/>
            </xaif:AssignmentLHS>
            <xaif:AssignmentRHS>
              <xaif:Intrinsic vertex_id="3" annotation="" name="mul_scal_scal"/>
              <xaif:VariableReference vertex_id="1" active="true" deriv="0" constant="0">
                <xaif:SymbolReference vertex_id="1" symbol_id="x" annotation="" scope_id="2"/>
              </xaif:VariableReference>
              <xaif:VariableReference vertex_id="2" active="true" deriv="0" constant="0">
                <xaif:SymbolReference vertex_id="1" symbol_id="y" annotation="" scope_id="2"/>
              </xaif:VariableReference>
              <xaif:ExpressionEdge edge_id="1" source="1" target="3" position="1"/>
              <xaif:ExpressionEdge edge_id="2" source="2" target="3" position="2"/>
            </xaif:AssignmentRHS>
          </xaif:Assignment>
          <xaif:Assignment statement_id="elementary_partial">
            <xaif:AssignmentLHS active="false" deriv="0" constant="0">
              <xaif:SymbolReference vertex_id="1" symbol_id="test_prefixSymbol_0" annotation="xaifBoosterLinearization::ExpressionAlg::createPartialExpressions" scope_id="1"/>
            </xaif:AssignmentLHS>
            <xaif:AssignmentRHS>
              <xaif:VariableReference vertex_id="1" active="true" deriv="0" constant="0">
                <xaif:SymbolReference vertex_id="1" symbol_id="y" annotation="" scope_id="2"/>
              </xaif:VariableReference>
            </xaif:AssignmentRHS>
          </xaif:Assignment>
          <xaif:Assignment statement_id="elementary_partial">
            <xaif:AssignmentLHS active="false" deriv="0" constant="0">
              <xaif:SymbolReference vertex_id="1" symbol_id="test_prefixSymbol_1" annotation="xaifBoosterLinearization::ExpressionAlg::createPartialExpressions" scope_id="1"/>
            </xaif:AssignmentLHS>
            <xaif:AssignmentRHS>
              <xaif:VariableReference vertex_id="1" active="true" deriv="0" constant="0">
                <xaif:SymbolReference vertex_id="1" symbol_id="x" annotation="" scope_id="2"/>
              </xaif:VariableReference>
            </xaif:AssignmentRHS>
          </xaif:Assignment>
          <xaif:Assignment statement_id="a1: delayed LHS assignment for correct partials">
            <xaif:AssignmentLHS active="true" du_ud="1" deriv="0" constant="0">
              <xaif:SymbolReference vertex_id="1" symbol_id="t1" annotation="" scope_id="2"/>
            </xaif:AssignmentLHS>
            <xaif:AssignmentRHS>
              <xaif:VariableReference vertex_id="1" active="false" deriv="0" constant="0">
                <xaif:SymbolReference vertex_id="1" symbol_id="test_prefixSymbol_2" annotation="xaifBoosterLinearization::AssignmentAlg::makeSSACodeList" scope_id="1"/>
              </xaif:VariableReference>
            </xaif:AssignmentRHS>
          </xaif:Assignment>
          <xaif:Assignment statement_id="replacement for a2">
            <xaif:AssignmentLHS active="false" deriv="0" constant="0">
              <xaif:SymbolReference vertex_id="1" symbol_id="test_prefixSymbol_5" annotation="xaifBoosterLinearization::AssignmentAlg::makeSSACodeList" scope_id="1"/>
            </xaif:AssignmentLHS>
            <xaif:AssignmentRHS>
              <xaif:Intrinsic vertex_id="2" annotation="" name="mul_scal_scal"/>
              <xaif:VariableReference vertex_id="1" active="true" du_ud="2" deriv="0" constant="0">
                <xaif:SymbolReference vertex_id="1" symbol_id="t1" annotation="" scope_id="2"/>
              </xaif:VariableReference>
              <xaif:ExpressionEdge edge_id="1" source="1" target="2" position="1"/>
              <xaif:ExpressionEdge edge_id="2" source="1" target="2" position="2"/>
            </xaif:AssignmentRHS>
          </xaif:Assignment>
          <xaif:Assignment statement_id="elementary_partial">
            <xaif:AssignmentLHS active="false" deriv="0" constant="0">
              <xaif:SymbolReference vertex_id="1" symbol_id="test_prefixSymbol_3" annotation="xaifBoosterLinearization::ExpressionAlg::createPartialExpressions" scope_id="1"/>
            </xaif:AssignmentLHS>
            <xaif:AssignmentRHS>
              <xaif:VariableReference vertex_id="1" active="true" du_ud="2" deriv="0" constant="0">
                <xaif:SymbolReference vertex_id="1" symbol_id="t1" annotation="" scope_id="2"/>
              </xaif:VariableReference>
            </xaif:AssignmentRHS>
          </xaif:Assignment>
          <xaif:Assignment statement_id="elementary_partial">
            <xaif:AssignmentLHS active="false" deriv="0" constant="0">
              <xaif:SymbolReference vertex_id="1" symbol_id="test_prefixSymbol_4" annotation="xaifBoosterLinearization::ExpressionAlg::createPartialExpressions" scope_id="1"/>
            </xaif:AssignmentLHS>
            <xaif:AssignmentRHS>
              <xaif:VariableReference vertex_id="1" active="true" du_ud="2" deriv="0" constant="0">
                <xaif:SymbolReference vertex_id="1" symbol_id="t1" annotation="" scope_id="2"/>
              </xaif:VariableReference>
            </xaif:AssignmentRHS>
          </xaif:Assignment>
          <xaif:Assignment statement_id="a2: delayed LHS assignment for correct partials">
            <xaif:AssignmentLHS active="true" deriv="0" constant="0">
              <xaif:SymbolReference vertex_id="1" symbol_id="y" annotation="" scope_id="2"/>
            </xaif:AssignmentLHS>
            <xaif:AssignmentRHS>
              <xaif:VariableReference vertex_id="1" active="false" deriv="0" constant="0">
                <xaif:SymbolReference vertex_id="1" symbol_id="test_prefixSymbol_5" annotation="xaifBoosterLinearization::AssignmentAlg::makeSSACodeList" scope_id="1"/>
              </xaif:VariableReference>
            </xaif:AssignmentRHS>
          </xaif:Assignment>
          <xaif:Assignment statement_id="jacobian_accumulation">
            <xaif:AssignmentLHS active="false" deriv="0" constant="0">
              <xaif:SymbolReference vertex_id="1" symbol_id="test_prefixSymbol_6" annotation="xaifBoosterBasicBlockPreaccumulation::BasicBlockAlg::algorithm_action_3" scope_id="1"/>
            </xaif:AssignmentLHS>
            <xaif:AssignmentRHS>
              <xaif:VariableReference vertex_id="1" active="false" deriv="0" constant="0">
                <xaif:SymbolReference vertex_id="1" symbol_id="test_prefixSymbol_0" annotation="xaifBoosterLinearization::ExpressionAlg::createPartialExpressions" scope_id="1"/>
              </xaif:VariableReference>
              <xaif:VariableReference vertex_id="2" active="false" deriv="0" constant="0">
                <xaif:SymbolReference vertex_id="1" symbol_id="test_prefixSymbol_4" annotation="xaifBoosterLinearization::ExpressionAlg::createPartialExpressions" scope_id="1"/>
              </xaif:VariableReference>
              <xaif:Intrinsic vertex_id="3" name="add_scal_scal"/>
              <xaif:VariableReference vertex_id="4" active="false" deriv="0" constant="0">
                <xaif:SymbolReference vertex_id="1" symbol_id="test_prefixSymbol_3" annotation="xaifBoosterLinearization::ExpressionAlg::createPartialExpressions" scope_id="1"/>
              </xaif:VariableReference>
              <xaif:Intrinsic vertex_id="5" name="mul_scal_scal"/>
              <xaif:ExpressionEdge edge_id="1" source="2" target="3" position="1"/>
              <xaif:ExpressionEdge edge_id="2" source="4" target="3" position="2"/>
              <xaif:ExpressionEdge edge_id="3" source="1" target="5" position="1"/>
              <xaif:ExpressionEdge edge_id="4" source="3" target="5" position="2"/>
            </xaif:AssignmentRHS>
          </xaif:Assignment>
          <xaif:Assignment statement_id="jacobian_accumulation">
            <xaif:AssignmentLHS active="false" deriv="0" constant="0">
              <xaif:SymbolReference vertex_id="1" symbol_id="test_prefixSymbol_8" annotation="xaifBoosterBasicBlockPreaccumulation::BasicBlockAlg::algorithm_action_3" scope_id="1"/>
            </xaif:AssignmentLHS>
            <xaif:AssignmentRHS>
              <xaif:VariableReference vertex_id="1" active="false" deriv="0" constant="0">
                <xaif:SymbolReference vertex_id="1" symbol_id="test_prefixSymbol_1" annotation="xaifBoosterLinearization::ExpressionAlg::createPartialExpressions" scope_id="1"/>
              </xaif:VariableReference>
              <xaif:VariableReference vertex_id="2" active="false" deriv="0" constant="0">
                <xaif:SymbolReference vertex_id="1" symbol_id="test_prefixSymbol_4" annotation="xaifBoosterLinearization::ExpressionAlg::createPartialExpressions" scope_id="1"/>
              </xaif:VariableReference>
              <xaif:Intrinsic vertex_id="3" name="add_scal_scal"/>
              <xaif:VariableReference vertex_id="4" active="false" deriv="0" constant="0">
                <xaif:SymbolReference vertex_id="1" symbol_id="test_prefixSymbol_3" annotation="xaifBoosterLinearization::ExpressionAlg::createPartialExpressions" scope_id="1"/>
              </xaif:VariableReference>
              <xaif:Intrinsic vertex_id="5" name="mul_scal_scal"/>
              <xaif:ExpressionEdge edge_id="1" source="2" target="3" position="1"/>
              <xaif:ExpressionEdge edge_id="2" source="4" target="3" position="2"/>
              <xaif:ExpressionEdge edge_id="3" source="1" target="5" position="1"/>
              <xaif:ExpressionEdge edge_id="4" source="3" target="5" position="2"/>
            </xaif:AssignmentRHS>
          </xaif:Assignment>
          <xaif:InlinableSubroutineCall subroutine_name="push" statement_id="inline_push">
            <xaif:ArgumentSubstitute position="1" active="false" deriv="0" constant="0">
              <xaif:SymbolReference vertex_id="1" symbol_id="test_prefixSymbol_6" annotation="xaifBoosterBasicBlockPreaccumulation::BasicBlockAlg::algorithm_action_3" scope_id="1"/>
            </xaif:ArgumentSubstitute>
          </xaif:InlinableSubroutineCall>
          <xaif:InlinableSubroutineCall subroutine_name="push" statement_id="inline_push">
            <xaif:ArgumentSubstitute position="1" active="false" deriv="0" constant="0">
              <xaif:SymbolReference vertex_id="1" symbol_id="test_prefixSymbol_8" annotation="xaifBoosterBasicBlockPreaccumulation::BasicBlockAlg::algorithm_action_3" scope_id="1"/>
            </xaif:ArgumentSubstitute>
          </xaif:InlinableSubroutineCall>
        </xaif:BasicBlock>
        <xaif:Exit vertex_id="3" annotation=""/>
        <xaif:ControlFlowEdge edge_id="_cfr_e_1" source="1" target="2" has_condition_value="0" condition_value="0"/>
        <xaif:ControlFlowEdge edge_id="_cfr_e_2" source="2" target="3" has_condition_value="0" condition_value="0"/>
      </xaif:Replacement>
      <xaif:Replacement placeholder="3">
        <xaif:Entry vertex_id="_adj__cfr_v_1" annotation="_cfr_"/>
        <xaif:BasicBlock vertex_id="2" annotation="blabla" scope_id="2">
          <xaif:InlinableSubroutineCall subroutine_name="Pop" statement_id="inline_pop">
            <xaif:ArgumentSubstitute position="1" active="false" deriv="0" constant="0">
              <xaif:SymbolReference vertex_id="1" symbol_id="test_prefixSymbol_10" annotation="xaifBoosterBasicBlockPreaccumulationTapeAdjoint::BasicBlockAlg::algorithm_action_4" scope_id="2"/>
            </xaif:ArgumentSubstitute>
          </xaif:InlinableSubroutineCall>
          <xaif:InlinableSubroutineCall subroutine_name="Saxpy" statement_id="inline_saxpy">
            <xaif:ArgumentSubstitute position="1" active="false" deriv="0" constant="0">
              <xaif:SymbolReference vertex_id="1" symbol_id="test_prefixSymbol_10" annotation="xaifBoosterBasicBlockPreaccumulationTapeAdjoint::BasicBlockAlg::algorithm_action_4" scope_id="2"/>
            </xaif:ArgumentSubstitute>
            <xaif:ArgumentSubstitute position="2" active="true" deriv="0" constant="0">
              <xaif:SymbolReference vertex_id="1" symbol_id="y" annotation="" scope_id="2"/>
            </xaif:ArgumentSubstitute>
            <xaif:ArgumentSubstitute position="3" active="true" deriv="0" constant="0">
              <xaif:SymbolReference vertex_id="1" symbol_id="test_prefixSymbol_9" annotation="xaifBoosterBasicBlockPreaccumulation::BasicBlockAlg::algorithm_action_3" scope_id="1"/>
            </xaif:ArgumentSubstitute>
          </xaif:InlinableSubroutineCall>
          <xaif:InlinableSubroutineCall subroutine_name="Pop" statement_id="inline_pop">
            <xaif:ArgumentSubstitute position="1" active="false" deriv="0" constant="0">
              <xaif:SymbolReference vertex_id="1" symbol_id="test_prefixSymbol_11" annotation="xaifBoosterBasicBlockPreaccumulationTapeAdjoint::BasicBlockAlg::algorithm_action_4" scope_id="2"/>
            </xaif:ArgumentSubstitute>
          </xaif:InlinableSubroutineCall>
          <xaif:InlinableSubroutineCall subroutine_name="Saxpy" statement_id="inline_saxpy">
            <xaif:ArgumentSubstitute position="1" active="false" deriv="0" constant="0">
              <xaif:SymbolReference vertex_id="1" symbol_id="test_prefixSymbol_11" annotation="xaifBoosterBasicBlockPreaccumulationTapeAdjoint::BasicBlockAlg::algorithm_action_4" scope_id="2"/>
            </xaif:ArgumentSubstitute>
            <xaif:ArgumentSubstitute position="2" active="true" deriv="0" constant="0">
              <xaif:SymbolReference vertex_id="1" symbol_id="y" annotation="" scope_id="2"/>
            </xaif:ArgumentSubstitute>
            <xaif:ArgumentSubstitute position="3" active="true" deriv="0" constant="0">
              <xaif:SymbolReference vertex_id="1" symbol_id="test_prefixSymbol_7" annotation="xaifBoosterBasicBlockPreaccumulation::BasicBlockAlg::algorithm_action_3" scope_id="1"/>
            </xaif:ArgumentSubstitute>
          </xaif:InlinableSubroutineCall>
          <xaif:InlinableSubroutineCall subroutine_name="ZeroDeriv" statement_id="inline_zeroderiv">
            <xaif:ArgumentSubstitute position="1" active="true" deriv="0" constant="0">
              <xaif:SymbolReference vertex_id="1" symbol_id="y" annotation="" scope_id="2"/>
            </xaif:ArgumentSubstitute>
          </xaif:InlinableSubroutineCall>
          <xaif:InlinableSubroutineCall subroutine_name="IncDeriv" statement_id="inline_IncDeriv">
            <xaif:ArgumentSubstitute position="1" active="true" deriv="0" constant="0">
              <xaif:SymbolReference vertex_id="1" symbol_id="test_prefixSymbol_7" annotation="xaifBoosterBasicBlockPreaccumulation::BasicBlockAlg::algorithm_action_3" scope_id="1"/>
            </xaif:ArgumentSubstitute>
            <xaif:ArgumentSubstitute position="2" active="true" deriv="0" constant="0">
              <xaif:SymbolReference vertex_id="1" symbol_id="x" annotation="" scope_id="2"/>
            </xaif:ArgumentSubstitute>
          </xaif:InlinableSubroutineCall>
          <xaif:InlinableSubroutineCall subroutine_name="ZeroDeriv" statement_id="inline_zeroderiv">
            <xaif:ArgumentSubstitute position="1" active="true" deriv="0" constant="0">
              <xaif:SymbolReference vertex_id="1" symbol_id="test_prefixSymbol_7" annotation="xaifBoosterBasicBlockPreaccumulation::BasicBlockAlg::algorithm_action_3" scope_id="1"/>
            </xaif:ArgumentSubstitute>
          </xaif:InlinableSubroutineCall>
          <xaif:InlinableSubroutineCall subroutine_name="IncDeriv" statement_id="inline_IncDeriv">
            <xaif:ArgumentSubstitute position="1" active="true" deriv="0" constant="0">
              <xaif:SymbolReference vertex_id="1" symbol_id="test_prefixSymbol_9" annotation="xaifBoosterBasicBlockPreaccumulation::BasicBlockAlg::algorithm_action_3" scope_id="1"/>
            </xaif:ArgumentSubstitute>
            <xaif:ArgumentSubstitute position="2" active="true" deriv="0" constant="0">
              <xaif:SymbolReference vertex_id="1" symbol_id="y" annotation="" scope_id="2"/>
            </xaif:ArgumentSubstitute>
          </xaif:InlinableSubroutineCall>
          <xaif:InlinableSubroutineCall subroutine_name="ZeroDeriv" statement_id="inline_zeroderiv">
            <xaif:ArgumentSubstitute position="1" active="true" deriv="0" constant="0">
              <xaif:SymbolReference vertex_id="1" symbol_id="test_prefixSymbol_9" annotation="xaifBoosterBasicBlockPreaccumulation::BasicBlockAlg::algorithm_action_3" scope_id="1"/>
            </xaif:ArgumentSubstitute>
          </xaif:InlinableSubroutineCall>
        </xaif:BasicBlock>
        <xaif:Exit vertex_id="_adj__cfr_v_2" annotation="_cfr_"/>
        <xaif:ControlFlowEdge edge_id="_cfr_e_1" source="_adj__cfr_v_1" target="2" has_condition_value="0" condition_value="0"/>
        <xaif:ControlFlowEdge edge_id="_cfr_e_2" source="2" target="_adj__cfr_v_2" has_condition_value="0" condition_value="0"/>
      </xaif:Replacement>
      <xaif:Replacement placeholder="4">
        <xaif:Entry vertex_id="1" annotation="cp_entry"/>
        <xaif:Exit vertex_id="2" annotation="cp_exit"/>
        <xaif:BasicBlock vertex_id="3" annotation="cp_basicblock" scope_id="2">
          <xaif:InlinableSubroutineCall subroutine_name="cp_arg_store_real_scalar" statement_id="cp_arg_store_real_scalar">
            <xaif:ArgumentSubstitute position="1" active="true" deriv="0" constant="0">
              <xaif:SymbolReference vertex_id="1" symbol_id="x" annotation="xaifBoosterBasicBlockPreaccumulationReverse::CallGraphVertexAlg::addCheckPointingInlinableSubroutineCall" scope_id="2"/>
            </xaif:ArgumentSubstitute>
          </xaif:InlinableSubroutineCall>
          <xaif:InlinableSubroutineCall subroutine_name="cp_arg_store_real_scalar" statement_id="cp_arg_store_real_scalar">
            <xaif:ArgumentSubstitute position="1" active="true" deriv="0" constant="0">
              <xaif:SymbolReference vertex_id="1" symbol_id="y" annotation="xaifBoosterBasicBlockPreaccumulationReverse::CallGraphVertexAlg::addCheckPointingInlinableSubroutineCall" scope_id="2"/>
            </xaif:ArgumentSubstitute>
          </xaif:InlinableSubroutineCall>
        </xaif:BasicBlock>
        <xaif:ControlFlowEdge edge_id="1" source="1" target="3" has_condition_value="0"/>
        <xaif:ControlFlowEdge edge_id="2" source="3" target="2" has_condition_value="0"/>
      </xaif:Replacement>
      <xaif:Replacement placeholder="5">
        <xaif:Entry vertex_id="1" annotation="cp_entry"/>
        <xaif:Exit vertex_id="2" annotation="cp_exit"/>
        <xaif:BasicBlock vertex_id="3" annotation="cp_basicblock" scope_id="2">
          <xaif:InlinableSubroutineCall subroutine_name="cp_res_store_real_scalar" statement_id="cp_res_store_real_scalar">
            <xaif:ArgumentSubstitute position="1" active="true" deriv="0" constant="0">
              <xaif:SymbolReference vertex_id="1" symbol_id="x" annotation="xaifBoosterBasicBlockPreaccumulationReverse::CallGraphVertexAlg::addCheckPointingInlinableSubroutineCall" scope_id="2"/>
            </xaif:ArgumentSubstitute>
          </xaif:InlinableSubroutineCall>
          <xaif:InlinableSubroutineCall subroutine_name="cp_res_store_real_scalar" statement_id="cp_res_store_real_scalar">
            <xaif:ArgumentSubstitute position="1" active="true" deriv="0" constant="0">
              <xaif:SymbolReference vertex_id="1" symbol_id="y" annotation="xaifBoosterBasicBlockPreaccumulationReverse::CallGraphVertexAlg::addCheckPointingInlinableSubroutineCall" scope_id="2"/>
            </xaif:ArgumentSubstitute>
          </xaif:InlinableSubroutineCall>
        </xaif:BasicBlock>
        <xaif:ControlFlowEdge edge_id="1" source="1" target="3" has_condition_value="0"/>
        <xaif:ControlFlowEdge edge_id="2" source="3" target="2" has_condition_value="0"/>
      </xaif:Replacement>
      <xaif:Replacement placeholder="6">
        <xaif:Entry vertex_id="1" annotation="cp_entry"/>
        <xaif:Exit vertex_id="2" annotation="cp_exit"/>
        <xaif:BasicBlock vertex_id="3" annotation="cp_basicblock" scope_id="2">
          <xaif:InlinableSubroutineCall subroutine_name="cp_arg_restore_real_scalar" statement_id="cp_arg_restore_real_scalar">
            <xaif:ArgumentSubstitute position="1" active="true" deriv="0" constant="0">
              <xaif:SymbolReference vertex_id="1" symbol_id="y" annotation="xaifBoosterBasicBlockPreaccumulationReverse::CallGraphVertexAlg::addCheckPointingInlinableSubroutineCall" scope_id="2"/>
            </xaif:ArgumentSubstitute>
          </xaif:InlinableSubroutineCall>
          <xaif:InlinableSubroutineCall subroutine_name="cp_arg_restore_real_scalar" statement_id="cp_arg_restore_real_scalar">
            <xaif:ArgumentSubstitute position="1" active="true" deriv="0" constant="0">
              <xaif:SymbolReference vertex_id="1" symbol_id="x" annotation="xaifBoosterBasicBlockPreaccumulationReverse::CallGraphVertexAlg::addCheckPointingInlinableSubroutineCall" scope_id="2"/>
            </xaif:ArgumentSubstitute>
          </xaif:InlinableSubroutineCall>
        </xaif:BasicBlock>
        <xaif:ControlFlowEdge edge_id="1" source="1" target="3" has_condition_value="0"/>
        <xaif:ControlFlowEdge edge_id="2" source="3" target="2" has_condition_value="0"/>
      </xaif:Replacement>
      <xaif:Replacement placeholder="7">
        <xaif:Entry vertex_id="1" annotation="cp_entry"/>
        <xaif:Exit vertex_id="2" annotation="cp_exit"/>
        <xaif:BasicBlock vertex_id="3" annotation="cp_basicblock" scope_id="2">
          <xaif:InlinableSubroutineCall subroutine_name="cp_res_restore_real_scalar" statement_id="cp_res_restore_real_scalar">
            <xaif:ArgumentSubstitute position="1" active="true" deriv="0" constant="0">
              <xaif:SymbolReference vertex_id="1" symbol_id="x" annotation="xaifBoosterBasicBlockPreaccumulationReverse::CallGraphVertexAlg::addCheckPointingInlinableSubroutineCall" scope_id="2"/>
            </xaif:ArgumentSubstitute>
          </xaif:InlinableSubroutineCall>
          <xaif:InlinableSubroutineCall subroutine_name="cp_res_restore_real_scalar" statement_id="cp_res_restore_real_scalar">
            <xaif:ArgumentSubstitute position="1" active="true" deriv="0" constant="0">
              <xaif:SymbolReference vertex_id="1" symbol_id="y" annotation="xaifBoosterBasicBlockPreaccumulationReverse::CallGraphVertexAlg::addCheckPointingInlinableSubroutineCall" scope_id="2"/>
            </xaif:ArgumentSubstitute>
          </xaif:InlinableSubroutineCall>
        </xaif:BasicBlock>
        <xaif:ControlFlowEdge edge_id="1" source="1" target="3" has_condition_value="0"/>
        <xaif:ControlFlowEdge edge_id="2" source="3" target="2" has_condition_value="0"/>
      </xaif:Replacement>
    </xaif:ReplacementList>
  </xaif:CallGraph>
