  <xaif:CallGraph xmlns:xsi="http://www.w3.org/2001/XMLSchema-instance" xmlns:xaif="http://www.mcs.anl.gov/XAIF" xsi:schemaLocation="http://www.mcs.anl.gov/XAIF xaif_output.xsd" program_name="Example 2" prefix="GetRidOfThisDefault">
    <xaif:ScopeHierarchy>
      <xaif:Scope vertex_id="1" annotation="">
        <xaif:SymbolTable>
          <xaif:Symbol symbol_id="GetRidOfThisDefaultSymbol_0" kind="variable" type="real" shape="scalar" annotation="" active="0" temp="1"/>
          <xaif:Symbol symbol_id="GetRidOfThisDefaultSymbol_1" kind="variable" type="real" shape="scalar" annotation="" active="0" temp="1"/>
          <xaif:Symbol symbol_id="GetRidOfThisDefaultSymbol_2" kind="variable" type="real" shape="scalar" annotation="" active="0" temp="1"/>
          <xaif:Symbol symbol_id="GetRidOfThisDefaultSymbol_3" kind="variable" type="real" shape="scalar" annotation="" active="1" temp="1"/>
          <xaif:Symbol symbol_id="GetRidOfThisDefaultSymbol_4" kind="variable" type="integer" shape="scalar" annotation="" active="0" temp="1"/>
          <xaif:Symbol symbol_id="GetRidOfThisDefaultSymbol_5" kind="variable" type="integer" shape="scalar" annotation="" active="0" temp="1"/>
          <xaif:Symbol symbol_id="GetRidOfThisDefaultSymbol_6" kind="variable" type="integer" shape="scalar" annotation="" active="0" temp="1"/>
          <xaif:Symbol symbol_id="head" kind="subroutine" type="void" shape="scalar" annotation="" active="1" temp="0"/>
        </xaif:SymbolTable>
      </xaif:Scope>
      <xaif:Scope vertex_id="2" annotation="">
        <xaif:SymbolTable>
          <xaif:Symbol symbol_id="GetRidOfThisDefaultSymbol_7" kind="variable" type="real" shape="scalar" annotation="" active="0" temp="1"/>
          <xaif:Symbol symbol_id="x" kind="variable" type="real" shape="scalar" annotation="" active="1" temp="0"/>
          <xaif:Symbol symbol_id="y" kind="variable" type="real" shape="scalar" annotation="" active="1" temp="0"/>
        </xaif:SymbolTable>
      </xaif:Scope>
      <xaif:ScopeEdge edge_id="1" source="2" target="1"/>
    </xaif:ScopeHierarchy>
    <xaif:AliasSetList>
    </xaif:AliasSetList>
    <xaif:ReplacementList vertex_id="1" symbol_id="head" scope_id="1" controlflowgraph_scope_id="2" annotation="" template_name="reverse_subroutine_template">
      <xaif:ArgumentList>
        <xaif:ArgumentSymbolReference position="2" symbol_id="x" scope_id="2" active="1" annotation="" intent="inout"/>
        <xaif:ArgumentSymbolReference position="3" symbol_id="y" scope_id="2" active="1" annotation="" intent="inout"/>
      </xaif:ArgumentList>
      <xaif:Replacement placeholder="1">
        <xaif:Entry vertex_id="1" annotation=""/>
        <xaif:Label vertex_id="2" annotation=""/>
        <xaif:BasicBlock vertex_id="3" annotation="" scope_id="2">
          <xaif:Assignment statement_id="1" active="1">
            <xaif:AssignmentLHS active="true" deriv="0" constant="0">
              <xaif:SymbolReference vertex_id="1" symbol_id="y" annotation="" scope_id="2"/>
            </xaif:AssignmentLHS>
            <xaif:AssignmentRHS>
              <xaif:VariableReference vertex_id="1" active="true" deriv="0" constant="0">
                <xaif:SymbolReference vertex_id="1" symbol_id="x" annotation="" scope_id="2"/>
              </xaif:VariableReference>
              <xaif:Constant vertex_id="2" type="integer" value="1"/>
              <xaif:Intrinsic vertex_id="3" annotation="" name="add_scal_scal"/>
              <xaif:ExpressionEdge edge_id="1" source="1" target="3" position="1"/>
              <xaif:ExpressionEdge edge_id="2" source="2" target="3" position="2"/>
            </xaif:AssignmentRHS>
          </xaif:Assignment>
        </xaif:BasicBlock>
        <xaif:Branch vertex_id="4" annotation="">
          <xaif:Condition>
            <xaif:BooleanOperation vertex_id="1" name="less_than"/>
            <xaif:VariableReference vertex_id="2" active="true" deriv="0" constant="0">
              <xaif:SymbolReference vertex_id="1" symbol_id="y" annotation="" scope_id="2"/>
            </xaif:VariableReference>
            <xaif:VariableReference vertex_id="3" active="true" deriv="0" constant="0">
              <xaif:SymbolReference vertex_id="1" symbol_id="x" annotation="" scope_id="2"/>
            </xaif:VariableReference>
            <xaif:ExpressionEdge edge_id="1" source="2" target="1" position="1"/>
            <xaif:ExpressionEdge edge_id="2" source="3" target="1" position="2"/>
          </xaif:Condition>
        </xaif:Branch>
        <xaif:Goto vertex_id="5" annotation=""/>
        <xaif:EndBranch vertex_id="6" annotation=""/>
        <xaif:Exit vertex_id="7" annotation=""/>
        <xaif:ControlFlowEdge edge_id="1" source="1" target="2" has_condition_value="0" condition_value="1"/>
        <xaif:ControlFlowEdge edge_id="2" source="2" target="3" has_condition_value="0" condition_value="1"/>
        <xaif:ControlFlowEdge edge_id="3" source="3" target="4" has_condition_value="0" condition_value="1"/>
        <xaif:ControlFlowEdge edge_id="4" source="4" target="5" has_condition_value="1" condition_value="1"/>
        <xaif:ControlFlowEdge edge_id="5" source="4" target="6" has_condition_value="0" condition_value="1"/>
        <xaif:ControlFlowEdge edge_id="6" source="5" target="2" has_condition_value="0" condition_value="1"/>
        <xaif:ControlFlowEdge edge_id="7" source="6" target="7" has_condition_value="0" condition_value="1"/>
      </xaif:Replacement>
      <xaif:Replacement placeholder="2">
        <xaif:Entry vertex_id="1" annotation=""/>
        <xaif:Label vertex_id="2" annotation=""/>
        <xaif:BasicBlock vertex_id="3" annotation="" scope_id="2">
          <xaif:Assignment statement_id="1" active="1">
            <xaif:AssignmentLHS active="true" deriv="0" constant="0">
              <xaif:SymbolReference vertex_id="1" symbol_id="y" annotation="" scope_id="2"/>
            </xaif:AssignmentLHS>
            <xaif:AssignmentRHS>
              <xaif:VariableReference vertex_id="1" active="true" deriv="0" constant="0">
                <xaif:SymbolReference vertex_id="1" symbol_id="x" annotation="" scope_id="2"/>
              </xaif:VariableReference>
              <xaif:Constant vertex_id="2" type="integer" value="1"/>
              <xaif:Intrinsic vertex_id="3" annotation="" name="add_scal_scal"/>
              <xaif:ExpressionEdge edge_id="1" source="1" target="3" position="1"/>
              <xaif:ExpressionEdge edge_id="2" source="2" target="3" position="2"/>
            </xaif:AssignmentRHS>
          </xaif:Assignment>
          <xaif:Assignment statement_id="elementary_partial" active="0">
            <xaif:AssignmentLHS active="false" deriv="0" constant="0">
              <xaif:SymbolReference vertex_id="1" symbol_id="GetRidOfThisDefaultSymbol_0" annotation="xaifBoosterLinearization::ExpressionAlg::createPartialExpressions" scope_id="1"/>
            </xaif:AssignmentLHS>
            <xaif:AssignmentRHS>
              <xaif:Constant vertex_id="1" type="integer" value="1"/>
            </xaif:AssignmentRHS>
          </xaif:Assignment>
          <xaif:Assignment statement_id="jacobian_accumulation" active="1">
            <xaif:AssignmentLHS active="false" deriv="0" constant="0">
              <xaif:SymbolReference vertex_id="1" symbol_id="GetRidOfThisDefaultSymbol_2" annotation="xaifBoosterBasicBlockPreaccumulation::BasicBlockAlg::algorithm_action_3" scope_id="1"/>
            </xaif:AssignmentLHS>
            <xaif:AssignmentRHS>
              <xaif:VariableReference vertex_id="1" active="false" deriv="0" constant="0">
                <xaif:SymbolReference vertex_id="1" symbol_id="GetRidOfThisDefaultSymbol_0" annotation="xaifBoosterLinearization::ExpressionAlg::createPartialExpressions" scope_id="1"/>
              </xaif:VariableReference>
            </xaif:AssignmentRHS>
          </xaif:Assignment>
          <xaif:InlinableSubroutineCall subroutine_name="push" statement_id="inline_push">
            <xaif:ArgumentSubstitute position="1" active="false" deriv="0" constant="0">
              <xaif:SymbolReference vertex_id="1" symbol_id="GetRidOfThisDefaultSymbol_2" annotation="xaifBoosterBasicBlockPreaccumulation::BasicBlockAlg::algorithm_action_3" scope_id="1"/>
            </xaif:ArgumentSubstitute>
          </xaif:InlinableSubroutineCall>
        </xaif:BasicBlock>
        <xaif:Branch vertex_id="4" annotation="">
          <xaif:Condition>
            <xaif:BooleanOperation vertex_id="1" name="less_than"/>
            <xaif:VariableReference vertex_id="2" active="true" deriv="0" constant="0">
              <xaif:SymbolReference vertex_id="1" symbol_id="y" annotation="" scope_id="2"/>
            </xaif:VariableReference>
            <xaif:VariableReference vertex_id="3" active="true" deriv="0" constant="0">
              <xaif:SymbolReference vertex_id="1" symbol_id="x" annotation="" scope_id="2"/>
            </xaif:VariableReference>
            <xaif:ExpressionEdge edge_id="1" source="2" target="1" position="1"/>
            <xaif:ExpressionEdge edge_id="2" source="3" target="1" position="2"/>
          </xaif:Condition>
        </xaif:Branch>
        <xaif:Goto vertex_id="5" annotation=""/>
        <xaif:EndBranch vertex_id="6" annotation=""/>
        <xaif:Exit vertex_id="7" annotation=""/>
        <xaif:BasicBlock vertex_id="_aug__cfr_v_7" annotation="_cfr_" scope_id="1">
          <xaif:Assignment statement_id="_cfr_init" active="0">
            <xaif:AssignmentLHS active="false" deriv="0" constant="0">
              <xaif:SymbolReference vertex_id="1" symbol_id="GetRidOfThisDefaultSymbol_6" annotation="xaifBoosterControlFlowReversal::ReversibleControlFlowGraph::makeAuxilliaryIntegerLHS" scope_id="1"/>
            </xaif:AssignmentLHS>
            <xaif:AssignmentRHS>
              <xaif:Constant vertex_id="1" type="integer" value="1"/>
            </xaif:AssignmentRHS>
          </xaif:Assignment>
          <xaif:InlinableSubroutineCall subroutine_name="push_i" statement_id="_cfr_push_i">
            <xaif:ArgumentSubstitute position="1" active="false" deriv="0" constant="0">
              <xaif:SymbolReference vertex_id="1" symbol_id="GetRidOfThisDefaultSymbol_6" annotation="xaifBoosterControlFlowReversal::ReversibleControlFlowGraph::insert_push_integer" scope_id="1"/>
            </xaif:ArgumentSubstitute>
          </xaif:InlinableSubroutineCall>
        </xaif:BasicBlock>
        <xaif:ControlFlowEdge edge_id="1" source="1" target="2" has_condition_value="0" condition_value="1"/>
        <xaif:ControlFlowEdge edge_id="2" source="2" target="3" has_condition_value="0" condition_value="1"/>
        <xaif:ControlFlowEdge edge_id="3" source="3" target="4" has_condition_value="0" condition_value="1"/>
        <xaif:ControlFlowEdge edge_id="4" source="4" target="5" has_condition_value="1" condition_value="1"/>
        <xaif:ControlFlowEdge edge_id="6" source="5" target="2" has_condition_value="0" condition_value="1"/>
        <xaif:ControlFlowEdge edge_id="7" source="6" target="7" has_condition_value="0" condition_value="1"/>
        <xaif:ControlFlowEdge edge_id="_cfr_e_1" source="4" target="_aug__cfr_v_7" has_condition_value="0" condition_value="1"/>
        <xaif:ControlFlowEdge edge_id="_cfr_e_2" source="_aug__cfr_v_7" target="6" has_condition_value="0" condition_value="1"/>
      </xaif:Replacement>
      <xaif:Replacement placeholder="3">
        <xaif:Entry vertex_id="_adj__cfr_v_1" annotation="_cfr_"/>
        <xaif:Branch vertex_id="_adj__cfr_v_2" annotation="_cfr_">
          <xaif:Condition>
            <xaif:VariableReference vertex_id="1" active="false" deriv="0" constant="0">
              <xaif:SymbolReference vertex_id="1" symbol_id="GetRidOfThisDefaultSymbol_4" annotation="xaifBoosterControlFlowReversal::ReversibleControlFlowGraph::buildAdjointControlFlowGraph(BRANCH)" scope_id="1"/>
            </xaif:VariableReference>
            <xaif:VariableReference vertex_id="1" active="false" deriv="0" constant="0">
              <xaif:SymbolReference vertex_id="1" symbol_id="GetRidOfThisDefaultSymbol_5" annotation="xaifBoosterControlFlowReversal::ReversibleControlFlowGraph::buildAdjointControlFlowGraph(BRANCH)" scope_id="1"/>
            </xaif:VariableReference>
          </xaif:Condition>
        </xaif:Branch>
        <xaif:EndBranch vertex_id="_adj__cfr_v_3" annotation="_cfr_"/>
        <xaif:BasicBlock vertex_id="3" annotation="" scope_id="2">
          <xaif:InlinableSubroutineCall subroutine_name="Pop" statement_id="inline_pop">
            <xaif:ArgumentSubstitute position="1" active="false" deriv="0" constant="0">
              <xaif:SymbolReference vertex_id="1" symbol_id="GetRidOfThisDefaultSymbol_7" annotation="xaifBoosterBasicBlockPreaccumulationTapeAdjoint::BasicBlockAlg::algorithm_action_4" scope_id="2"/>
            </xaif:ArgumentSubstitute>
          </xaif:InlinableSubroutineCall>
          <xaif:InlinableSubroutineCall subroutine_name="Saxpy" statement_id="inline_saxpy">
            <xaif:ArgumentSubstitute position="1" active="false" deriv="0" constant="0">
              <xaif:SymbolReference vertex_id="1" symbol_id="GetRidOfThisDefaultSymbol_7" annotation="xaifBoosterBasicBlockPreaccumulationTapeAdjoint::BasicBlockAlg::algorithm_action_4" scope_id="2"/>
            </xaif:ArgumentSubstitute>
            <xaif:ArgumentSubstitute position="2" active="true" deriv="0" constant="0">
              <xaif:SymbolReference vertex_id="1" symbol_id="y" annotation="" scope_id="2"/>
            </xaif:ArgumentSubstitute>
            <xaif:ArgumentSubstitute position="3" active="true" deriv="0" constant="0">
              <xaif:SymbolReference vertex_id="1" symbol_id="GetRidOfThisDefaultSymbol_3" annotation="xaifBoosterBasicBlockPreaccumulation::BasicBlockAlg::algorithm_action_3" scope_id="1"/>
            </xaif:ArgumentSubstitute>
          </xaif:InlinableSubroutineCall>
          <xaif:InlinableSubroutineCall subroutine_name="ZeroDeriv" statement_id="inline_zeroderiv">
            <xaif:ArgumentSubstitute position="1" active="true" deriv="0" constant="0">
              <xaif:SymbolReference vertex_id="1" symbol_id="y" annotation="" scope_id="2"/>
            </xaif:ArgumentSubstitute>
          </xaif:InlinableSubroutineCall>
          <xaif:InlinableSubroutineCall subroutine_name="IncDeriv" statement_id="inline_IncDeriv">
            <xaif:ArgumentSubstitute position="1" active="true" deriv="0" constant="0">
              <xaif:SymbolReference vertex_id="1" symbol_id="GetRidOfThisDefaultSymbol_3" annotation="xaifBoosterBasicBlockPreaccumulation::BasicBlockAlg::algorithm_action_3" scope_id="1"/>
            </xaif:ArgumentSubstitute>
            <xaif:ArgumentSubstitute position="2" active="true" deriv="0" constant="0">
              <xaif:SymbolReference vertex_id="1" symbol_id="x" annotation="" scope_id="2"/>
            </xaif:ArgumentSubstitute>
          </xaif:InlinableSubroutineCall>
          <xaif:InlinableSubroutineCall subroutine_name="ZeroDeriv" statement_id="inline_zeroderiv">
            <xaif:ArgumentSubstitute position="1" active="true" deriv="0" constant="0">
              <xaif:SymbolReference vertex_id="1" symbol_id="GetRidOfThisDefaultSymbol_3" annotation="xaifBoosterBasicBlockPreaccumulation::BasicBlockAlg::algorithm_action_3" scope_id="1"/>
            </xaif:ArgumentSubstitute>
          </xaif:InlinableSubroutineCall>
        </xaif:BasicBlock>
        <xaif:Exit vertex_id="_adj__cfr_v_4" annotation="_cfr_"/>
        <xaif:BasicBlock vertex_id="_adj__cfr_v_5" annotation="_cfr_" scope_id="1">
          <xaif:InlinableSubroutineCall subroutine_name="pop_i" statement_id="_cfr_pop_i">
            <xaif:ArgumentSubstitute position="1" active="false" deriv="0" constant="0">
              <xaif:SymbolReference vertex_id="1" symbol_id="GetRidOfThisDefaultSymbol_4" annotation="xaifBoosterControlFlowReversal::ReversibleControlFlowGraph::insert_pop_integer" scope_id="1"/>
            </xaif:ArgumentSubstitute>
          </xaif:InlinableSubroutineCall>
        </xaif:BasicBlock>
        <xaif:BasicBlock vertex_id="_adj__cfr_v_6" annotation="_cfr_" scope_id="1">
          <xaif:InlinableSubroutineCall subroutine_name="pop_i" statement_id="_cfr_pop_i">
            <xaif:ArgumentSubstitute position="1" active="false" deriv="0" constant="0">
              <xaif:SymbolReference vertex_id="1" symbol_id="GetRidOfThisDefaultSymbol_5" annotation="xaifBoosterControlFlowReversal::ReversibleControlFlowGraph::insert_pop_integer" scope_id="1"/>
            </xaif:ArgumentSubstitute>
          </xaif:InlinableSubroutineCall>
        </xaif:BasicBlock>
        <xaif:ControlFlowEdge edge_id="_cfr_e_2" source="_adj__cfr_v_1" target="_adj__cfr_v_5" has_condition_value="0" condition_value="1"/>
        <xaif:ControlFlowEdge edge_id="_cfr_e_4" source="_adj__cfr_v_2" target="_adj__cfr_v_3" has_condition_value="0" condition_value="1"/>
        <xaif:ControlFlowEdge edge_id="_cfr_e_5" source="_adj__cfr_v_5" target="_adj__cfr_v_6" has_condition_value="0" condition_value="1"/>
        <xaif:ControlFlowEdge edge_id="_cfr_e_6" source="_adj__cfr_v_6" target="_adj__cfr_v_2" has_condition_value="0" condition_value="1"/>
        <xaif:ControlFlowEdge edge_id="_cfr_e_7" source="_adj__cfr_v_2" target="_adj__cfr_v_3" has_condition_value="1" condition_value="1"/>
        <xaif:ControlFlowEdge edge_id="_cfr_e_8" source="_adj__cfr_v_3" target="3" has_condition_value="0" condition_value="1"/>
        <xaif:ControlFlowEdge edge_id="_cfr_e_9" source="3" target="3" has_condition_value="0" condition_value="1"/>
        <xaif:ControlFlowEdge edge_id="_cfr_e_10" source="3" target="_adj__cfr_v_4" has_condition_value="0" condition_value="1"/>
        <xaif:ControlFlowEdge edge_id="_cfr_e_11" source="3" target="_adj__cfr_v_2" has_condition_value="0" condition_value="1"/>
      </xaif:Replacement>
      <xaif:Replacement placeholder="4">
        <xaif:Entry vertex_id="1" annotation="cp_entry"/>
        <xaif:Exit vertex_id="2" annotation="cp_exit"/>
        <xaif:BasicBlock vertex_id="3" annotation="cp_basicblock" scope_id="2">
          <xaif:InlinableSubroutineCall subroutine_name="cp_arg_store_real_scalar" statement_id="cp_arg_store_real_scalar">
            <xaif:ArgumentSubstitute position="1" active="true" deriv="0" constant="0">
              <xaif:SymbolReference vertex_id="1" symbol_id="x" annotation="xaifBoosterBasicBlockPreaccumulationReverse::CallGraphVertexAlg::addCheckPointingInlinableSubroutineCall" scope_id="2"/>
            </xaif:ArgumentSubstitute>
          </xaif:InlinableSubroutineCall>
          <xaif:InlinableSubroutineCall subroutine_name="cp_arg_store_real_scalar" statement_id="cp_arg_store_real_scalar">
            <xaif:ArgumentSubstitute position="1" active="true" deriv="0" constant="0">
              <xaif:SymbolReference vertex_id="1" symbol_id="y" annotation="xaifBoosterBasicBlockPreaccumulationReverse::CallGraphVertexAlg::addCheckPointingInlinableSubroutineCall" scope_id="2"/>
            </xaif:ArgumentSubstitute>
          </xaif:InlinableSubroutineCall>
        </xaif:BasicBlock>
        <xaif:ControlFlowEdge edge_id="1" source="1" target="3" has_condition_value="0" condition_value="1"/>
        <xaif:ControlFlowEdge edge_id="2" source="3" target="2" has_condition_value="0" condition_value="1"/>
      </xaif:Replacement>
      <xaif:Replacement placeholder="5">
        <xaif:Entry vertex_id="1" annotation="cp_entry"/>
        <xaif:Exit vertex_id="2" annotation="cp_exit"/>
        <xaif:BasicBlock vertex_id="3" annotation="cp_basicblock" scope_id="2">
          <xaif:InlinableSubroutineCall subroutine_name="cp_res_store_real_scalar" statement_id="cp_res_store_real_scalar">
            <xaif:ArgumentSubstitute position="1" active="true" deriv="0" constant="0">
              <xaif:SymbolReference vertex_id="1" symbol_id="x" annotation="xaifBoosterBasicBlockPreaccumulationReverse::CallGraphVertexAlg::addCheckPointingInlinableSubroutineCall" scope_id="2"/>
            </xaif:ArgumentSubstitute>
          </xaif:InlinableSubroutineCall>
          <xaif:InlinableSubroutineCall subroutine_name="cp_res_store_real_scalar" statement_id="cp_res_store_real_scalar">
            <xaif:ArgumentSubstitute position="1" active="true" deriv="0" constant="0">
              <xaif:SymbolReference vertex_id="1" symbol_id="y" annotation="xaifBoosterBasicBlockPreaccumulationReverse::CallGraphVertexAlg::addCheckPointingInlinableSubroutineCall" scope_id="2"/>
            </xaif:ArgumentSubstitute>
          </xaif:InlinableSubroutineCall>
        </xaif:BasicBlock>
        <xaif:ControlFlowEdge edge_id="1" source="1" target="3" has_condition_value="0" condition_value="1"/>
        <xaif:ControlFlowEdge edge_id="2" source="3" target="2" has_condition_value="0" condition_value="1"/>
      </xaif:Replacement>
      <xaif:Replacement placeholder="6">
        <xaif:Entry vertex_id="1" annotation="cp_entry"/>
        <xaif:Exit vertex_id="2" annotation="cp_exit"/>
        <xaif:BasicBlock vertex_id="3" annotation="cp_basicblock" scope_id="2">
          <xaif:InlinableSubroutineCall subroutine_name="cp_arg_restore_real_scalar" statement_id="cp_arg_restore_real_scalar">
            <xaif:ArgumentSubstitute position="1" active="true" deriv="0" constant="0">
              <xaif:SymbolReference vertex_id="1" symbol_id="y" annotation="xaifBoosterBasicBlockPreaccumulationReverse::CallGraphVertexAlg::addCheckPointingInlinableSubroutineCall" scope_id="2"/>
            </xaif:ArgumentSubstitute>
          </xaif:InlinableSubroutineCall>
          <xaif:InlinableSubroutineCall subroutine_name="cp_arg_restore_real_scalar" statement_id="cp_arg_restore_real_scalar">
            <xaif:ArgumentSubstitute position="1" active="true" deriv="0" constant="0">
              <xaif:SymbolReference vertex_id="1" symbol_id="x" annotation="xaifBoosterBasicBlockPreaccumulationReverse::CallGraphVertexAlg::addCheckPointingInlinableSubroutineCall" scope_id="2"/>
            </xaif:ArgumentSubstitute>
          </xaif:InlinableSubroutineCall>
        </xaif:BasicBlock>
        <xaif:ControlFlowEdge edge_id="1" source="1" target="3" has_condition_value="0" condition_value="1"/>
        <xaif:ControlFlowEdge edge_id="2" source="3" target="2" has_condition_value="0" condition_value="1"/>
      </xaif:Replacement>
      <xaif:Replacement placeholder="7">
        <xaif:Entry vertex_id="1" annotation="cp_entry"/>
        <xaif:Exit vertex_id="2" annotation="cp_exit"/>
        <xaif:BasicBlock vertex_id="3" annotation="cp_basicblock" scope_id="2">
          <xaif:InlinableSubroutineCall subroutine_name="cp_res_restore_real_scalar" statement_id="cp_res_restore_real_scalar">
            <xaif:ArgumentSubstitute position="1" active="true" deriv="0" constant="0">
              <xaif:SymbolReference vertex_id="1" symbol_id="x" annotation="xaifBoosterBasicBlockPreaccumulationReverse::CallGraphVertexAlg::addCheckPointingInlinableSubroutineCall" scope_id="2"/>
            </xaif:ArgumentSubstitute>
          </xaif:InlinableSubroutineCall>
          <xaif:InlinableSubroutineCall subroutine_name="cp_res_restore_real_scalar" statement_id="cp_res_restore_real_scalar">
            <xaif:ArgumentSubstitute position="1" active="true" deriv="0" constant="0">
              <xaif:SymbolReference vertex_id="1" symbol_id="y" annotation="xaifBoosterBasicBlockPreaccumulationReverse::CallGraphVertexAlg::addCheckPointingInlinableSubroutineCall" scope_id="2"/>
            </xaif:ArgumentSubstitute>
          </xaif:InlinableSubroutineCall>
        </xaif:BasicBlock>
        <xaif:ControlFlowEdge edge_id="1" source="1" target="3" has_condition_value="0" condition_value="1"/>
        <xaif:ControlFlowEdge edge_id="2" source="3" target="2" has_condition_value="0" condition_value="1"/>
      </xaif:Replacement>
    </xaif:ReplacementList>
  </xaif:CallGraph>
