  <xaif:CallGraph xmlns:xsi="http://www.w3.org/2001/XMLSchema-instance" xmlns:xaif="http://www.mcs.anl.gov/XAIF" xsi:schemaLocation="http://www.mcs.anl.gov/XAIF ../xaif.xsd" program_name="Example 3" prefix="test_prefix">
    <xaif:ScopeHierarchy>
      <xaif:Scope vertex_id="1" annotation="">
        <xaif:SymbolTable>
          <xaif:Symbol symbol_id="head" kind="subroutine" type="void" shape="scalar" annotation="" active="1" temp="0"/>
          <xaif:Symbol symbol_id="test_prefixSymbol_10" kind="variable" type="real" shape="scalar" annotation="" active="0" temp="1"/>
          <xaif:Symbol symbol_id="test_prefixSymbol_11" kind="variable" type="real" shape="scalar" annotation="" active="0" temp="1"/>
          <xaif:Symbol symbol_id="test_prefixSymbol_0" kind="variable" type="real" shape="scalar" annotation="" active="0" temp="1"/>
          <xaif:Symbol symbol_id="test_prefixSymbol_1" kind="variable" type="real" shape="scalar" annotation="" active="0" temp="1"/>
          <xaif:Symbol symbol_id="test_prefixSymbol_2" kind="variable" type="real" shape="scalar" annotation="" active="0" temp="1"/>
          <xaif:Symbol symbol_id="test_prefixSymbol_3" kind="variable" type="real" shape="scalar" annotation="" active="0" temp="1"/>
          <xaif:Symbol symbol_id="test_prefixSymbol_4" kind="variable" type="real" shape="scalar" annotation="" active="0" temp="1"/>
          <xaif:Symbol symbol_id="test_prefixSymbol_5" kind="variable" type="real" shape="scalar" annotation="" active="0" temp="1"/>
          <xaif:Symbol symbol_id="test_prefixSymbol_6" kind="variable" type="real" shape="scalar" annotation="" active="0" temp="1"/>
          <xaif:Symbol symbol_id="test_prefixSymbol_7" kind="variable" type="real" shape="scalar" annotation="" active="0" temp="1"/>
          <xaif:Symbol symbol_id="test_prefixSymbol_8" kind="variable" type="real" shape="scalar" annotation="" active="0" temp="1"/>
          <xaif:Symbol symbol_id="test_prefixSymbol_9" kind="variable" type="real" shape="scalar" annotation="" active="0" temp="1"/>
          <xaif:Symbol symbol_id="my_add" kind="subroutine" type="void" shape="scalar" annotation="" active="1" temp="0"/>
        </xaif:SymbolTable>
      </xaif:Scope>
      <xaif:Scope vertex_id="2" annotation="">
        <xaif:SymbolTable>
          <xaif:Symbol symbol_id="t1" kind="variable" type="real" shape="scalar" annotation="" active="1" temp="0"/>
          <xaif:Symbol symbol_id="t2" kind="variable" type="real" shape="scalar" annotation="" active="1" temp="0"/>
          <xaif:Symbol symbol_id="i" kind="variable" type="integer" shape="scalar" annotation="" active="0" temp="0"/>
          <xaif:Symbol symbol_id="x" kind="variable" type="real" shape="scalar" annotation="" active="1" temp="0"/>
          <xaif:Symbol symbol_id="y" kind="variable" type="real" shape="scalar" annotation="" active="1" temp="0"/>
        </xaif:SymbolTable>
      </xaif:Scope>
      <xaif:Scope vertex_id="3" annotation="">
        <xaif:SymbolTable>
          <xaif:Symbol symbol_id="u1" kind="variable" type="real" shape="scalar" annotation="" active="1" temp="0"/>
          <xaif:Symbol symbol_id="u2" kind="variable" type="real" shape="scalar" annotation="" active="1" temp="0"/>
          <xaif:Symbol symbol_id="v" kind="variable" type="real" shape="scalar" annotation="" active="1" temp="0"/>
        </xaif:SymbolTable>
      </xaif:Scope>
      <xaif:ScopeEdge edge_id="1" source="2" target="1"/>
      <xaif:ScopeEdge edge_id="2" source="3" target="1"/>
    </xaif:ScopeHierarchy>
    <xaif:AliasSetList>
    </xaif:AliasSetList>
    <xaif:ControlFlowGraph vertex_id="1" symbol_id="head" scope_id="1" annotation="" active="1">
      <xaif:ArgumentList>
        <xaif:ArgumentSymbolReference position="1" symbol_id="x" scope_id="2" active="1" annotation="" intent="inout"/>
        <xaif:ArgumentSymbolReference position="2" symbol_id="y" scope_id="2" active="1" annotation="" intent="inout"/>
      </xaif:ArgumentList>
      <xaif:Entry vertex_id="1" annotation=""/>
      <xaif:ForLoop vertex_id="2" annotation="">
        <xaif:Initialization>
          <xaif:AssignmentLHS active="false" deriv="0">
            <xaif:SymbolReference vertex_id="1" symbol_id="i" scope_id="2"/>
          </xaif:AssignmentLHS>
          <xaif:AssignmentRHS>
            <xaif:Constant vertex_id="1" type="integer" value="1"/>
          </xaif:AssignmentRHS>
        </xaif:Initialization>
        <xaif:Condition>
          <xaif:BooleanOperation vertex_id="1" name="less_or_equal"/>
          <xaif:VariableReference vertex_id="2" active="false" deriv="0">
            <xaif:SymbolReference vertex_id="1" symbol_id="i" scope_id="2"/>
          </xaif:VariableReference>
          <xaif:Constant vertex_id="3" type="integer" value="11"/>
          <xaif:ExpressionEdge edge_id="1" source="2" target="1" position="1"/>
          <xaif:ExpressionEdge edge_id="2" source="3" target="1" position="2"/>
        </xaif:Condition>
        <xaif:Update>
          <xaif:AssignmentLHS active="false" deriv="0">
            <xaif:SymbolReference vertex_id="1" symbol_id="i" scope_id="2"/>
          </xaif:AssignmentLHS>
          <xaif:AssignmentRHS>
            <xaif:Intrinsic vertex_id="1" annotation="" name="add_scal_scal"/>
            <xaif:VariableReference vertex_id="2" active="false" deriv="0">
              <xaif:SymbolReference vertex_id="1" symbol_id="i" scope_id="2"/>
            </xaif:VariableReference>
            <xaif:Constant vertex_id="3" type="integer" value="1"/>
            <xaif:ExpressionEdge edge_id="1" source="2" target="1" position="1"/>
            <xaif:ExpressionEdge edge_id="2" source="3" target="1" position="2"/>
          </xaif:AssignmentRHS>
        </xaif:Update>
      </xaif:ForLoop>
      <xaif:BasicBlock vertex_id="3" annotation="" scope_id="2">
        <xaif:Assignment statement_id="replacement for sage_1" active="1">
          <xaif:AssignmentLHS active="false" deriv="0">
            <xaif:SymbolReference vertex_id="1" symbol_id="test_prefixSymbol_1" scope_id="1"/>
          </xaif:AssignmentLHS>
          <xaif:AssignmentRHS>
            <xaif:Intrinsic vertex_id="2" annotation="" name="sin_scal"/>
            <xaif:VariableReference vertex_id="1" active="true" deriv="0">
              <xaif:SymbolReference vertex_id="1" symbol_id="x" scope_id="2"/>
            </xaif:VariableReference>
            <xaif:ExpressionEdge edge_id="1" source="1" target="2" position="1"/>
          </xaif:AssignmentRHS>
        </xaif:Assignment>
        <xaif:Assignment statement_id="replacement for sage_1" active="1">
          <xaif:AssignmentLHS active="false" deriv="0">
            <xaif:SymbolReference vertex_id="1" symbol_id="test_prefixSymbol_4" scope_id="1"/>
          </xaif:AssignmentLHS>
          <xaif:AssignmentRHS>
            <xaif:Intrinsic vertex_id="4" annotation="" name="mul_scal_scal"/>
            <xaif:VariableReference vertex_id="2" active="false" deriv="0">
              <xaif:SymbolReference vertex_id="1" symbol_id="test_prefixSymbol_1" scope_id="1"/>
            </xaif:VariableReference>
            <xaif:VariableReference vertex_id="3" active="true" deriv="0">
              <xaif:SymbolReference vertex_id="1" symbol_id="y" scope_id="2"/>
            </xaif:VariableReference>
            <xaif:ExpressionEdge edge_id="2" source="2" target="4" position="1"/>
            <xaif:ExpressionEdge edge_id="3" source="3" target="4" position="2"/>
          </xaif:AssignmentRHS>
        </xaif:Assignment>
        <xaif:Assignment statement_id="elementary_partial" active="0">
          <xaif:AssignmentLHS active="false" deriv="0">
            <xaif:SymbolReference vertex_id="1" symbol_id="test_prefixSymbol_0" scope_id="1"/>
          </xaif:AssignmentLHS>
          <xaif:AssignmentRHS>
            <xaif:Intrinsic vertex_id="1" name="cos_scal"/>
            <xaif:VariableReference vertex_id="2" active="true" deriv="0">
              <xaif:SymbolReference vertex_id="1" symbol_id="x" scope_id="2"/>
            </xaif:VariableReference>
            <xaif:ExpressionEdge edge_id="1" source="2" target="1" position="1"/>
          </xaif:AssignmentRHS>
        </xaif:Assignment>
        <xaif:Assignment statement_id="elementary_partial" active="0">
          <xaif:AssignmentLHS active="false" deriv="0">
            <xaif:SymbolReference vertex_id="1" symbol_id="test_prefixSymbol_2" scope_id="1"/>
          </xaif:AssignmentLHS>
          <xaif:AssignmentRHS>
            <xaif:VariableReference vertex_id="1" active="true" deriv="0">
              <xaif:SymbolReference vertex_id="1" symbol_id="y" scope_id="2"/>
            </xaif:VariableReference>
          </xaif:AssignmentRHS>
        </xaif:Assignment>
        <xaif:Assignment statement_id="elementary_partial" active="0">
          <xaif:AssignmentLHS active="false" deriv="0">
            <xaif:SymbolReference vertex_id="1" symbol_id="test_prefixSymbol_3" scope_id="1"/>
          </xaif:AssignmentLHS>
          <xaif:AssignmentRHS>
            <xaif:VariableReference vertex_id="1" active="false" deriv="0">
              <xaif:SymbolReference vertex_id="1" symbol_id="test_prefixSymbol_1" scope_id="1"/>
            </xaif:VariableReference>
          </xaif:AssignmentRHS>
        </xaif:Assignment>
        <xaif:Assignment statement_id="sage_1: delayed LHS assignment for correct partials" active="1">
          <xaif:AssignmentLHS active="true" deriv="0">
            <xaif:SymbolReference vertex_id="1" symbol_id="t1" scope_id="2"/>
          </xaif:AssignmentLHS>
          <xaif:AssignmentRHS>
            <xaif:VariableReference vertex_id="1" active="false" deriv="0">
              <xaif:SymbolReference vertex_id="1" symbol_id="test_prefixSymbol_4" scope_id="1"/>
            </xaif:VariableReference>
          </xaif:AssignmentRHS>
        </xaif:Assignment>
        <xaif:Assignment statement_id="replacement for sage_2" active="1">
          <xaif:AssignmentLHS active="false" deriv="0">
            <xaif:SymbolReference vertex_id="1" symbol_id="test_prefixSymbol_9" scope_id="1"/>
          </xaif:AssignmentLHS>
          <xaif:AssignmentRHS>
            <xaif:Intrinsic vertex_id="5" annotation="" name="add_scal_scal"/>
            <xaif:Intrinsic vertex_id="3" annotation="" name="mul_scal_scal"/>
            <xaif:VariableReference vertex_id="1" active="true" deriv="0">
              <xaif:SymbolReference vertex_id="1" symbol_id="t1" scope_id="2"/>
            </xaif:VariableReference>
            <xaif:VariableReference vertex_id="2" active="true" deriv="0">
              <xaif:SymbolReference vertex_id="1" symbol_id="x" scope_id="2"/>
            </xaif:VariableReference>
            <xaif:VariableReference vertex_id="4" active="false" deriv="0">
              <xaif:SymbolReference vertex_id="1" symbol_id="i" scope_id="2"/>
            </xaif:VariableReference>
            <xaif:ExpressionEdge edge_id="3" source="3" target="5" position="1"/>
            <xaif:ExpressionEdge edge_id="1" source="1" target="3" position="1"/>
            <xaif:ExpressionEdge edge_id="2" source="2" target="3" position="2"/>
            <xaif:ExpressionEdge edge_id="4" source="4" target="5" position="2"/>
          </xaif:AssignmentRHS>
        </xaif:Assignment>
        <xaif:Assignment statement_id="elementary_partial" active="0">
          <xaif:AssignmentLHS active="false" deriv="0">
            <xaif:SymbolReference vertex_id="1" symbol_id="test_prefixSymbol_5" scope_id="1"/>
          </xaif:AssignmentLHS>
          <xaif:AssignmentRHS>
            <xaif:VariableReference vertex_id="1" active="true" deriv="0">
              <xaif:SymbolReference vertex_id="1" symbol_id="x" scope_id="2"/>
            </xaif:VariableReference>
          </xaif:AssignmentRHS>
        </xaif:Assignment>
        <xaif:Assignment statement_id="elementary_partial" active="0">
          <xaif:AssignmentLHS active="false" deriv="0">
            <xaif:SymbolReference vertex_id="1" symbol_id="test_prefixSymbol_6" scope_id="1"/>
          </xaif:AssignmentLHS>
          <xaif:AssignmentRHS>
            <xaif:VariableReference vertex_id="1" active="true" deriv="0">
              <xaif:SymbolReference vertex_id="1" symbol_id="t1" scope_id="2"/>
            </xaif:VariableReference>
          </xaif:AssignmentRHS>
        </xaif:Assignment>
        <xaif:Assignment statement_id="elementary_partial" active="0">
          <xaif:AssignmentLHS active="false" deriv="0">
            <xaif:SymbolReference vertex_id="1" symbol_id="test_prefixSymbol_7" scope_id="1"/>
          </xaif:AssignmentLHS>
          <xaif:AssignmentRHS>
            <xaif:Constant vertex_id="1" type="integer" value="1"/>
          </xaif:AssignmentRHS>
        </xaif:Assignment>
        <xaif:Assignment statement_id="sage_2: delayed LHS assignment for correct partials" active="1">
          <xaif:AssignmentLHS active="true" deriv="0">
            <xaif:SymbolReference vertex_id="1" symbol_id="t2" scope_id="2"/>
          </xaif:AssignmentLHS>
          <xaif:AssignmentRHS>
            <xaif:VariableReference vertex_id="1" active="false" deriv="0">
              <xaif:SymbolReference vertex_id="1" symbol_id="test_prefixSymbol_9" scope_id="1"/>
            </xaif:VariableReference>
          </xaif:AssignmentRHS>
        </xaif:Assignment>
        <xaif:SubroutineCall statement_id="my_add_1" symbol_id="my_add" scope_id="1" active="1">
          <xaif:Argument position="1">
            <xaif:SymbolReference vertex_id="1" symbol_id="t1" scope_id="2"/>
          </xaif:Argument>
          <xaif:Argument position="2">
            <xaif:SymbolReference vertex_id="1" symbol_id="t2" scope_id="2"/>
          </xaif:Argument>
          <xaif:Argument position="3">
            <xaif:SymbolReference vertex_id="1" symbol_id="y" scope_id="2"/>
          </xaif:Argument>
        </xaif:SubroutineCall>
      </xaif:BasicBlock>
      <xaif:EndLoop vertex_id="4" annotation=""/>
      <xaif:Exit vertex_id="5" annotation=""/>
      <xaif:ControlFlowEdge edge_id="1" source="1" target="2" has_condition_value="0" condition_value="1"/>
      <xaif:ControlFlowEdge edge_id="2" source="2" target="3" has_condition_value="0" condition_value="1"/>
      <xaif:ControlFlowEdge edge_id="3" source="3" target="4" has_condition_value="0" condition_value="1"/>
      <xaif:ControlFlowEdge edge_id="4" source="4" target="2" has_condition_value="0" condition_value="1"/>
      <xaif:ControlFlowEdge edge_id="5" source="2" target="5" has_condition_value="0" condition_value="1"/>
    </xaif:ControlFlowGraph>
    <xaif:ControlFlowGraph vertex_id="2" symbol_id="my_add" scope_id="1" annotation="" active="1">
      <xaif:ArgumentList>
        <xaif:ArgumentSymbolReference position="1" symbol_id="u1" scope_id="3" active="1" annotation="" intent="inout"/>
        <xaif:ArgumentSymbolReference position="2" symbol_id="u2" scope_id="3" active="1" annotation="" intent="inout"/>
        <xaif:ArgumentSymbolReference position="3" symbol_id="v" scope_id="3" active="1" annotation="" intent="inout"/>
      </xaif:ArgumentList>
      <xaif:Entry vertex_id="1" annotation=""/>
      <xaif:BasicBlock vertex_id="2" annotation="" scope_id="3">
        <xaif:Assignment statement_id="whatever" active="1">
          <xaif:AssignmentLHS active="true" deriv="0">
            <xaif:SymbolReference vertex_id="1" symbol_id="v" scope_id="3"/>
          </xaif:AssignmentLHS>
          <xaif:AssignmentRHS>
            <xaif:VariableReference vertex_id="1" active="true" deriv="0">
              <xaif:SymbolReference vertex_id="1" symbol_id="u1" scope_id="3"/>
            </xaif:VariableReference>
            <xaif:VariableReference vertex_id="2" active="true" deriv="0">
              <xaif:SymbolReference vertex_id="1" symbol_id="u2" scope_id="3"/>
            </xaif:VariableReference>
            <xaif:Intrinsic vertex_id="3" annotation="" name="add_scal_scal"/>
            <xaif:ExpressionEdge edge_id="1" source="1" target="3" position="1"/>
            <xaif:ExpressionEdge edge_id="2" source="2" target="3" position="2"/>
          </xaif:AssignmentRHS>
        </xaif:Assignment>
        <xaif:Assignment statement_id="elementary_partial" active="0">
          <xaif:AssignmentLHS active="false" deriv="0">
            <xaif:SymbolReference vertex_id="1" symbol_id="test_prefixSymbol_10" scope_id="1"/>
          </xaif:AssignmentLHS>
          <xaif:AssignmentRHS>
            <xaif:Constant vertex_id="1" type="integer" value="1"/>
          </xaif:AssignmentRHS>
        </xaif:Assignment>
        <xaif:Assignment statement_id="elementary_partial" active="0">
          <xaif:AssignmentLHS active="false" deriv="0">
            <xaif:SymbolReference vertex_id="1" symbol_id="test_prefixSymbol_11" scope_id="1"/>
          </xaif:AssignmentLHS>
          <xaif:AssignmentRHS>
            <xaif:Constant vertex_id="1" type="integer" value="1"/>
          </xaif:AssignmentRHS>
        </xaif:Assignment>
      </xaif:BasicBlock>
      <xaif:Exit vertex_id="3" annotation=""/>
    </xaif:ControlFlowGraph>
    <xaif:CallGraphEdge edge_id="1" source="1" target="2"/>
  </xaif:CallGraph>
