  <xaif:CallGraph xmlns:xsi="http://www.w3.org/2001/XMLSchema-instance" xmlns:xaif="http://www.mcs.anl.gov/XAIF" xsi:schemaLocation="http://www.mcs.anl.gov/XAIF xaif_output.xsd" program_name="Example 2" prefix="GetRidOfThisDefault">
    <xaif:ScopeHierarchy>
      <xaif:Scope vertex_id="1" annotation="">
        <xaif:SymbolTable>
          <xaif:Symbol symbol_id="GetRidOfThisDefaultSymbol_0" kind="variable" type="integer" feType="" shape="scalar" annotation="" active="0" temp="1">
          </xaif:Symbol>
          <xaif:Symbol symbol_id="head" kind="subroutine" type="void" feType="" shape="scalar" annotation="" active="1" temp="0">
          </xaif:Symbol>
        </xaif:SymbolTable>
      </xaif:Scope>
      <xaif:Scope vertex_id="2" annotation="">
        <xaif:SymbolTable>
          <xaif:Symbol symbol_id="x" kind="variable" type="real" feType="" shape="scalar" annotation="" active="1" temp="0">
          </xaif:Symbol>
          <xaif:Symbol symbol_id="y" kind="variable" type="real" feType="" shape="scalar" annotation="" active="1" temp="0">
          </xaif:Symbol>
        </xaif:SymbolTable>
      </xaif:Scope>
      <xaif:ScopeEdge edge_id="1" source="2" target="1"/>
    </xaif:ScopeHierarchy>
    <xaif:AliasSetMap>
      <xaif:AliasSet key="0">
        <xaif:AliasRange from_virtual_address="1" to_virtual_address="1" partial="1"/>
      </xaif:AliasSet>
    </xaif:AliasSetMap>
    <xaif:DUUDSetMap>
      <xaif:StmtIdSet key="0">
      </xaif:StmtIdSet>
    </xaif:DUUDSetMap>
    <xaif:DOSetMap>
      <xaif:StmtIdSet key="0">
      </xaif:StmtIdSet>
    </xaif:DOSetMap>
    <xaif:ReplacementList vertex_id="1" symbol_id="head" scope_id="1" controlflowgraph_scope_id="2" annotation="" template_name="tracing_subroutine_template">
      <xaif:ArgumentList>
        <xaif:ArgumentSymbolReference position="2" symbol_id="x" scope_id="2" annotation="" intent="inout"/>
        <xaif:ArgumentSymbolReference position="3" symbol_id="y" scope_id="2" annotation="" intent="inout"/>
      </xaif:ArgumentList>
      <xaif:Replacement placeholder="1">
        <xaif:Entry vertex_id="1" annotation=""/>
        <xaif:PreLoop vertex_id="2" annotation="">
          <xaif:Condition>
            <xaif:BooleanOperation vertex_id="1" name="less_than"/>
            <xaif:VariableReference vertex_id="2" active="true" deriv="0" constant="0">
              <xaif:SymbolReference vertex_id="1" symbol_id="y" annotation="" scope_id="2"/>
            </xaif:VariableReference>
            <xaif:VariableReference vertex_id="3" active="true" deriv="0" constant="0">
              <xaif:SymbolReference vertex_id="1" symbol_id="x" annotation="" scope_id="2"/>
            </xaif:VariableReference>
            <xaif:ExpressionEdge edge_id="1" source="2" target="1" position="1"/>
            <xaif:ExpressionEdge edge_id="2" source="3" target="1" position="2"/>
          </xaif:Condition>
        </xaif:PreLoop>
        <xaif:BasicBlock vertex_id="3" annotation="" scope_id="2">
          <xaif:Assignment statement_id="1">
            <xaif:AssignmentLHS active="true" deriv="0" constant="0">
              <xaif:SymbolReference vertex_id="1" symbol_id="y" annotation="" scope_id="2"/>
            </xaif:AssignmentLHS>
            <xaif:AssignmentRHS>
              <xaif:VariableReference vertex_id="1" active="true" deriv="0" constant="0">
                <xaif:SymbolReference vertex_id="1" symbol_id="x" annotation="" scope_id="2"/>
              </xaif:VariableReference>
              <xaif:Constant vertex_id="2" type="integer" feType="" value="1"/>
              <xaif:Intrinsic vertex_id="3" annotation="" name="add_scal_scal"/>
              <xaif:ExpressionEdge edge_id="1" source="1" target="3" position="1"/>
              <xaif:ExpressionEdge edge_id="2" source="2" target="3" position="2"/>
            </xaif:AssignmentRHS>
          </xaif:Assignment>
        </xaif:BasicBlock>
        <xaif:Goto vertex_id="4" annotation=""/>
        <xaif:BasicBlock vertex_id="5" annotation="" scope_id="2">
          <xaif:Assignment statement_id="2">
            <xaif:AssignmentLHS active="true" deriv="0" constant="0">
              <xaif:SymbolReference vertex_id="1" symbol_id="y" annotation="" scope_id="2"/>
            </xaif:AssignmentLHS>
            <xaif:AssignmentRHS>
              <xaif:VariableReference vertex_id="1" active="true" deriv="0" constant="0">
                <xaif:SymbolReference vertex_id="1" symbol_id="x" annotation="" scope_id="2"/>
              </xaif:VariableReference>
              <xaif:Constant vertex_id="2" type="integer" feType="" value="1"/>
              <xaif:Intrinsic vertex_id="3" annotation="" name="add_scal_scal"/>
              <xaif:ExpressionEdge edge_id="1" source="1" target="3" position="1"/>
              <xaif:ExpressionEdge edge_id="2" source="2" target="3" position="2"/>
            </xaif:AssignmentRHS>
          </xaif:Assignment>
        </xaif:BasicBlock>
        <xaif:EndLoop vertex_id="6" annotation=""/>
        <xaif:Exit vertex_id="7" annotation=""/>
        <xaif:ControlFlowEdge edge_id="1" source="1" target="2" has_condition_value="0"/>
        <xaif:ControlFlowEdge edge_id="2" source="2" target="3" has_condition_value="1" condition_value="1"/>
        <xaif:ControlFlowEdge edge_id="3" source="3" target="4" has_condition_value="0"/>
        <xaif:ControlFlowEdge edge_id="4" source="4" target="6" has_condition_value="0"/>
        <xaif:ControlFlowEdge edge_id="5" source="5" target="6" has_condition_value="0"/>
        <xaif:ControlFlowEdge edge_id="6" source="6" target="2" has_condition_value="0"/>
        <xaif:ControlFlowEdge edge_id="7" source="2" target="7" has_condition_value="0"/>
      </xaif:Replacement>
      <xaif:Replacement placeholder="2">
        <xaif:Entry vertex_id="1" annotation=""/>
        <xaif:PreLoop vertex_id="2" annotation="">
          <xaif:Condition>
            <xaif:BooleanOperation vertex_id="1" name="less_than"/>
            <xaif:VariableReference vertex_id="2" active="true" deriv="0" constant="0">
              <xaif:SymbolReference vertex_id="1" symbol_id="y" annotation="" scope_id="2"/>
            </xaif:VariableReference>
            <xaif:VariableReference vertex_id="3" active="true" deriv="0" constant="0">
              <xaif:SymbolReference vertex_id="1" symbol_id="x" annotation="" scope_id="2"/>
            </xaif:VariableReference>
            <xaif:ExpressionEdge edge_id="1" source="2" target="1" position="1"/>
            <xaif:ExpressionEdge edge_id="2" source="3" target="1" position="2"/>
          </xaif:Condition>
        </xaif:PreLoop>
        <xaif:BasicBlock vertex_id="3" annotation="" scope_id="2">
          <xaif:Assignment statement_id="1">
            <xaif:AssignmentLHS active="true" deriv="0" constant="0">
              <xaif:SymbolReference vertex_id="1" symbol_id="y" annotation="" scope_id="2"/>
            </xaif:AssignmentLHS>
            <xaif:AssignmentRHS>
              <xaif:VariableReference vertex_id="1" active="true" deriv="0" constant="0">
                <xaif:SymbolReference vertex_id="1" symbol_id="x" annotation="" scope_id="2"/>
              </xaif:VariableReference>
              <xaif:Constant vertex_id="2" type="integer" feType="" value="1"/>
              <xaif:Intrinsic vertex_id="3" annotation="" name="add_scal_scal"/>
              <xaif:ExpressionEdge edge_id="1" source="1" target="3" position="1"/>
              <xaif:ExpressionEdge edge_id="2" source="2" target="3" position="2"/>
            </xaif:AssignmentRHS>
          </xaif:Assignment>
        </xaif:BasicBlock>
        <xaif:Goto vertex_id="4" annotation=""/>
        <xaif:BasicBlock vertex_id="5" annotation="" scope_id="2">
          <xaif:Assignment statement_id="2">
            <xaif:AssignmentLHS active="true" deriv="0" constant="0">
              <xaif:SymbolReference vertex_id="1" symbol_id="y" annotation="" scope_id="2"/>
            </xaif:AssignmentLHS>
            <xaif:AssignmentRHS>
              <xaif:VariableReference vertex_id="1" active="true" deriv="0" constant="0">
                <xaif:SymbolReference vertex_id="1" symbol_id="x" annotation="" scope_id="2"/>
              </xaif:VariableReference>
              <xaif:Constant vertex_id="2" type="integer" feType="" value="1"/>
              <xaif:Intrinsic vertex_id="3" annotation="" name="add_scal_scal"/>
              <xaif:ExpressionEdge edge_id="1" source="1" target="3" position="1"/>
              <xaif:ExpressionEdge edge_id="2" source="2" target="3" position="2"/>
            </xaif:AssignmentRHS>
          </xaif:Assignment>
        </xaif:BasicBlock>
        <xaif:EndLoop vertex_id="6" annotation=""/>
        <xaif:Exit vertex_id="7" annotation=""/>
        <xaif:BasicBlock vertex_id="_trc__cfr_v_1" annotation="_cfr_" scope_id="1">
          <xaif:Assignment statement_id="_cfr_init">
            <xaif:AssignmentLHS active="false" deriv="0" constant="0">
              <xaif:SymbolReference vertex_id="1" symbol_id="GetRidOfThisDefaultSymbol_0" annotation="xaifBoosterControlFlowReversal::ReversibleControlFlowGraph::makeAuxilliaryIntegerLHS" scope_id="1"/>
            </xaif:AssignmentLHS>
            <xaif:AssignmentRHS>
              <xaif:Constant vertex_id="1" type="integer" feType="" value="0"/>
            </xaif:AssignmentRHS>
          </xaif:Assignment>
          <xaif:InlinableSubroutineCall subroutine_name="oad_trace_loop" statement_id="traceActiveControlFlow">
            <xaif:Argument position="1">
              <xaif:Constant vertex_id="1" type="integer" feType="" value="0"/>
            </xaif:Argument>
          </xaif:InlinableSubroutineCall>
        </xaif:BasicBlock>
        <xaif:BasicBlock vertex_id="_trc__cfr_v_2" annotation="_cfr_" scope_id="1">
          <xaif:InlinableSubroutineCall subroutine_name="oad_trace_CFval" statement_id="traceActiveControlFlow">
            <xaif:Argument position="1">
              <xaif:VariableReference vertex_id="1" active="false" deriv="0" constant="0">
                <xaif:SymbolReference vertex_id="1" symbol_id="GetRidOfThisDefaultSymbol_0" annotation="traceActiveControlFLow" scope_id="1"/>
              </xaif:VariableReference>
            </xaif:Argument>
          </xaif:InlinableSubroutineCall>
          <xaif:InlinableSubroutineCall subroutine_name="oad_trace_eloop" statement_id="otraceActiveControlFlow">
          </xaif:InlinableSubroutineCall>
        </xaif:BasicBlock>
        <xaif:BasicBlock vertex_id="_trc__cfr_v_3" annotation="_cfr_" scope_id="1">
          <xaif:Assignment statement_id="_cfr_increment">
            <xaif:AssignmentLHS active="false" deriv="0" constant="0">
              <xaif:SymbolReference vertex_id="1" symbol_id="GetRidOfThisDefaultSymbol_0" annotation="xaifBoosterControlFlowReversal::ReversibleControlFlowGraph::insert_increment_integer(lhs)" scope_id="1"/>
            </xaif:AssignmentLHS>
            <xaif:AssignmentRHS>
              <xaif:VariableReference vertex_id="2" active="false" deriv="0" constant="0">
                <xaif:SymbolReference vertex_id="1" symbol_id="GetRidOfThisDefaultSymbol_0" annotation="xaifBoosterControlFlowReversal::ReversibleControlFlowGraph::insert_increment_integer(counter)" scope_id="1"/>
              </xaif:VariableReference>
              <xaif:Constant vertex_id="3" type="integer" feType="" value="1"/>
              <xaif:Intrinsic vertex_id="1" name="add_scal_scal"/>
              <xaif:ExpressionEdge edge_id="1" source="2" target="1" position="1"/>
              <xaif:ExpressionEdge edge_id="2" source="3" target="1" position="2"/>
            </xaif:AssignmentRHS>
          </xaif:Assignment>
        </xaif:BasicBlock>
        <xaif:ControlFlowEdge edge_id="_cfr_e_2" source="2" target="3" has_condition_value="1" condition_value="1"/>
        <xaif:ControlFlowEdge edge_id="_cfr_e_3" source="3" target="4" has_condition_value="0"/>
        <xaif:ControlFlowEdge edge_id="_cfr_e_5" source="5" target="6" has_condition_value="0"/>
        <xaif:ControlFlowEdge edge_id="_cfr_e_6" source="6" target="2" has_condition_value="0"/>
        <xaif:ControlFlowEdge edge_id="_cfr_e_8" source="1" target="_trc__cfr_v_1" has_condition_value="0"/>
        <xaif:ControlFlowEdge edge_id="_cfr_e_9" source="_trc__cfr_v_1" target="2" has_condition_value="0"/>
        <xaif:ControlFlowEdge edge_id="_cfr_e_10" source="2" target="_trc__cfr_v_2" has_condition_value="0"/>
        <xaif:ControlFlowEdge edge_id="_cfr_e_11" source="_trc__cfr_v_2" target="7" has_condition_value="0"/>
        <xaif:ControlFlowEdge edge_id="_cfr_e_12" source="4" target="_trc__cfr_v_3" has_condition_value="0"/>
        <xaif:ControlFlowEdge edge_id="_cfr_e_13" source="_trc__cfr_v_3" target="6" has_condition_value="0"/>
      </xaif:Replacement>
    </xaif:ReplacementList>
  </xaif:CallGraph>
