  <xaif:CallGraph xmlns:xsi="http://www.w3.org/2001/XMLSchema-instance" xmlns:xaif="http://www.mcs.anl.gov/XAIF" xsi:schemaLocation="http://www.mcs.anl.gov/XAIF xaif_output.xsd" program_name="Example" prefix="test_prefix">
    <xaif:ScopeHierarchy>
      <xaif:Scope vertex_id="1" annotation="">
        <xaif:SymbolTable>
          <xaif:Symbol symbol_id="head" kind="subroutine" type="void" shape="scalar" annotation="" active="1" temp="0">
          </xaif:Symbol>
          <xaif:Symbol symbol_id="test_prefixSymbol_0" kind="variable" type="real" shape="scalar" annotation="" active="0" temp="1">
          </xaif:Symbol>
          <xaif:Symbol symbol_id="test_prefixSymbol_1" kind="variable" type="real" shape="scalar" annotation="" active="0" temp="1">
          </xaif:Symbol>
          <xaif:Symbol symbol_id="test_prefixSymbol_2" kind="variable" type="real" shape="scalar" annotation="" active="0" temp="1">
          </xaif:Symbol>
          <xaif:Symbol symbol_id="test_prefixSymbol_3" kind="variable" type="real" shape="scalar" annotation="" active="0" temp="1">
          </xaif:Symbol>
          <xaif:Symbol symbol_id="test_prefixSymbol_4" kind="variable" type="real" shape="scalar" annotation="" active="0" temp="1">
          </xaif:Symbol>
          <xaif:Symbol symbol_id="test_prefixSymbol_5" kind="variable" type="real" shape="scalar" annotation="" active="0" temp="1">
          </xaif:Symbol>
          <xaif:Symbol symbol_id="test_prefixSymbol_6" kind="variable" type="real" shape="scalar" annotation="" active="0" temp="1">
          </xaif:Symbol>
          <xaif:Symbol symbol_id="test_prefixSymbol_7" kind="variable" type="real" shape="scalar" annotation="" active="1" temp="1">
          </xaif:Symbol>
          <xaif:Symbol symbol_id="test_prefixSymbol_8" kind="variable" type="real" shape="scalar" annotation="" active="0" temp="1">
          </xaif:Symbol>
          <xaif:Symbol symbol_id="test_prefixSymbol_9" kind="variable" type="real" shape="scalar" annotation="" active="1" temp="1">
          </xaif:Symbol>
          <xaif:Symbol symbol_id="x" kind="variable" type="real" shape="scalar" annotation="" active="1" temp="0">
          </xaif:Symbol>
          <xaif:Symbol symbol_id="y" kind="variable" type="real" shape="scalar" annotation="" active="1" temp="0">
          </xaif:Symbol>
        </xaif:SymbolTable>
      </xaif:Scope>
      <xaif:Scope vertex_id="2" annotation="">
        <xaif:SymbolTable>
          <xaif:Symbol symbol_id="t1" kind="variable" type="real" shape="scalar" annotation="" active="1" temp="0">
          </xaif:Symbol>
          <xaif:Symbol symbol_id="t2" kind="variable" type="real" shape="scalar" annotation="" active="1" temp="0">
          </xaif:Symbol>
          <xaif:Symbol symbol_id="test_prefixSymbol_10" kind="variable" type="real" shape="scalar" annotation="" active="0" temp="1">
          </xaif:Symbol>
          <xaif:Symbol symbol_id="test_prefixSymbol_11" kind="variable" type="real" shape="scalar" annotation="" active="0" temp="1">
          </xaif:Symbol>
          <xaif:Symbol symbol_id="x" kind="variable" type="real" shape="scalar" annotation="" active="1" temp="0">
          </xaif:Symbol>
          <xaif:Symbol symbol_id="y" kind="variable" type="real" shape="scalar" annotation="" active="1" temp="0">
          </xaif:Symbol>
        </xaif:SymbolTable>
      </xaif:Scope>
      <xaif:ScopeEdge edge_id="1" source="2" target="1"/>
    </xaif:ScopeHierarchy>
    <xaif:AliasSetMap>
      <xaif:AliasSet key="0">
        <xaif:AliasRange from_virtual_address="1" to_virtual_address="1" partial="1"/>
      </xaif:AliasSet>
    </xaif:AliasSetMap>
    <xaif:DUUDSetMap>
      <xaif:StmtIdSet key="0">
      </xaif:StmtIdSet>
      <xaif:StmtIdSet key="1">
        <xaif:StatementId idRef="a2"/>
      </xaif:StmtIdSet>
      <xaif:StmtIdSet key="2">
        <xaif:StatementId idRef="a1"/>
      </xaif:StmtIdSet>
    </xaif:DUUDSetMap>
    <xaif:DOSetMap>
      <xaif:StmtIdSet key="0">
      </xaif:StmtIdSet>
    </xaif:DOSetMap>
    <xaif:ControlFlowGraph vertex_id="1" symbol_id="head" scope_id="1" controlflowgraph_scope_id="2" annotation="" active="1">
      <xaif:ArgumentList>
        <xaif:ArgumentSymbolReference position="1" symbol_id="x" scope_id="2" annotation="" intent="inout"/>
        <xaif:ArgumentSymbolReference position="2" symbol_id="y" scope_id="2" annotation="" intent="inout"/>
      </xaif:ArgumentList>
      <xaif:Entry vertex_id="1" annotation=""/>
      <xaif:BasicBlock vertex_id="2" annotation="blabla" scope_id="2">
        <xaif:InlinableSubroutineCall subroutine_name="Pop" statement_id="inline_pop">
          <xaif:Argument position="1">
            <xaif:VariableReference vertex_id="1" active="false" deriv="0" constant="0">
              <xaif:SymbolReference vertex_id="1" symbol_id="test_prefixSymbol_10" annotation="xaifBoosterBasicBlockPreaccumulationTapeAdjoint::BasicBlockAlg::addFactorPop" scope_id="2"/>
            </xaif:VariableReference>
          </xaif:Argument>
        </xaif:InlinableSubroutineCall>
        <xaif:InlinableSubroutineCall subroutine_name="Saxpy" statement_id="inline_saxpy">
          <xaif:Argument position="1">
            <xaif:VariableReference vertex_id="1" active="false" deriv="0" constant="0">
              <xaif:SymbolReference vertex_id="1" symbol_id="test_prefixSymbol_10" annotation="xaifBoosterBasicBlockPreaccumulationTapeAdjoint::BasicBlockAlg::addFactorPop" scope_id="2"/>
            </xaif:VariableReference>
          </xaif:Argument>
          <xaif:Argument position="2">
            <xaif:VariableReference vertex_id="1" active="true" deriv="0" constant="0">
              <xaif:SymbolReference vertex_id="1" symbol_id="y" annotation="" scope_id="2"/>
            </xaif:VariableReference>
          </xaif:Argument>
          <xaif:Argument position="3">
            <xaif:VariableReference vertex_id="1" active="true" deriv="0" constant="0">
              <xaif:SymbolReference vertex_id="1" symbol_id="test_prefixSymbol_9" annotation="xaifBoosterBasicBlockPreaccumulation::BasicBlockAlg::algorithm_action_3" scope_id="1"/>
            </xaif:VariableReference>
          </xaif:Argument>
        </xaif:InlinableSubroutineCall>
        <xaif:InlinableSubroutineCall subroutine_name="Pop" statement_id="inline_pop">
          <xaif:Argument position="1">
            <xaif:VariableReference vertex_id="1" active="false" deriv="0" constant="0">
              <xaif:SymbolReference vertex_id="1" symbol_id="test_prefixSymbol_11" annotation="xaifBoosterBasicBlockPreaccumulationTapeAdjoint::BasicBlockAlg::addFactorPop" scope_id="2"/>
            </xaif:VariableReference>
          </xaif:Argument>
        </xaif:InlinableSubroutineCall>
        <xaif:InlinableSubroutineCall subroutine_name="Saxpy" statement_id="inline_saxpy">
          <xaif:Argument position="1">
            <xaif:VariableReference vertex_id="1" active="false" deriv="0" constant="0">
              <xaif:SymbolReference vertex_id="1" symbol_id="test_prefixSymbol_11" annotation="xaifBoosterBasicBlockPreaccumulationTapeAdjoint::BasicBlockAlg::addFactorPop" scope_id="2"/>
            </xaif:VariableReference>
          </xaif:Argument>
          <xaif:Argument position="2">
            <xaif:VariableReference vertex_id="1" active="true" deriv="0" constant="0">
              <xaif:SymbolReference vertex_id="1" symbol_id="y" annotation="" scope_id="2"/>
            </xaif:VariableReference>
          </xaif:Argument>
          <xaif:Argument position="3">
            <xaif:VariableReference vertex_id="1" active="true" deriv="0" constant="0">
              <xaif:SymbolReference vertex_id="1" symbol_id="test_prefixSymbol_7" annotation="xaifBoosterBasicBlockPreaccumulation::BasicBlockAlg::algorithm_action_3" scope_id="1"/>
            </xaif:VariableReference>
          </xaif:Argument>
        </xaif:InlinableSubroutineCall>
        <xaif:InlinableSubroutineCall subroutine_name="ZeroDeriv" statement_id="inline_zeroderiv">
          <xaif:Argument position="1">
            <xaif:VariableReference vertex_id="1" active="true" deriv="0" constant="0">
              <xaif:SymbolReference vertex_id="1" symbol_id="y" annotation="" scope_id="2"/>
            </xaif:VariableReference>
          </xaif:Argument>
        </xaif:InlinableSubroutineCall>
        <xaif:InlinableSubroutineCall subroutine_name="IncDeriv" statement_id="inline_IncDeriv">
          <xaif:Argument position="1">
            <xaif:VariableReference vertex_id="1" active="true" deriv="0" constant="0">
              <xaif:SymbolReference vertex_id="1" symbol_id="test_prefixSymbol_7" annotation="xaifBoosterBasicBlockPreaccumulation::BasicBlockAlg::algorithm_action_3" scope_id="1"/>
            </xaif:VariableReference>
          </xaif:Argument>
          <xaif:Argument position="2">
            <xaif:VariableReference vertex_id="1" active="true" deriv="0" constant="0">
              <xaif:SymbolReference vertex_id="1" symbol_id="x" annotation="" scope_id="2"/>
            </xaif:VariableReference>
          </xaif:Argument>
        </xaif:InlinableSubroutineCall>
        <xaif:InlinableSubroutineCall subroutine_name="ZeroDeriv" statement_id="inline_zeroderiv">
          <xaif:Argument position="1">
            <xaif:VariableReference vertex_id="1" active="true" deriv="0" constant="0">
              <xaif:SymbolReference vertex_id="1" symbol_id="test_prefixSymbol_7" annotation="xaifBoosterBasicBlockPreaccumulation::BasicBlockAlg::algorithm_action_3" scope_id="1"/>
            </xaif:VariableReference>
          </xaif:Argument>
        </xaif:InlinableSubroutineCall>
        <xaif:InlinableSubroutineCall subroutine_name="IncDeriv" statement_id="inline_IncDeriv">
          <xaif:Argument position="1">
            <xaif:VariableReference vertex_id="1" active="true" deriv="0" constant="0">
              <xaif:SymbolReference vertex_id="1" symbol_id="test_prefixSymbol_9" annotation="xaifBoosterBasicBlockPreaccumulation::BasicBlockAlg::algorithm_action_3" scope_id="1"/>
            </xaif:VariableReference>
          </xaif:Argument>
          <xaif:Argument position="2">
            <xaif:VariableReference vertex_id="1" active="true" deriv="0" constant="0">
              <xaif:SymbolReference vertex_id="1" symbol_id="y" annotation="" scope_id="2"/>
            </xaif:VariableReference>
          </xaif:Argument>
        </xaif:InlinableSubroutineCall>
        <xaif:InlinableSubroutineCall subroutine_name="ZeroDeriv" statement_id="inline_zeroderiv">
          <xaif:Argument position="1">
            <xaif:VariableReference vertex_id="1" active="true" deriv="0" constant="0">
              <xaif:SymbolReference vertex_id="1" symbol_id="test_prefixSymbol_9" annotation="xaifBoosterBasicBlockPreaccumulation::BasicBlockAlg::algorithm_action_3" scope_id="1"/>
            </xaif:VariableReference>
          </xaif:Argument>
        </xaif:InlinableSubroutineCall>
      </xaif:BasicBlock>
      <xaif:Exit vertex_id="3" annotation=""/>
      <xaif:ControlFlowEdge edge_id="1" source="1" target="2" has_condition_value="0"/>
      <xaif:ControlFlowEdge edge_id="2" source="2" target="3" has_condition_value="0"/>
    </xaif:ControlFlowGraph>
  </xaif:CallGraph>
