  <xaif:CallGraph xmlns:xsi="http://www.w3.org/2001/XMLSchema-instance" xmlns:xaif="http://www.mcs.anl.gov/XAIF" xsi:schemaLocation="http://www.mcs.anl.gov/XAIF xaif_output.xsd" program_name="Example 2" prefix="GetRidOfThisDefault">
    <xaif:ScopeHierarchy>
      <xaif:Scope vertex_id="1" annotation="">
        <xaif:SymbolTable>
          <xaif:Symbol symbol_id="GetRidOfThisDefaultSymbol_0" kind="variable" type="real" shape="scalar" annotation="" active="0" temp="1"/>
          <xaif:Symbol symbol_id="GetRidOfThisDefaultSymbol_1" kind="variable" type="real" shape="scalar" annotation="" active="0" temp="1"/>
          <xaif:Symbol symbol_id="GetRidOfThisDefaultSymbol_2" kind="variable" type="real" shape="scalar" annotation="" active="0" temp="1"/>
          <xaif:Symbol symbol_id="GetRidOfThisDefaultSymbol_3" kind="variable" type="real" shape="scalar" annotation="" active="1" temp="1"/>
          <xaif:Symbol symbol_id="head" kind="subroutine" type="void" shape="scalar" annotation="" active="1" temp="0"/>
        </xaif:SymbolTable>
      </xaif:Scope>
      <xaif:Scope vertex_id="2" annotation="">
        <xaif:SymbolTable>
          <xaif:Symbol symbol_id="GetRidOfThisDefaultSymbol_4" kind="variable" type="real" shape="scalar" annotation="" active="0" temp="1"/>
          <xaif:Symbol symbol_id="x" kind="variable" type="real" shape="scalar" annotation="" active="1" temp="0"/>
          <xaif:Symbol symbol_id="y" kind="variable" type="real" shape="scalar" annotation="" active="1" temp="0"/>
        </xaif:SymbolTable>
      </xaif:Scope>
      <xaif:ScopeEdge edge_id="1" source="2" target="1"/>
    </xaif:ScopeHierarchy>
    <xaif:AliasSetList>
    </xaif:AliasSetList>
    <xaif:ControlFlowGraph vertex_id="1" symbol_id="head" scope_id="1" controlflowgraph_scope_id="2" annotation="" active="1">
      <xaif:ArgumentList>
        <xaif:ArgumentSymbolReference position="2" symbol_id="x" scope_id="2" active="1" annotation="" intent="inout"/>
        <xaif:ArgumentSymbolReference position="3" symbol_id="y" scope_id="2" active="1" annotation="" intent="inout"/>
      </xaif:ArgumentList>
      <xaif:Entry vertex_id="1" annotation=""/>
      <xaif:Label vertex_id="2" annotation=""/>
      <xaif:BasicBlock vertex_id="3" annotation="" scope_id="2">
        <xaif:InlinableSubroutineCall subroutine_name="Pop" statement_id="inline_pop">
          <xaif:ArgumentSubstitute position="1" active="false" deriv="0">
            <xaif:SymbolReference vertex_id="1" symbol_id="GetRidOfThisDefaultSymbol_4" scope_id="2"/>
          </xaif:ArgumentSubstitute>
        </xaif:InlinableSubroutineCall>
        <xaif:InlinableSubroutineCall subroutine_name="Saxpy" statement_id="inline_saxpy">
          <xaif:ArgumentSubstitute position="1" active="false" deriv="0">
            <xaif:SymbolReference vertex_id="1" symbol_id="GetRidOfThisDefaultSymbol_4" scope_id="2"/>
          </xaif:ArgumentSubstitute>
          <xaif:ArgumentSubstitute position="2" active="true" deriv="0">
            <xaif:SymbolReference vertex_id="1" symbol_id="y" scope_id="2"/>
          </xaif:ArgumentSubstitute>
          <xaif:ArgumentSubstitute position="3" active="true" deriv="0">
            <xaif:SymbolReference vertex_id="1" symbol_id="GetRidOfThisDefaultSymbol_3" scope_id="1"/>
          </xaif:ArgumentSubstitute>
        </xaif:InlinableSubroutineCall>
        <xaif:InlinableSubroutineCall subroutine_name="ZeroDeriv" statement_id="inline_zeroderiv">
          <xaif:ArgumentSubstitute position="1" active="true" deriv="0">
            <xaif:SymbolReference vertex_id="1" symbol_id="y" scope_id="2"/>
          </xaif:ArgumentSubstitute>
        </xaif:InlinableSubroutineCall>
        <xaif:InlinableSubroutineCall subroutine_name="IncDeriv" statement_id="inline_IncDeriv">
          <xaif:ArgumentSubstitute position="1" active="true" deriv="0">
            <xaif:SymbolReference vertex_id="1" symbol_id="GetRidOfThisDefaultSymbol_3" scope_id="1"/>
          </xaif:ArgumentSubstitute>
          <xaif:ArgumentSubstitute position="2" active="true" deriv="0">
            <xaif:SymbolReference vertex_id="1" symbol_id="x" scope_id="2"/>
          </xaif:ArgumentSubstitute>
        </xaif:InlinableSubroutineCall>
        <xaif:InlinableSubroutineCall subroutine_name="ZeroDeriv" statement_id="inline_zeroderiv">
          <xaif:ArgumentSubstitute position="1" active="true" deriv="0">
            <xaif:SymbolReference vertex_id="1" symbol_id="GetRidOfThisDefaultSymbol_3" scope_id="1"/>
          </xaif:ArgumentSubstitute>
        </xaif:InlinableSubroutineCall>
      </xaif:BasicBlock>
      <xaif:Branch vertex_id="4" annotation="">
        <xaif:Condition>
          <xaif:BooleanOperation vertex_id="1" name="less_than"/>
          <xaif:VariableReference vertex_id="2" active="true" deriv="0">
            <xaif:SymbolReference vertex_id="1" symbol_id="y" scope_id="2"/>
          </xaif:VariableReference>
          <xaif:VariableReference vertex_id="3" active="true" deriv="0">
            <xaif:SymbolReference vertex_id="1" symbol_id="x" scope_id="2"/>
          </xaif:VariableReference>
          <xaif:ExpressionEdge edge_id="1" source="2" target="1" position="1"/>
          <xaif:ExpressionEdge edge_id="2" source="3" target="1" position="2"/>
        </xaif:Condition>
      </xaif:Branch>
      <xaif:Goto vertex_id="5" annotation=""/>
      <xaif:EndBranch vertex_id="6" annotation=""/>
      <xaif:Exit vertex_id="7" annotation=""/>
      <xaif:ControlFlowEdge edge_id="1" source="1" target="2" has_condition_value="0" condition_value="1"/>
      <xaif:ControlFlowEdge edge_id="2" source="2" target="3" has_condition_value="0" condition_value="1"/>
      <xaif:ControlFlowEdge edge_id="3" source="3" target="4" has_condition_value="0" condition_value="1"/>
      <xaif:ControlFlowEdge edge_id="4" source="4" target="5" has_condition_value="1" condition_value="1"/>
      <xaif:ControlFlowEdge edge_id="5" source="4" target="6" has_condition_value="0" condition_value="1"/>
      <xaif:ControlFlowEdge edge_id="6" source="5" target="2" has_condition_value="0" condition_value="1"/>
      <xaif:ControlFlowEdge edge_id="7" source="6" target="7" has_condition_value="0" condition_value="1"/>
    </xaif:ControlFlowGraph>
  </xaif:CallGraph>
