  <xaif:CallGraph xmlns:xsi="http://www.w3.org/2001/XMLSchema-instance" xmlns:xaif="http://www.mcs.anl.gov/XAIF" xsi:schemaLocation="http://www.mcs.anl.gov/XAIF xaif_output.xsd" program_name="Example" prefix="test_prefix">
    <xaif:ScopeHierarchy>
      <xaif:Scope vertex_id="1" annotation="">
        <xaif:SymbolTable>
          <xaif:Symbol symbol_id="head" kind="subroutine" type="void" shape="scalar" annotation="" active="1" temp="0"/>
          <xaif:Symbol symbol_id="test_prefixSymbol_0" kind="variable" type="real" shape="scalar" annotation="" active="0" temp="1"/>
          <xaif:Symbol symbol_id="test_prefixSymbol_1" kind="variable" type="real" shape="scalar" annotation="" active="0" temp="1"/>
          <xaif:Symbol symbol_id="test_prefixSymbol_10" kind="variable" type="real" shape="scalar" annotation="" active="0" temp="1"/>
          <xaif:Symbol symbol_id="test_prefixSymbol_11" kind="variable" type="real" shape="scalar" annotation="" active="0" temp="1"/>
          <xaif:Symbol symbol_id="test_prefixSymbol_12" kind="variable" type="real" shape="scalar" annotation="" active="0" temp="1"/>
          <xaif:Symbol symbol_id="test_prefixSymbol_13" kind="variable" type="real" shape="scalar" annotation="" active="1" temp="1"/>
          <xaif:Symbol symbol_id="test_prefixSymbol_14" kind="variable" type="real" shape="scalar" annotation="" active="0" temp="1"/>
          <xaif:Symbol symbol_id="test_prefixSymbol_15" kind="variable" type="real" shape="scalar" annotation="" active="1" temp="1"/>
          <xaif:Symbol symbol_id="test_prefixSymbol_16" kind="variable" type="real" shape="scalar" annotation="" active="0" temp="1"/>
          <xaif:Symbol symbol_id="test_prefixSymbol_17" kind="variable" type="real" shape="scalar" annotation="" active="1" temp="1"/>
          <xaif:Symbol symbol_id="test_prefixSymbol_18" kind="variable" type="real" shape="scalar" annotation="" active="0" temp="1"/>
          <xaif:Symbol symbol_id="test_prefixSymbol_19" kind="variable" type="real" shape="scalar" annotation="" active="1" temp="1"/>
          <xaif:Symbol symbol_id="test_prefixSymbol_2" kind="variable" type="real" shape="scalar" annotation="" active="0" temp="1"/>
          <xaif:Symbol symbol_id="test_prefixSymbol_20" kind="variable" type="real" shape="scalar" annotation="" active="0" temp="1"/>
          <xaif:Symbol symbol_id="test_prefixSymbol_21" kind="variable" type="real" shape="scalar" annotation="" active="1" temp="1"/>
          <xaif:Symbol symbol_id="test_prefixSymbol_22" kind="variable" type="real" shape="scalar" annotation="" active="0" temp="1"/>
          <xaif:Symbol symbol_id="test_prefixSymbol_23" kind="variable" type="real" shape="scalar" annotation="" active="1" temp="1"/>
          <xaif:Symbol symbol_id="test_prefixSymbol_3" kind="variable" type="real" shape="scalar" annotation="" active="0" temp="1"/>
          <xaif:Symbol symbol_id="test_prefixSymbol_4" kind="variable" type="real" shape="scalar" annotation="" active="0" temp="1"/>
          <xaif:Symbol symbol_id="test_prefixSymbol_5" kind="variable" type="real" shape="scalar" annotation="" active="0" temp="1"/>
          <xaif:Symbol symbol_id="test_prefixSymbol_6" kind="variable" type="real" shape="scalar" annotation="" active="0" temp="1"/>
          <xaif:Symbol symbol_id="test_prefixSymbol_7" kind="variable" type="real" shape="scalar" annotation="" active="0" temp="1"/>
          <xaif:Symbol symbol_id="test_prefixSymbol_8" kind="variable" type="real" shape="scalar" annotation="" active="0" temp="1"/>
          <xaif:Symbol symbol_id="test_prefixSymbol_9" kind="variable" type="real" shape="scalar" annotation="" active="0" temp="1"/>
          <xaif:Symbol symbol_id="x" kind="variable" type="real" shape="scalar" annotation="" active="1" temp="0"/>
          <xaif:Symbol symbol_id="y" kind="variable" type="real" shape="scalar" annotation="" active="1" temp="0"/>
        </xaif:SymbolTable>
      </xaif:Scope>
      <xaif:Scope vertex_id="2" annotation="">
        <xaif:SymbolTable>
          <xaif:Symbol symbol_id="i" kind="variable" type="integer" shape="scalar" annotation="" active="0" temp="0"/>
          <xaif:Symbol symbol_id="t1" kind="variable" type="real" shape="scalar" annotation="" active="1" temp="0"/>
          <xaif:Symbol symbol_id="t2" kind="variable" type="real" shape="scalar" annotation="" active="1" temp="0"/>
          <xaif:Symbol symbol_id="test_prefixSymbol_24" kind="variable" type="real" shape="scalar" annotation="" active="0" temp="1"/>
          <xaif:Symbol symbol_id="test_prefixSymbol_25" kind="variable" type="real" shape="scalar" annotation="" active="0" temp="1"/>
          <xaif:Symbol symbol_id="test_prefixSymbol_26" kind="variable" type="real" shape="scalar" annotation="" active="0" temp="1"/>
          <xaif:Symbol symbol_id="test_prefixSymbol_27" kind="variable" type="real" shape="scalar" annotation="" active="0" temp="1"/>
          <xaif:Symbol symbol_id="test_prefixSymbol_28" kind="variable" type="real" shape="scalar" annotation="" active="0" temp="1"/>
          <xaif:Symbol symbol_id="test_prefixSymbol_29" kind="variable" type="real" shape="scalar" annotation="" active="0" temp="1"/>
          <xaif:Symbol symbol_id="x" kind="variable" type="real" shape="scalar" annotation="" active="1" temp="0"/>
          <xaif:Symbol symbol_id="y" kind="variable" type="real" shape="scalar" annotation="" active="1" temp="0"/>
        </xaif:SymbolTable>
      </xaif:Scope>
      <xaif:Scope vertex_id="3" annotation="">
        <xaif:SymbolTable>
          <xaif:Symbol symbol_id="v" kind="variable" type="real" shape="scalar" annotation="" active="1" temp="0"/>
        </xaif:SymbolTable>
      </xaif:Scope>
      <xaif:ScopeEdge edge_id="1" source="2" target="1"/>
      <xaif:ScopeEdge edge_id="2" source="3" target="2"/>
    </xaif:ScopeHierarchy>
    <xaif:AliasSetList>
      <xaif:AliasSet key="1">
        <xaif:Alias virtual_address="100"/>
        <xaif:AliasRange from_virtual_address="3" to_virtual_address="7"/>
        <xaif:Alias virtual_address="1"/>
      </xaif:AliasSet>
      <xaif:AliasSet key="3">
        <xaif:AliasRange from_virtual_address="9" to_virtual_address="12"/>
        <xaif:AliasRange from_virtual_address="3" to_virtual_address="7"/>
      </xaif:AliasSet>
    </xaif:AliasSetList>
    <xaif:ControlFlowGraph vertex_id="1" symbol_id="head" scope_id="1" controlflowgraph_scope_id="2" annotation="" active="1">
      <xaif:ArgumentList>
        <xaif:ArgumentSymbolReference position="1" symbol_id="x" scope_id="2" active="1" annotation="" intent="inout"/>
        <xaif:ArgumentSymbolReference position="2" symbol_id="y" scope_id="2" active="1" annotation="" intent="inout"/>
      </xaif:ArgumentList>
      <xaif:Entry vertex_id="1" annotation=""/>
      <xaif:BasicBlock vertex_id="2" annotation="" scope_id="2">
        <xaif:InlinableSubroutineCall subroutine_name="Pop" statement_id="inline_pop">
          <xaif:ArgumentSubstitute position="1" active="false" deriv="0" constant="0">
            <xaif:SymbolReference vertex_id="1" symbol_id="test_prefixSymbol_24" annotation="xaifBoosterBasicBlockPreaccumulationTapeAdjoint::BasicBlockAlg::algorithm_action_4" scope_id="2"/>
          </xaif:ArgumentSubstitute>
        </xaif:InlinableSubroutineCall>
        <xaif:InlinableSubroutineCall subroutine_name="Saxpy" statement_id="inline_saxpy">
          <xaif:ArgumentSubstitute position="1" active="false" deriv="0" constant="0">
            <xaif:SymbolReference vertex_id="1" symbol_id="test_prefixSymbol_24" annotation="xaifBoosterBasicBlockPreaccumulationTapeAdjoint::BasicBlockAlg::algorithm_action_4" scope_id="2"/>
          </xaif:ArgumentSubstitute>
          <xaif:ArgumentSubstitute position="2" active="true" deriv="0" constant="0">
            <xaif:SymbolReference vertex_id="1" symbol_id="y" annotation="" scope_id="2"/>
          </xaif:ArgumentSubstitute>
          <xaif:ArgumentSubstitute position="3" active="true" deriv="0" constant="0">
            <xaif:SymbolReference vertex_id="1" symbol_id="test_prefixSymbol_23" annotation="xaifBoosterBasicBlockPreaccumulation::BasicBlockAlg::algorithm_action_3" scope_id="1"/>
          </xaif:ArgumentSubstitute>
        </xaif:InlinableSubroutineCall>
        <xaif:InlinableSubroutineCall subroutine_name="Pop" statement_id="inline_pop">
          <xaif:ArgumentSubstitute position="1" active="false" deriv="0" constant="0">
            <xaif:SymbolReference vertex_id="1" symbol_id="test_prefixSymbol_25" annotation="xaifBoosterBasicBlockPreaccumulationTapeAdjoint::BasicBlockAlg::algorithm_action_4" scope_id="2"/>
          </xaif:ArgumentSubstitute>
        </xaif:InlinableSubroutineCall>
        <xaif:InlinableSubroutineCall subroutine_name="Saxpy" statement_id="inline_saxpy">
          <xaif:ArgumentSubstitute position="1" active="false" deriv="0" constant="0">
            <xaif:SymbolReference vertex_id="1" symbol_id="test_prefixSymbol_25" annotation="xaifBoosterBasicBlockPreaccumulationTapeAdjoint::BasicBlockAlg::algorithm_action_4" scope_id="2"/>
          </xaif:ArgumentSubstitute>
          <xaif:ArgumentSubstitute position="2" active="true" deriv="0" constant="0">
            <xaif:SymbolReference vertex_id="1" symbol_id="y" annotation="" scope_id="2"/>
          </xaif:ArgumentSubstitute>
          <xaif:ArgumentSubstitute position="3" active="true" deriv="0" constant="0">
            <xaif:SymbolReference vertex_id="1" symbol_id="test_prefixSymbol_21" annotation="xaifBoosterBasicBlockPreaccumulation::BasicBlockAlg::algorithm_action_3" scope_id="1"/>
          </xaif:ArgumentSubstitute>
        </xaif:InlinableSubroutineCall>
        <xaif:InlinableSubroutineCall subroutine_name="ZeroDeriv" statement_id="inline_zeroderiv">
          <xaif:ArgumentSubstitute position="1" active="true" deriv="0" constant="0">
            <xaif:SymbolReference vertex_id="1" symbol_id="y" annotation="" scope_id="2"/>
          </xaif:ArgumentSubstitute>
        </xaif:InlinableSubroutineCall>
        <xaif:InlinableSubroutineCall subroutine_name="IncDeriv" statement_id="inline_IncDeriv">
          <xaif:ArgumentSubstitute position="1" active="true" deriv="0" constant="0">
            <xaif:SymbolReference vertex_id="1" symbol_id="test_prefixSymbol_21" annotation="xaifBoosterBasicBlockPreaccumulation::BasicBlockAlg::algorithm_action_3" scope_id="1"/>
          </xaif:ArgumentSubstitute>
          <xaif:ArgumentSubstitute position="2" active="true" deriv="0" constant="0">
            <xaif:SymbolReference vertex_id="1" symbol_id="t1" annotation="" scope_id="2"/>
          </xaif:ArgumentSubstitute>
        </xaif:InlinableSubroutineCall>
        <xaif:InlinableSubroutineCall subroutine_name="ZeroDeriv" statement_id="inline_zeroderiv">
          <xaif:ArgumentSubstitute position="1" active="true" deriv="0" constant="0">
            <xaif:SymbolReference vertex_id="1" symbol_id="test_prefixSymbol_21" annotation="xaifBoosterBasicBlockPreaccumulation::BasicBlockAlg::algorithm_action_3" scope_id="1"/>
          </xaif:ArgumentSubstitute>
        </xaif:InlinableSubroutineCall>
        <xaif:InlinableSubroutineCall subroutine_name="IncDeriv" statement_id="inline_IncDeriv">
          <xaif:ArgumentSubstitute position="1" active="true" deriv="0" constant="0">
            <xaif:SymbolReference vertex_id="1" symbol_id="test_prefixSymbol_23" annotation="xaifBoosterBasicBlockPreaccumulation::BasicBlockAlg::algorithm_action_3" scope_id="1"/>
          </xaif:ArgumentSubstitute>
          <xaif:ArgumentSubstitute position="2" active="true" deriv="0" constant="0">
            <xaif:SymbolReference vertex_id="1" symbol_id="t2" annotation="" scope_id="2"/>
          </xaif:ArgumentSubstitute>
        </xaif:InlinableSubroutineCall>
        <xaif:InlinableSubroutineCall subroutine_name="ZeroDeriv" statement_id="inline_zeroderiv">
          <xaif:ArgumentSubstitute position="1" active="true" deriv="0" constant="0">
            <xaif:SymbolReference vertex_id="1" symbol_id="test_prefixSymbol_23" annotation="xaifBoosterBasicBlockPreaccumulation::BasicBlockAlg::algorithm_action_3" scope_id="1"/>
          </xaif:ArgumentSubstitute>
        </xaif:InlinableSubroutineCall>
        <xaif:InlinableSubroutineCall subroutine_name="Pop" statement_id="inline_pop">
          <xaif:ArgumentSubstitute position="1" active="false" deriv="0" constant="0">
            <xaif:SymbolReference vertex_id="1" symbol_id="test_prefixSymbol_26" annotation="xaifBoosterBasicBlockPreaccumulationTapeAdjoint::BasicBlockAlg::algorithm_action_4" scope_id="2"/>
          </xaif:ArgumentSubstitute>
        </xaif:InlinableSubroutineCall>
        <xaif:InlinableSubroutineCall subroutine_name="Saxpy" statement_id="inline_saxpy">
          <xaif:ArgumentSubstitute position="1" active="false" deriv="0" constant="0">
            <xaif:SymbolReference vertex_id="1" symbol_id="test_prefixSymbol_26" annotation="xaifBoosterBasicBlockPreaccumulationTapeAdjoint::BasicBlockAlg::algorithm_action_4" scope_id="2"/>
          </xaif:ArgumentSubstitute>
          <xaif:ArgumentSubstitute position="2" active="true" deriv="0" constant="0">
            <xaif:SymbolReference vertex_id="1" symbol_id="t2" annotation="" scope_id="2"/>
          </xaif:ArgumentSubstitute>
          <xaif:ArgumentSubstitute position="3" active="true" deriv="0" constant="0">
            <xaif:SymbolReference vertex_id="1" symbol_id="test_prefixSymbol_19" annotation="xaifBoosterBasicBlockPreaccumulation::BasicBlockAlg::algorithm_action_3" scope_id="1"/>
          </xaif:ArgumentSubstitute>
        </xaif:InlinableSubroutineCall>
        <xaif:InlinableSubroutineCall subroutine_name="Pop" statement_id="inline_pop">
          <xaif:ArgumentSubstitute position="1" active="false" deriv="0" constant="0">
            <xaif:SymbolReference vertex_id="1" symbol_id="test_prefixSymbol_27" annotation="xaifBoosterBasicBlockPreaccumulationTapeAdjoint::BasicBlockAlg::algorithm_action_4" scope_id="2"/>
          </xaif:ArgumentSubstitute>
        </xaif:InlinableSubroutineCall>
        <xaif:InlinableSubroutineCall subroutine_name="Saxpy" statement_id="inline_saxpy">
          <xaif:ArgumentSubstitute position="1" active="false" deriv="0" constant="0">
            <xaif:SymbolReference vertex_id="1" symbol_id="test_prefixSymbol_27" annotation="xaifBoosterBasicBlockPreaccumulationTapeAdjoint::BasicBlockAlg::algorithm_action_4" scope_id="2"/>
          </xaif:ArgumentSubstitute>
          <xaif:ArgumentSubstitute position="2" active="true" deriv="0" constant="0">
            <xaif:SymbolReference vertex_id="1" symbol_id="t2" annotation="" scope_id="2"/>
          </xaif:ArgumentSubstitute>
          <xaif:ArgumentSubstitute position="3" active="true" deriv="0" constant="0">
            <xaif:SymbolReference vertex_id="1" symbol_id="test_prefixSymbol_17" annotation="xaifBoosterBasicBlockPreaccumulation::BasicBlockAlg::algorithm_action_3" scope_id="1"/>
          </xaif:ArgumentSubstitute>
        </xaif:InlinableSubroutineCall>
        <xaif:InlinableSubroutineCall subroutine_name="ZeroDeriv" statement_id="inline_zeroderiv">
          <xaif:ArgumentSubstitute position="1" active="true" deriv="0" constant="0">
            <xaif:SymbolReference vertex_id="1" symbol_id="t2" annotation="" scope_id="2"/>
          </xaif:ArgumentSubstitute>
        </xaif:InlinableSubroutineCall>
        <xaif:InlinableSubroutineCall subroutine_name="IncDeriv" statement_id="inline_IncDeriv">
          <xaif:ArgumentSubstitute position="1" active="true" deriv="0" constant="0">
            <xaif:SymbolReference vertex_id="1" symbol_id="test_prefixSymbol_17" annotation="xaifBoosterBasicBlockPreaccumulation::BasicBlockAlg::algorithm_action_3" scope_id="1"/>
          </xaif:ArgumentSubstitute>
          <xaif:ArgumentSubstitute position="2" active="true" deriv="0" constant="0">
            <xaif:SymbolReference vertex_id="1" symbol_id="t1" annotation="" scope_id="2"/>
          </xaif:ArgumentSubstitute>
        </xaif:InlinableSubroutineCall>
        <xaif:InlinableSubroutineCall subroutine_name="ZeroDeriv" statement_id="inline_zeroderiv">
          <xaif:ArgumentSubstitute position="1" active="true" deriv="0" constant="0">
            <xaif:SymbolReference vertex_id="1" symbol_id="test_prefixSymbol_17" annotation="xaifBoosterBasicBlockPreaccumulation::BasicBlockAlg::algorithm_action_3" scope_id="1"/>
          </xaif:ArgumentSubstitute>
        </xaif:InlinableSubroutineCall>
        <xaif:InlinableSubroutineCall subroutine_name="IncDeriv" statement_id="inline_IncDeriv">
          <xaif:ArgumentSubstitute position="1" active="true" deriv="0" constant="0">
            <xaif:SymbolReference vertex_id="1" symbol_id="test_prefixSymbol_19" annotation="xaifBoosterBasicBlockPreaccumulation::BasicBlockAlg::algorithm_action_3" scope_id="1"/>
          </xaif:ArgumentSubstitute>
          <xaif:ArgumentSubstitute position="2" active="true" deriv="0" constant="0">
            <xaif:SymbolReference vertex_id="1" symbol_id="x" annotation="" scope_id="2"/>
          </xaif:ArgumentSubstitute>
        </xaif:InlinableSubroutineCall>
        <xaif:InlinableSubroutineCall subroutine_name="ZeroDeriv" statement_id="inline_zeroderiv">
          <xaif:ArgumentSubstitute position="1" active="true" deriv="0" constant="0">
            <xaif:SymbolReference vertex_id="1" symbol_id="test_prefixSymbol_19" annotation="xaifBoosterBasicBlockPreaccumulation::BasicBlockAlg::algorithm_action_3" scope_id="1"/>
          </xaif:ArgumentSubstitute>
        </xaif:InlinableSubroutineCall>
        <xaif:InlinableSubroutineCall subroutine_name="Pop" statement_id="inline_pop">
          <xaif:ArgumentSubstitute position="1" active="false" deriv="0" constant="0">
            <xaif:SymbolReference vertex_id="1" symbol_id="test_prefixSymbol_28" annotation="xaifBoosterBasicBlockPreaccumulationTapeAdjoint::BasicBlockAlg::algorithm_action_4" scope_id="2"/>
          </xaif:ArgumentSubstitute>
        </xaif:InlinableSubroutineCall>
        <xaif:InlinableSubroutineCall subroutine_name="Saxpy" statement_id="inline_saxpy">
          <xaif:ArgumentSubstitute position="1" active="false" deriv="0" constant="0">
            <xaif:SymbolReference vertex_id="1" symbol_id="test_prefixSymbol_28" annotation="xaifBoosterBasicBlockPreaccumulationTapeAdjoint::BasicBlockAlg::algorithm_action_4" scope_id="2"/>
          </xaif:ArgumentSubstitute>
          <xaif:ArgumentSubstitute position="2" active="true" deriv="0" constant="0">
            <xaif:SymbolReference vertex_id="1" symbol_id="t1" annotation="" scope_id="2"/>
          </xaif:ArgumentSubstitute>
          <xaif:ArgumentSubstitute position="3" active="true" deriv="0" constant="0">
            <xaif:SymbolReference vertex_id="1" symbol_id="test_prefixSymbol_15" annotation="xaifBoosterBasicBlockPreaccumulation::BasicBlockAlg::algorithm_action_3" scope_id="1"/>
          </xaif:ArgumentSubstitute>
        </xaif:InlinableSubroutineCall>
        <xaif:InlinableSubroutineCall subroutine_name="Pop" statement_id="inline_pop">
          <xaif:ArgumentSubstitute position="1" active="false" deriv="0" constant="0">
            <xaif:SymbolReference vertex_id="1" symbol_id="test_prefixSymbol_29" annotation="xaifBoosterBasicBlockPreaccumulationTapeAdjoint::BasicBlockAlg::algorithm_action_4" scope_id="2"/>
          </xaif:ArgumentSubstitute>
        </xaif:InlinableSubroutineCall>
        <xaif:InlinableSubroutineCall subroutine_name="Saxpy" statement_id="inline_saxpy">
          <xaif:ArgumentSubstitute position="1" active="false" deriv="0" constant="0">
            <xaif:SymbolReference vertex_id="1" symbol_id="test_prefixSymbol_29" annotation="xaifBoosterBasicBlockPreaccumulationTapeAdjoint::BasicBlockAlg::algorithm_action_4" scope_id="2"/>
          </xaif:ArgumentSubstitute>
          <xaif:ArgumentSubstitute position="2" active="true" deriv="0" constant="0">
            <xaif:SymbolReference vertex_id="1" symbol_id="t1" annotation="" scope_id="2"/>
          </xaif:ArgumentSubstitute>
          <xaif:ArgumentSubstitute position="3" active="true" deriv="0" constant="0">
            <xaif:SymbolReference vertex_id="1" symbol_id="test_prefixSymbol_13" annotation="xaifBoosterBasicBlockPreaccumulation::BasicBlockAlg::algorithm_action_3" scope_id="1"/>
          </xaif:ArgumentSubstitute>
        </xaif:InlinableSubroutineCall>
        <xaif:InlinableSubroutineCall subroutine_name="ZeroDeriv" statement_id="inline_zeroderiv">
          <xaif:ArgumentSubstitute position="1" active="true" deriv="0" constant="0">
            <xaif:SymbolReference vertex_id="1" symbol_id="t1" annotation="" scope_id="2"/>
          </xaif:ArgumentSubstitute>
        </xaif:InlinableSubroutineCall>
        <xaif:InlinableSubroutineCall subroutine_name="IncDeriv" statement_id="inline_IncDeriv">
          <xaif:ArgumentSubstitute position="1" active="true" deriv="0" constant="0">
            <xaif:SymbolReference vertex_id="1" symbol_id="test_prefixSymbol_13" annotation="xaifBoosterBasicBlockPreaccumulation::BasicBlockAlg::algorithm_action_3" scope_id="1"/>
          </xaif:ArgumentSubstitute>
          <xaif:ArgumentSubstitute position="2" active="true" alias="3" deriv="0" constant="0">
            <xaif:SymbolReference vertex_id="1" symbol_id="x" annotation="" scope_id="2"/>
          </xaif:ArgumentSubstitute>
        </xaif:InlinableSubroutineCall>
        <xaif:InlinableSubroutineCall subroutine_name="ZeroDeriv" statement_id="inline_zeroderiv">
          <xaif:ArgumentSubstitute position="1" active="true" deriv="0" constant="0">
            <xaif:SymbolReference vertex_id="1" symbol_id="test_prefixSymbol_13" annotation="xaifBoosterBasicBlockPreaccumulation::BasicBlockAlg::algorithm_action_3" scope_id="1"/>
          </xaif:ArgumentSubstitute>
        </xaif:InlinableSubroutineCall>
        <xaif:InlinableSubroutineCall subroutine_name="IncDeriv" statement_id="inline_IncDeriv">
          <xaif:ArgumentSubstitute position="1" active="true" deriv="0" constant="0">
            <xaif:SymbolReference vertex_id="1" symbol_id="test_prefixSymbol_15" annotation="xaifBoosterBasicBlockPreaccumulation::BasicBlockAlg::algorithm_action_3" scope_id="1"/>
          </xaif:ArgumentSubstitute>
          <xaif:ArgumentSubstitute position="2" active="true" deriv="0" constant="0">
            <xaif:SymbolReference vertex_id="1" symbol_id="y" annotation="" scope_id="2"/>
          </xaif:ArgumentSubstitute>
        </xaif:InlinableSubroutineCall>
        <xaif:InlinableSubroutineCall subroutine_name="ZeroDeriv" statement_id="inline_zeroderiv">
          <xaif:ArgumentSubstitute position="1" active="true" deriv="0" constant="0">
            <xaif:SymbolReference vertex_id="1" symbol_id="test_prefixSymbol_15" annotation="xaifBoosterBasicBlockPreaccumulation::BasicBlockAlg::algorithm_action_3" scope_id="1"/>
          </xaif:ArgumentSubstitute>
        </xaif:InlinableSubroutineCall>
      </xaif:BasicBlock>
      <xaif:BasicBlock vertex_id="3" annotation="" scope_id="1">
      </xaif:BasicBlock>
      <xaif:Exit vertex_id="4" annotation=""/>
      <xaif:ControlFlowEdge edge_id="1" source="1" target="2" has_condition_value="0" condition_value="1"/>
      <xaif:ControlFlowEdge edge_id="2" source="2" target="3" has_condition_value="0" condition_value="1"/>
      <xaif:ControlFlowEdge edge_id="3" source="3" target="4" has_condition_value="0" condition_value="1"/>
    </xaif:ControlFlowGraph>
  </xaif:CallGraph>
