  <xaif:CallGraph xmlns:xsi="http://www.w3.org/2001/XMLSchema-instance" xmlns:xaif="http://www.mcs.anl.gov/XAIF" xsi:schemaLocation="http://www.mcs.anl.gov/XAIF xaif_output.xsd" program_name="Example 3" prefix="test_prefix">
    <xaif:ScopeHierarchy>
      <xaif:Scope vertex_id="1" annotation="">
        <xaif:SymbolTable>
          <xaif:Symbol symbol_id="head" kind="subroutine" type="void" shape="scalar" annotation="" active="1" temp="0"/>
          <xaif:Symbol symbol_id="test_prefixSymbol_10" kind="variable" type="real" shape="scalar" annotation="" active="0" temp="1"/>
          <xaif:Symbol symbol_id="test_prefixSymbol_11" kind="variable" type="real" shape="scalar" annotation="" active="0" temp="1"/>
          <xaif:Symbol symbol_id="test_prefixSymbol_12" kind="variable" type="real" shape="scalar" annotation="" active="0" temp="1"/>
          <xaif:Symbol symbol_id="test_prefixSymbol_13" kind="variable" type="real" shape="scalar" annotation="" active="1" temp="1"/>
          <xaif:Symbol symbol_id="test_prefixSymbol_14" kind="variable" type="real" shape="scalar" annotation="" active="0" temp="1"/>
          <xaif:Symbol symbol_id="test_prefixSymbol_20" kind="variable" type="real" shape="scalar" annotation="" active="0" temp="1"/>
          <xaif:Symbol symbol_id="test_prefixSymbol_15" kind="variable" type="real" shape="scalar" annotation="" active="1" temp="1"/>
          <xaif:Symbol symbol_id="test_prefixSymbol_21" kind="variable" type="real" shape="scalar" annotation="" active="1" temp="1"/>
          <xaif:Symbol symbol_id="test_prefixSymbol_16" kind="variable" type="real" shape="scalar" annotation="" active="0" temp="1"/>
          <xaif:Symbol symbol_id="test_prefixSymbol_22" kind="variable" type="real" shape="scalar" annotation="" active="0" temp="1"/>
          <xaif:Symbol symbol_id="test_prefixSymbol_17" kind="variable" type="real" shape="scalar" annotation="" active="1" temp="1"/>
          <xaif:Symbol symbol_id="test_prefixSymbol_23" kind="variable" type="real" shape="scalar" annotation="" active="1" temp="1"/>
          <xaif:Symbol symbol_id="test_prefixSymbol_18" kind="variable" type="real" shape="scalar" annotation="" active="0" temp="1"/>
          <xaif:Symbol symbol_id="test_prefixSymbol_19" kind="variable" type="real" shape="scalar" annotation="" active="1" temp="1"/>
          <xaif:Symbol symbol_id="test_prefixSymbol_0" kind="variable" type="real" shape="scalar" annotation="" active="0" temp="1"/>
          <xaif:Symbol symbol_id="test_prefixSymbol_1" kind="variable" type="real" shape="scalar" annotation="" active="0" temp="1"/>
          <xaif:Symbol symbol_id="test_prefixSymbol_2" kind="variable" type="real" shape="scalar" annotation="" active="0" temp="1"/>
          <xaif:Symbol symbol_id="test_prefixSymbol_3" kind="variable" type="real" shape="scalar" annotation="" active="0" temp="1"/>
          <xaif:Symbol symbol_id="test_prefixSymbol_4" kind="variable" type="real" shape="scalar" annotation="" active="0" temp="1"/>
          <xaif:Symbol symbol_id="test_prefixSymbol_5" kind="variable" type="real" shape="scalar" annotation="" active="0" temp="1"/>
          <xaif:Symbol symbol_id="test_prefixSymbol_6" kind="variable" type="real" shape="scalar" annotation="" active="0" temp="1"/>
          <xaif:Symbol symbol_id="test_prefixSymbol_7" kind="variable" type="real" shape="scalar" annotation="" active="0" temp="1"/>
          <xaif:Symbol symbol_id="test_prefixSymbol_8" kind="variable" type="real" shape="scalar" annotation="" active="0" temp="1"/>
          <xaif:Symbol symbol_id="test_prefixSymbol_9" kind="variable" type="real" shape="scalar" annotation="" active="0" temp="1"/>
          <xaif:Symbol symbol_id="my_add" kind="subroutine" type="void" shape="scalar" annotation="" active="1" temp="0"/>
        </xaif:SymbolTable>
      </xaif:Scope>
      <xaif:Scope vertex_id="2" annotation="">
        <xaif:SymbolTable>
          <xaif:Symbol symbol_id="t1" kind="variable" type="real" shape="scalar" annotation="" active="1" temp="0"/>
          <xaif:Symbol symbol_id="t2" kind="variable" type="real" shape="scalar" annotation="" active="1" temp="0"/>
          <xaif:Symbol symbol_id="i" kind="variable" type="integer" shape="scalar" annotation="" active="0" temp="0"/>
          <xaif:Symbol symbol_id="x" kind="variable" type="real" shape="scalar" annotation="" active="1" temp="0"/>
          <xaif:Symbol symbol_id="y" kind="variable" type="real" shape="scalar" annotation="" active="1" temp="0"/>
          <xaif:Symbol symbol_id="test_prefixSymbol_0" kind="variable" type="real" shape="scalar" annotation="" active="0" temp="1"/>
          <xaif:Symbol symbol_id="test_prefixSymbol_1" kind="variable" type="real" shape="scalar" annotation="" active="0" temp="1"/>
          <xaif:Symbol symbol_id="test_prefixSymbol_2" kind="variable" type="integer" shape="scalar" annotation="" active="0" temp="1"/>
          <xaif:Symbol symbol_id="test_prefixSymbol_3" kind="variable" type="integer" shape="scalar" annotation="" active="0" temp="1"/>
          <xaif:Symbol symbol_id="test_prefixSymbol_4" kind="variable" type="real" shape="scalar" annotation="" active="0" temp="1"/>
          <xaif:Symbol symbol_id="test_prefixSymbol_5" kind="variable" type="real" shape="scalar" annotation="" active="0" temp="1"/>
          <xaif:Symbol symbol_id="test_prefixSymbol_6" kind="variable" type="integer" shape="scalar" annotation="" active="0" temp="1"/>
          <xaif:Symbol symbol_id="test_prefixSymbol_7" kind="variable" type="integer" shape="scalar" annotation="" active="0" temp="1"/>
        </xaif:SymbolTable>
      </xaif:Scope>
      <xaif:Scope vertex_id="3" annotation="">
        <xaif:SymbolTable>
          <xaif:Symbol symbol_id="u1" kind="variable" type="real" shape="scalar" annotation="" active="1" temp="0"/>
          <xaif:Symbol symbol_id="u2" kind="variable" type="real" shape="scalar" annotation="" active="1" temp="0"/>
          <xaif:Symbol symbol_id="v" kind="variable" type="real" shape="scalar" annotation="" active="1" temp="0"/>
          <xaif:Symbol symbol_id="test_prefixSymbol_0" kind="variable" type="real" shape="scalar" annotation="" active="0" temp="1"/>
          <xaif:Symbol symbol_id="test_prefixSymbol_1" kind="variable" type="real" shape="scalar" annotation="" active="0" temp="1"/>
          <xaif:Symbol symbol_id="test_prefixSymbol_2" kind="variable" type="integer" shape="scalar" annotation="" active="0" temp="1"/>
          <xaif:Symbol symbol_id="test_prefixSymbol_3" kind="variable" type="integer" shape="scalar" annotation="" active="0" temp="1"/>
        </xaif:SymbolTable>
      </xaif:Scope>
      <xaif:ScopeEdge edge_id="1" source="2" target="1"/>
      <xaif:ScopeEdge edge_id="2" source="3" target="1"/>
    </xaif:ScopeHierarchy>
    <xaif:AliasSetList>
    </xaif:AliasSetList>
    <xaif:ControlFlowGraph vertex_id="1" symbol_id="head" scope_id="1" annotation="" active="1">
      <xaif:ArgumentList>
        <xaif:ArgumentSymbolReference position="1" symbol_id="x" scope_id="2" active="1" intent="inout"/>
        <xaif:ArgumentSymbolReference position="2" symbol_id="y" scope_id="2" active="1" intent="inout"/>
      </xaif:ArgumentList>
      <xaif:Entry vertex_id="1" annotation=""/>
      <xaif:ForLoop vertex_id="2" annotation="">
        <xaif:Initialization>
          <xaif:AssignmentLHS active="false" deriv="0">
            <xaif:SymbolReference vertex_id="1" symbol_id="i" scope_id="2"/>
          </xaif:AssignmentLHS>
          <xaif:AssignmentRHS>
            <xaif:Constant vertex_id="1" type="integer" value="1"/>
          </xaif:AssignmentRHS>
        </xaif:Initialization>
        <xaif:Condition>
          <xaif:BooleanOperation vertex_id="1" name="less_or_equal"/>
          <xaif:VariableReference vertex_id="2" active="false" deriv="0">
            <xaif:SymbolReference vertex_id="1" symbol_id="i" scope_id="2"/>
          </xaif:VariableReference>
          <xaif:Constant vertex_id="3" type="integer" value="11"/>
          <xaif:ExpressionEdge edge_id="1" source="2" target="1" position="1"/>
          <xaif:ExpressionEdge edge_id="2" source="3" target="1" position="2"/>
        </xaif:Condition>
        <xaif:Update>
          <xaif:AssignmentLHS active="false" deriv="0">
            <xaif:SymbolReference vertex_id="1" symbol_id="i" scope_id="2"/>
          </xaif:AssignmentLHS>
          <xaif:AssignmentRHS>
            <xaif:Intrinsic vertex_id="1" name="add_scal_scal"/>
            <xaif:VariableReference vertex_id="2" active="false" deriv="0">
              <xaif:SymbolReference vertex_id="1" symbol_id="i" scope_id="2"/>
            </xaif:VariableReference>
            <xaif:Constant vertex_id="3" type="integer" value="1"/>
            <xaif:ExpressionEdge edge_id="1" source="2" target="1" position="1"/>
            <xaif:ExpressionEdge edge_id="2" source="3" target="1" position="2"/>
          </xaif:AssignmentRHS>
        </xaif:Update>
      </xaif:ForLoop>
      <xaif:BasicBlock vertex_id="3" annotation="" scope_id="2">
        <xaif:InlinableSubroutineCall subroutine_name="Pop" statement_id="inline_pop">
          <xaif:ArgumentSubstitute position="1" active="false" deriv="0">
            <xaif:SymbolReference vertex_id="1" symbol_id="test_prefixSymbol_0" scope_id="2"/>
          </xaif:ArgumentSubstitute>
        </xaif:InlinableSubroutineCall>
        <xaif:InlinableSubroutineCall subroutine_name="Saxpy" statement_id="inline_saxpy">
          <xaif:ArgumentSubstitute position="1" active="false" deriv="0">
            <xaif:SymbolReference vertex_id="1" symbol_id="test_prefixSymbol_0" scope_id="2"/>
          </xaif:ArgumentSubstitute>
          <xaif:ArgumentSubstitute position="2" active="true" deriv="0">
            <xaif:SymbolReference vertex_id="1" symbol_id="t2" scope_id="2"/>
          </xaif:ArgumentSubstitute>
          <xaif:ArgumentSubstitute position="3" active="true" deriv="0">
            <xaif:SymbolReference vertex_id="1" symbol_id="test_prefixSymbol_19" scope_id="1"/>
          </xaif:ArgumentSubstitute>
        </xaif:InlinableSubroutineCall>
        <xaif:InlinableSubroutineCall subroutine_name="Pop" statement_id="inline_pop">
          <xaif:ArgumentSubstitute position="1" active="false" deriv="0">
            <xaif:SymbolReference vertex_id="1" symbol_id="test_prefixSymbol_1" scope_id="2"/>
          </xaif:ArgumentSubstitute>
        </xaif:InlinableSubroutineCall>
        <xaif:InlinableSubroutineCall subroutine_name="Saxpy" statement_id="inline_saxpy">
          <xaif:ArgumentSubstitute position="1" active="false" deriv="0">
            <xaif:SymbolReference vertex_id="1" symbol_id="test_prefixSymbol_1" scope_id="2"/>
          </xaif:ArgumentSubstitute>
          <xaif:ArgumentSubstitute position="2" active="true" deriv="0">
            <xaif:SymbolReference vertex_id="1" symbol_id="t2" scope_id="2"/>
          </xaif:ArgumentSubstitute>
          <xaif:ArgumentSubstitute position="3" active="true" deriv="0">
            <xaif:SymbolReference vertex_id="1" symbol_id="test_prefixSymbol_17" scope_id="1"/>
          </xaif:ArgumentSubstitute>
        </xaif:InlinableSubroutineCall>
        <xaif:InlinableSubroutineCall subroutine_name="ZeroDeriv" statement_id="inline_zeroderiv">
          <xaif:ArgumentSubstitute position="1" active="true" deriv="0">
            <xaif:SymbolReference vertex_id="1" symbol_id="t2" scope_id="2"/>
          </xaif:ArgumentSubstitute>
        </xaif:InlinableSubroutineCall>
        <xaif:Assignment statement_id="tape_adjoint_constant_assignment" active="0">
          <xaif:AssignmentLHS active="false" deriv="0">
            <xaif:SymbolReference vertex_id="1" symbol_id="test_prefixSymbol_2" scope_id="2"/>
          </xaif:AssignmentLHS>
          <xaif:AssignmentRHS>
            <xaif:Constant vertex_id="1" type="integer" value="6357097"/>
          </xaif:AssignmentRHS>
        </xaif:Assignment>
        <xaif:InlinableSubroutineCall subroutine_name="Saxpy" statement_id="inline_saxpy">
          <xaif:ArgumentSubstitute position="1" active="false" deriv="0">
            <xaif:SymbolReference vertex_id="1" symbol_id="test_prefixSymbol_2" scope_id="2"/>
          </xaif:ArgumentSubstitute>
          <xaif:ArgumentSubstitute position="2" active="true" deriv="0">
            <xaif:SymbolReference vertex_id="1" symbol_id="test_prefixSymbol_17" scope_id="1"/>
          </xaif:ArgumentSubstitute>
          <xaif:ArgumentSubstitute position="3" active="true" deriv="0">
            <xaif:SymbolReference vertex_id="1" symbol_id="t1" scope_id="2"/>
          </xaif:ArgumentSubstitute>
        </xaif:InlinableSubroutineCall>
        <xaif:InlinableSubroutineCall subroutine_name="ZeroDeriv" statement_id="inline_zeroderiv">
          <xaif:ArgumentSubstitute position="1" active="true" deriv="0">
            <xaif:SymbolReference vertex_id="1" symbol_id="test_prefixSymbol_17" scope_id="1"/>
          </xaif:ArgumentSubstitute>
        </xaif:InlinableSubroutineCall>
        <xaif:Assignment statement_id="tape_adjoint_constant_assignment" active="0">
          <xaif:AssignmentLHS active="false" deriv="0">
            <xaif:SymbolReference vertex_id="1" symbol_id="test_prefixSymbol_3" scope_id="2"/>
          </xaif:AssignmentLHS>
          <xaif:AssignmentRHS>
            <xaif:Constant vertex_id="1" type="integer" value="6619248"/>
          </xaif:AssignmentRHS>
        </xaif:Assignment>
        <xaif:InlinableSubroutineCall subroutine_name="Saxpy" statement_id="inline_saxpy">
          <xaif:ArgumentSubstitute position="1" active="false" deriv="0">
            <xaif:SymbolReference vertex_id="1" symbol_id="test_prefixSymbol_3" scope_id="2"/>
          </xaif:ArgumentSubstitute>
          <xaif:ArgumentSubstitute position="2" active="true" deriv="0">
            <xaif:SymbolReference vertex_id="1" symbol_id="test_prefixSymbol_19" scope_id="1"/>
          </xaif:ArgumentSubstitute>
          <xaif:ArgumentSubstitute position="3" active="true" deriv="0">
            <xaif:SymbolReference vertex_id="1" symbol_id="x" scope_id="2"/>
          </xaif:ArgumentSubstitute>
        </xaif:InlinableSubroutineCall>
        <xaif:InlinableSubroutineCall subroutine_name="ZeroDeriv" statement_id="inline_zeroderiv">
          <xaif:ArgumentSubstitute position="1" active="true" deriv="0">
            <xaif:SymbolReference vertex_id="1" symbol_id="test_prefixSymbol_19" scope_id="1"/>
          </xaif:ArgumentSubstitute>
        </xaif:InlinableSubroutineCall>
        <xaif:InlinableSubroutineCall subroutine_name="Pop" statement_id="inline_pop">
          <xaif:ArgumentSubstitute position="1" active="false" deriv="0">
            <xaif:SymbolReference vertex_id="1" symbol_id="test_prefixSymbol_4" scope_id="2"/>
          </xaif:ArgumentSubstitute>
        </xaif:InlinableSubroutineCall>
        <xaif:InlinableSubroutineCall subroutine_name="Saxpy" statement_id="inline_saxpy">
          <xaif:ArgumentSubstitute position="1" active="false" deriv="0">
            <xaif:SymbolReference vertex_id="1" symbol_id="test_prefixSymbol_4" scope_id="2"/>
          </xaif:ArgumentSubstitute>
          <xaif:ArgumentSubstitute position="2" active="true" deriv="0">
            <xaif:SymbolReference vertex_id="1" symbol_id="t1" scope_id="2"/>
          </xaif:ArgumentSubstitute>
          <xaif:ArgumentSubstitute position="3" active="true" deriv="0">
            <xaif:SymbolReference vertex_id="1" symbol_id="test_prefixSymbol_15" scope_id="1"/>
          </xaif:ArgumentSubstitute>
        </xaif:InlinableSubroutineCall>
        <xaif:InlinableSubroutineCall subroutine_name="Pop" statement_id="inline_pop">
          <xaif:ArgumentSubstitute position="1" active="false" deriv="0">
            <xaif:SymbolReference vertex_id="1" symbol_id="test_prefixSymbol_5" scope_id="2"/>
          </xaif:ArgumentSubstitute>
        </xaif:InlinableSubroutineCall>
        <xaif:InlinableSubroutineCall subroutine_name="Saxpy" statement_id="inline_saxpy">
          <xaif:ArgumentSubstitute position="1" active="false" deriv="0">
            <xaif:SymbolReference vertex_id="1" symbol_id="test_prefixSymbol_5" scope_id="2"/>
          </xaif:ArgumentSubstitute>
          <xaif:ArgumentSubstitute position="2" active="true" deriv="0">
            <xaif:SymbolReference vertex_id="1" symbol_id="t1" scope_id="2"/>
          </xaif:ArgumentSubstitute>
          <xaif:ArgumentSubstitute position="3" active="true" deriv="0">
            <xaif:SymbolReference vertex_id="1" symbol_id="test_prefixSymbol_13" scope_id="1"/>
          </xaif:ArgumentSubstitute>
        </xaif:InlinableSubroutineCall>
        <xaif:InlinableSubroutineCall subroutine_name="ZeroDeriv" statement_id="inline_zeroderiv">
          <xaif:ArgumentSubstitute position="1" active="true" deriv="0">
            <xaif:SymbolReference vertex_id="1" symbol_id="t1" scope_id="2"/>
          </xaif:ArgumentSubstitute>
        </xaif:InlinableSubroutineCall>
        <xaif:Assignment statement_id="tape_adjoint_constant_assignment" active="0">
          <xaif:AssignmentLHS active="false" deriv="0">
            <xaif:SymbolReference vertex_id="1" symbol_id="test_prefixSymbol_6" scope_id="2"/>
          </xaif:AssignmentLHS>
          <xaif:AssignmentRHS>
            <xaif:Constant vertex_id="1" type="integer" value="0"/>
          </xaif:AssignmentRHS>
        </xaif:Assignment>
        <xaif:InlinableSubroutineCall subroutine_name="Saxpy" statement_id="inline_saxpy">
          <xaif:ArgumentSubstitute position="1" active="false" deriv="0">
            <xaif:SymbolReference vertex_id="1" symbol_id="test_prefixSymbol_6" scope_id="2"/>
          </xaif:ArgumentSubstitute>
          <xaif:ArgumentSubstitute position="2" active="true" deriv="0">
            <xaif:SymbolReference vertex_id="1" symbol_id="test_prefixSymbol_13" scope_id="1"/>
          </xaif:ArgumentSubstitute>
          <xaif:ArgumentSubstitute position="3" active="true" deriv="0">
            <xaif:SymbolReference vertex_id="1" symbol_id="x" scope_id="2"/>
          </xaif:ArgumentSubstitute>
        </xaif:InlinableSubroutineCall>
        <xaif:InlinableSubroutineCall subroutine_name="ZeroDeriv" statement_id="inline_zeroderiv">
          <xaif:ArgumentSubstitute position="1" active="true" deriv="0">
            <xaif:SymbolReference vertex_id="1" symbol_id="test_prefixSymbol_13" scope_id="1"/>
          </xaif:ArgumentSubstitute>
        </xaif:InlinableSubroutineCall>
        <xaif:Assignment statement_id="tape_adjoint_constant_assignment" active="0">
          <xaif:AssignmentLHS active="false" deriv="0">
            <xaif:SymbolReference vertex_id="1" symbol_id="test_prefixSymbol_7" scope_id="2"/>
          </xaif:AssignmentLHS>
          <xaif:AssignmentRHS>
            <xaif:Constant vertex_id="1" type="integer" value="0"/>
          </xaif:AssignmentRHS>
        </xaif:Assignment>
        <xaif:InlinableSubroutineCall subroutine_name="Saxpy" statement_id="inline_saxpy">
          <xaif:ArgumentSubstitute position="1" active="false" deriv="0">
            <xaif:SymbolReference vertex_id="1" symbol_id="test_prefixSymbol_7" scope_id="2"/>
          </xaif:ArgumentSubstitute>
          <xaif:ArgumentSubstitute position="2" active="true" deriv="0">
            <xaif:SymbolReference vertex_id="1" symbol_id="test_prefixSymbol_15" scope_id="1"/>
          </xaif:ArgumentSubstitute>
          <xaif:ArgumentSubstitute position="3" active="true" deriv="0">
            <xaif:SymbolReference vertex_id="1" symbol_id="y" scope_id="2"/>
          </xaif:ArgumentSubstitute>
        </xaif:InlinableSubroutineCall>
        <xaif:InlinableSubroutineCall subroutine_name="ZeroDeriv" statement_id="inline_zeroderiv">
          <xaif:ArgumentSubstitute position="1" active="true" deriv="0">
            <xaif:SymbolReference vertex_id="1" symbol_id="test_prefixSymbol_15" scope_id="1"/>
          </xaif:ArgumentSubstitute>
        </xaif:InlinableSubroutineCall>
      </xaif:BasicBlock>
      <xaif:EndLoop vertex_id="4" annotation=""/>
      <xaif:Exit vertex_id="5" annotation=""/>
      <xaif:ControlFlowEdge edge_id="1" source="1" target="2" has_condition_value="0" condition_value="1"/>
      <xaif:ControlFlowEdge edge_id="2" source="2" target="3" has_condition_value="0" condition_value="1"/>
      <xaif:ControlFlowEdge edge_id="3" source="3" target="4" has_condition_value="0" condition_value="1"/>
      <xaif:ControlFlowEdge edge_id="4" source="4" target="2" has_condition_value="0" condition_value="1"/>
      <xaif:ControlFlowEdge edge_id="5" source="2" target="5" has_condition_value="0" condition_value="1"/>
    </xaif:ControlFlowGraph>
    <xaif:ControlFlowGraph vertex_id="2" symbol_id="my_add" scope_id="1" annotation="" active="1">
      <xaif:ArgumentList>
        <xaif:ArgumentSymbolReference position="1" symbol_id="u1" scope_id="3" active="1" intent="inout"/>
        <xaif:ArgumentSymbolReference position="2" symbol_id="u2" scope_id="3" active="1" intent="inout"/>
        <xaif:ArgumentSymbolReference position="3" symbol_id="v" scope_id="3" active="1" intent="inout"/>
      </xaif:ArgumentList>
      <xaif:Entry vertex_id="1" annotation=""/>
      <xaif:BasicBlock vertex_id="2" annotation="" scope_id="3">
        <xaif:InlinableSubroutineCall subroutine_name="Pop" statement_id="inline_pop">
          <xaif:ArgumentSubstitute position="1" active="false" deriv="0">
            <xaif:SymbolReference vertex_id="1" symbol_id="test_prefixSymbol_0" scope_id="3"/>
          </xaif:ArgumentSubstitute>
        </xaif:InlinableSubroutineCall>
        <xaif:InlinableSubroutineCall subroutine_name="Saxpy" statement_id="inline_saxpy">
          <xaif:ArgumentSubstitute position="1" active="false" deriv="0">
            <xaif:SymbolReference vertex_id="1" symbol_id="test_prefixSymbol_0" scope_id="3"/>
          </xaif:ArgumentSubstitute>
          <xaif:ArgumentSubstitute position="2" active="true" deriv="0">
            <xaif:SymbolReference vertex_id="1" symbol_id="v" scope_id="3"/>
          </xaif:ArgumentSubstitute>
          <xaif:ArgumentSubstitute position="3" active="true" deriv="0">
            <xaif:SymbolReference vertex_id="1" symbol_id="test_prefixSymbol_23" scope_id="1"/>
          </xaif:ArgumentSubstitute>
        </xaif:InlinableSubroutineCall>
        <xaif:InlinableSubroutineCall subroutine_name="Pop" statement_id="inline_pop">
          <xaif:ArgumentSubstitute position="1" active="false" deriv="0">
            <xaif:SymbolReference vertex_id="1" symbol_id="test_prefixSymbol_1" scope_id="3"/>
          </xaif:ArgumentSubstitute>
        </xaif:InlinableSubroutineCall>
        <xaif:InlinableSubroutineCall subroutine_name="Saxpy" statement_id="inline_saxpy">
          <xaif:ArgumentSubstitute position="1" active="false" deriv="0">
            <xaif:SymbolReference vertex_id="1" symbol_id="test_prefixSymbol_1" scope_id="3"/>
          </xaif:ArgumentSubstitute>
          <xaif:ArgumentSubstitute position="2" active="true" deriv="0">
            <xaif:SymbolReference vertex_id="1" symbol_id="v" scope_id="3"/>
          </xaif:ArgumentSubstitute>
          <xaif:ArgumentSubstitute position="3" active="true" deriv="0">
            <xaif:SymbolReference vertex_id="1" symbol_id="test_prefixSymbol_21" scope_id="1"/>
          </xaif:ArgumentSubstitute>
        </xaif:InlinableSubroutineCall>
        <xaif:InlinableSubroutineCall subroutine_name="ZeroDeriv" statement_id="inline_zeroderiv">
          <xaif:ArgumentSubstitute position="1" active="true" deriv="0">
            <xaif:SymbolReference vertex_id="1" symbol_id="v" scope_id="3"/>
          </xaif:ArgumentSubstitute>
        </xaif:InlinableSubroutineCall>
        <xaif:Assignment statement_id="tape_adjoint_constant_assignment" active="0">
          <xaif:AssignmentLHS active="false" deriv="0">
            <xaif:SymbolReference vertex_id="1" symbol_id="test_prefixSymbol_2" scope_id="3"/>
          </xaif:AssignmentLHS>
          <xaif:AssignmentRHS>
            <xaif:Constant vertex_id="1" type="integer" value="136484816"/>
          </xaif:AssignmentRHS>
        </xaif:Assignment>
        <xaif:InlinableSubroutineCall subroutine_name="Saxpy" statement_id="inline_saxpy">
          <xaif:ArgumentSubstitute position="1" active="false" deriv="0">
            <xaif:SymbolReference vertex_id="1" symbol_id="test_prefixSymbol_2" scope_id="3"/>
          </xaif:ArgumentSubstitute>
          <xaif:ArgumentSubstitute position="2" active="true" deriv="0">
            <xaif:SymbolReference vertex_id="1" symbol_id="test_prefixSymbol_21" scope_id="1"/>
          </xaif:ArgumentSubstitute>
          <xaif:ArgumentSubstitute position="3" active="true" deriv="0">
            <xaif:SymbolReference vertex_id="1" symbol_id="u1" scope_id="3"/>
          </xaif:ArgumentSubstitute>
        </xaif:InlinableSubroutineCall>
        <xaif:InlinableSubroutineCall subroutine_name="ZeroDeriv" statement_id="inline_zeroderiv">
          <xaif:ArgumentSubstitute position="1" active="true" deriv="0">
            <xaif:SymbolReference vertex_id="1" symbol_id="test_prefixSymbol_21" scope_id="1"/>
          </xaif:ArgumentSubstitute>
        </xaif:InlinableSubroutineCall>
        <xaif:Assignment statement_id="tape_adjoint_constant_assignment" active="0">
          <xaif:AssignmentLHS active="false" deriv="0">
            <xaif:SymbolReference vertex_id="1" symbol_id="test_prefixSymbol_3" scope_id="3"/>
          </xaif:AssignmentLHS>
          <xaif:AssignmentRHS>
            <xaif:Constant vertex_id="1" type="integer" value="175"/>
          </xaif:AssignmentRHS>
        </xaif:Assignment>
        <xaif:InlinableSubroutineCall subroutine_name="Saxpy" statement_id="inline_saxpy">
          <xaif:ArgumentSubstitute position="1" active="false" deriv="0">
            <xaif:SymbolReference vertex_id="1" symbol_id="test_prefixSymbol_3" scope_id="3"/>
          </xaif:ArgumentSubstitute>
          <xaif:ArgumentSubstitute position="2" active="true" deriv="0">
            <xaif:SymbolReference vertex_id="1" symbol_id="test_prefixSymbol_23" scope_id="1"/>
          </xaif:ArgumentSubstitute>
          <xaif:ArgumentSubstitute position="3" active="true" deriv="0">
            <xaif:SymbolReference vertex_id="1" symbol_id="u2" scope_id="3"/>
          </xaif:ArgumentSubstitute>
        </xaif:InlinableSubroutineCall>
        <xaif:InlinableSubroutineCall subroutine_name="ZeroDeriv" statement_id="inline_zeroderiv">
          <xaif:ArgumentSubstitute position="1" active="true" deriv="0">
            <xaif:SymbolReference vertex_id="1" symbol_id="test_prefixSymbol_23" scope_id="1"/>
          </xaif:ArgumentSubstitute>
        </xaif:InlinableSubroutineCall>
      </xaif:BasicBlock>
      <xaif:Exit vertex_id="3" annotation=""/>
    </xaif:ControlFlowGraph>
    <xaif:CallGraphEdge edge_id="1" source="1" target="2"/>
  </xaif:CallGraph>
